Archive member included to satisfy reference by file (symbol)

I:/ARM-GN~1.3/133167~1.3RE/bin/../lib/gcc/arm-none-eabi/13.3.1/thumb/v7e-m+fp/hard\libgcc.a(_arm_addsubdf3.o)
                              CMakeFiles/STM32F411CEU6.elf.dir/USER/Module/Dwt/drv_dwt.c.obj (__aeabi_ui2d)
I:/ARM-GN~1.3/133167~1.3RE/bin/../lib/gcc/arm-none-eabi/13.3.1/thumb/v7e-m+fp/hard\libgcc.a(_arm_muldivdf3.o)
                              CMakeFiles/STM32F411CEU6.elf.dir/USER/Module/Dwt/drv_dwt.c.obj (__aeabi_ddiv)
I:/ARM-GN~1.3/133167~1.3RE/bin/../lib/gcc/arm-none-eabi/13.3.1/thumb/v7e-m+fp/hard\libgcc.a(_arm_addsubsf3.o)
                              CMakeFiles/STM32F411CEU6.elf.dir/USER/Module/Dwt/drv_dwt.c.obj (__aeabi_ul2f)
I:/ARM-GN~1.3/133167~1.3RE/bin/../lib/gcc/arm-none-eabi/13.3.1/thumb/v7e-m+fp/hard\libgcc.a(_aeabi_uldivmod.o)
                              CMakeFiles/STM32F411CEU6.elf.dir/Drivers/STM32F4xx_HAL_Driver/Src/stm32f4xx_hal_rcc.c.obj (__aeabi_uldivmod)
I:/ARM-GN~1.3/133167~1.3RE/bin/../lib/gcc/arm-none-eabi/13.3.1/thumb/v7e-m+fp/hard\libgcc.a(_fixunssfdi.o)
                              CMakeFiles/STM32F411CEU6.elf.dir/USER/Module/Dwt/drv_dwt.c.obj (__aeabi_f2ulz)
I:/ARM-GN~1.3/133167~1.3RE/bin/../lib/gcc/arm-none-eabi/13.3.1/thumb/v7e-m+fp/hard\libgcc.a(_udivmoddi4.o)
                              I:/ARM-GN~1.3/133167~1.3RE/bin/../lib/gcc/arm-none-eabi/13.3.1/thumb/v7e-m+fp/hard\libgcc.a(_aeabi_uldivmod.o) (__udivmoddi4)
I:/ARM-GN~1.3/133167~1.3RE/bin/../lib/gcc/arm-none-eabi/13.3.1/thumb/v7e-m+fp/hard\libgcc.a(_dvmd_tls.o)
                              I:/ARM-GN~1.3/133167~1.3RE/bin/../lib/gcc/arm-none-eabi/13.3.1/thumb/v7e-m+fp/hard\libgcc.a(_aeabi_uldivmod.o) (__aeabi_ldiv0)
I:/ARM-GN~1.3/133167~1.3RE/bin/../lib/gcc/arm-none-eabi/13.3.1/thumb/v7e-m+fp/hard\libgcc.a(_arm_fixunsdfsi.o)
                              I:/ARM-GN~1.3/133167~1.3RE/bin/../lib/gcc/arm-none-eabi/13.3.1/thumb/v7e-m+fp/hard\libgcc.a(_fixunssfdi.o) (__aeabi_d2uiz)
I:/ARM-GN~1.3/133167~1.3RE/bin/../lib/gcc/arm-none-eabi/13.3.1/thumb/v7e-m+fp/hard\libg.a(libc_a-exit.o)
                              I:/ARM-GN~1.3/133167~1.3RE/bin/../lib/gcc/arm-none-eabi/13.3.1/thumb/v7e-m+fp/hard/crt0.o (exit)
I:/ARM-GN~1.3/133167~1.3RE/bin/../lib/gcc/arm-none-eabi/13.3.1/thumb/v7e-m+fp/hard\libg.a(libc_a-findfp.o)
                              I:/ARM-GN~1.3/133167~1.3RE/bin/../lib/gcc/arm-none-eabi/13.3.1/thumb/v7e-m+fp/hard\libg.a(libc_a-exit.o) (__stdio_exit_handler)
I:/ARM-GN~1.3/133167~1.3RE/bin/../lib/gcc/arm-none-eabi/13.3.1/thumb/v7e-m+fp/hard\libg.a(libc_a-fwalk.o)
                              I:/ARM-GN~1.3/133167~1.3RE/bin/../lib/gcc/arm-none-eabi/13.3.1/thumb/v7e-m+fp/hard\libg.a(libc_a-findfp.o) (_fwalk_sglue)
I:/ARM-GN~1.3/133167~1.3RE/bin/../lib/gcc/arm-none-eabi/13.3.1/thumb/v7e-m+fp/hard\libg.a(libc_a-stdio.o)
                              I:/ARM-GN~1.3/133167~1.3RE/bin/../lib/gcc/arm-none-eabi/13.3.1/thumb/v7e-m+fp/hard\libg.a(libc_a-findfp.o) (__sread)
I:/ARM-GN~1.3/133167~1.3RE/bin/../lib/gcc/arm-none-eabi/13.3.1/thumb/v7e-m+fp/hard\libg.a(libc_a-vsnprintf.o)
                              CMakeFiles/STM32F411CEU6.elf.dir/USER/Task/USART/usart_task.c.obj (vsnprintf)
I:/ARM-GN~1.3/133167~1.3RE/bin/../lib/gcc/arm-none-eabi/13.3.1/thumb/v7e-m+fp/hard\libg.a(libc_a-memset.o)
                              I:/ARM-GN~1.3/133167~1.3RE/bin/../lib/gcc/arm-none-eabi/13.3.1/thumb/v7e-m+fp/hard/crt0.o (memset)
I:/ARM-GN~1.3/133167~1.3RE/bin/../lib/gcc/arm-none-eabi/13.3.1/thumb/v7e-m+fp/hard\libg.a(libc_a-closer.o)
                              I:/ARM-GN~1.3/133167~1.3RE/bin/../lib/gcc/arm-none-eabi/13.3.1/thumb/v7e-m+fp/hard\libg.a(libc_a-stdio.o) (_close_r)
I:/ARM-GN~1.3/133167~1.3RE/bin/../lib/gcc/arm-none-eabi/13.3.1/thumb/v7e-m+fp/hard\libg.a(libc_a-reent.o)
                              I:/ARM-GN~1.3/133167~1.3RE/bin/../lib/gcc/arm-none-eabi/13.3.1/thumb/v7e-m+fp/hard\libg.a(libc_a-closer.o) (errno)
I:/ARM-GN~1.3/133167~1.3RE/bin/../lib/gcc/arm-none-eabi/13.3.1/thumb/v7e-m+fp/hard\libg.a(libc_a-impure.o)
                              I:/ARM-GN~1.3/133167~1.3RE/bin/../lib/gcc/arm-none-eabi/13.3.1/thumb/v7e-m+fp/hard\libg.a(libc_a-vsnprintf.o) (_impure_ptr)
I:/ARM-GN~1.3/133167~1.3RE/bin/../lib/gcc/arm-none-eabi/13.3.1/thumb/v7e-m+fp/hard\libg.a(libc_a-lseekr.o)
                              I:/ARM-GN~1.3/133167~1.3RE/bin/../lib/gcc/arm-none-eabi/13.3.1/thumb/v7e-m+fp/hard\libg.a(libc_a-stdio.o) (_lseek_r)
I:/ARM-GN~1.3/133167~1.3RE/bin/../lib/gcc/arm-none-eabi/13.3.1/thumb/v7e-m+fp/hard\libg.a(libc_a-readr.o)
                              I:/ARM-GN~1.3/133167~1.3RE/bin/../lib/gcc/arm-none-eabi/13.3.1/thumb/v7e-m+fp/hard\libg.a(libc_a-stdio.o) (_read_r)
I:/ARM-GN~1.3/133167~1.3RE/bin/../lib/gcc/arm-none-eabi/13.3.1/thumb/v7e-m+fp/hard\libg.a(libc_a-writer.o)
                              I:/ARM-GN~1.3/133167~1.3RE/bin/../lib/gcc/arm-none-eabi/13.3.1/thumb/v7e-m+fp/hard\libg.a(libc_a-stdio.o) (_write_r)
[...]
Memory Configuration

Name             Origin             Length             Attributes
RAM              0x20000000         0x00020000         xrw
FLASH            0x08000000         0x00080000         xr
*default*        0x00000000         0xffffffff

Linker script and memory map

LOAD I:/ARM-GN~1.3/133167~1.3RE/bin/../lib/gcc/arm-none-eabi/13.3.1/thumb/v7e-m+fp/hard/crti.o
LOAD I:/ARM-GN~1.3/133167~1.3RE/bin/../lib/gcc/arm-none-eabi/13.3.1/thumb/v7e-m+fp/hard/crtbegin.o
LOAD I:/ARM-GN~1.3/133167~1.3RE/bin/../lib/gcc/arm-none-eabi/13.3.1/thumb/v7e-m+fp/hard/crt0.o
LOAD CMakeFiles/STM32F411CEU6.elf.dir/Core/Src/adc.c.obj
LOAD CMakeFiles/STM32F411CEU6.elf.dir/Core/Src/dma.c.obj
LOAD CMakeFiles/STM32F411CEU6.elf.dir/Core/Src/freertos.c.obj
LOAD CMakeFiles/STM32F411CEU6.elf.dir/Core/Src/gpio.c.obj
LOAD CMakeFiles/STM32F411CEU6.elf.dir/Core/Src/i2c.c.obj
LOAD CMakeFiles/STM32F411CEU6.elf.dir/Core/Src/main.c.obj
LOAD CMakeFiles/STM32F411CEU6.elf.dir/Core/Src/stm32f4xx_hal_msp.c.obj
LOAD CMakeFiles/STM32F411CEU6.elf.dir/Core/Src/stm32f4xx_hal_timebase_tim.c.obj
LOAD CMakeFiles/STM32F411CEU6.elf.dir/Core/Src/stm32f4xx_it.c.obj
LOAD CMakeFiles/STM32F411CEU6.elf.dir/Core/Src/syscalls.c.obj
LOAD CMakeFiles/STM32F411CEU6.elf.dir/Core/Src/sysmem.c.obj
LOAD CMakeFiles/STM32F411CEU6.elf.dir/Core/Src/system_stm32f4xx.c.obj
LOAD CMakeFiles/STM32F411CEU6.elf.dir/Core/Src/tim.c.obj
LOAD CMakeFiles/STM32F411CEU6.elf.dir/Core/Src/usart.c.obj
LOAD CMakeFiles/STM32F411CEU6.elf.dir/Core/Startup/startup_stm32f411ceux.s.obj
LOAD CMakeFiles/STM32F411CEU6.elf.dir/Drivers/STM32F4xx_HAL_Driver/Src/stm32f4xx_hal.c.obj
LOAD CMakeFiles/STM32F411CEU6.elf.dir/Drivers/STM32F4xx_HAL_Driver/Src/stm32f4xx_hal_adc.c.obj
LOAD CMakeFiles/STM32F411CEU6.elf.dir/Drivers/STM32F4xx_HAL_Driver/Src/stm32f4xx_hal_adc_ex.c.obj
LOAD CMakeFiles/STM32F411CEU6.elf.dir/Drivers/STM32F4xx_HAL_Driver/Src/stm32f4xx_hal_cortex.c.obj
LOAD CMakeFiles/STM32F411CEU6.elf.dir/Drivers/STM32F4xx_HAL_Driver/Src/stm32f4xx_hal_dma.c.obj
LOAD CMakeFiles/STM32F411CEU6.elf.dir/Drivers/STM32F4xx_HAL_Driver/Src/stm32f4xx_hal_dma_ex.c.obj
LOAD CMakeFiles/STM32F411CEU6.elf.dir/Drivers/STM32F4xx_HAL_Driver/Src/stm32f4xx_hal_exti.c.obj
LOAD CMakeFiles/STM32F411CEU6.elf.dir/Drivers/STM32F4xx_HAL_Driver/Src/stm32f4xx_hal_flash.c.obj
LOAD CMakeFiles/STM32F411CEU6.elf.dir/Drivers/STM32F4xx_HAL_Driver/Src/stm32f4xx_hal_flash_ex.c.obj
LOAD CMakeFiles/STM32F411CEU6.elf.dir/Drivers/STM32F4xx_HAL_Driver/Src/stm32f4xx_hal_flash_ramfunc.c.obj
LOAD CMakeFiles/STM32F411CEU6.elf.dir/Drivers/STM32F4xx_HAL_Driver/Src/stm32f4xx_hal_gpio.c.obj
LOAD CMakeFiles/STM32F411CEU6.elf.dir/Drivers/STM32F4xx_HAL_Driver/Src/stm32f4xx_hal_i2c.c.obj
LOAD CMakeFiles/STM32F411CEU6.elf.dir/Drivers/STM32F4xx_HAL_Driver/Src/stm32f4xx_hal_i2c_ex.c.obj
LOAD CMakeFiles/STM32F411CEU6.elf.dir/Drivers/STM32F4xx_HAL_Driver/Src/stm32f4xx_hal_pwr.c.obj
LOAD CMakeFiles/STM32F411CEU6.elf.dir/Drivers/STM32F4xx_HAL_Driver/Src/stm32f4xx_hal_pwr_ex.c.obj
LOAD CMakeFiles/STM32F411CEU6.elf.dir/Drivers/STM32F4xx_HAL_Driver/Src/stm32f4xx_hal_rcc.c.obj
LOAD CMakeFiles/STM32F411CEU6.elf.dir/Drivers/STM32F4xx_HAL_Driver/Src/stm32f4xx_hal_rcc_ex.c.obj
LOAD CMakeFiles/STM32F411CEU6.elf.dir/Drivers/STM32F4xx_HAL_Driver/Src/stm32f4xx_hal_tim.c.obj
LOAD CMakeFiles/STM32F411CEU6.elf.dir/Drivers/STM32F4xx_HAL_Driver/Src/stm32f4xx_hal_tim_ex.c.obj
LOAD CMakeFiles/STM32F411CEU6.elf.dir/Drivers/STM32F4xx_HAL_Driver/Src/stm32f4xx_hal_uart.c.obj
LOAD CMakeFiles/STM32F411CEU6.elf.dir/Drivers/STM32F4xx_HAL_Driver/Src/stm32f4xx_ll_adc.c.obj
LOAD CMakeFiles/STM32F411CEU6.elf.dir/Middlewares/Third_Party/FreeRTOS/Source/CMSIS_RTOS/cmsis_os.c.obj
LOAD CMakeFiles/STM32F411CEU6.elf.dir/Middlewares/Third_Party/FreeRTOS/Source/croutine.c.obj
LOAD CMakeFiles/STM32F411CEU6.elf.dir/Middlewares/Third_Party/FreeRTOS/Source/event_groups.c.obj
LOAD CMakeFiles/STM32F411CEU6.elf.dir/Middlewares/Third_Party/FreeRTOS/Source/list.c.obj
LOAD CMakeFiles/STM32F411CEU6.elf.dir/Middlewares/Third_Party/FreeRTOS/Source/portable/GCC/ARM_CM4F/port.c.obj
LOAD CMakeFiles/STM32F411CEU6.elf.dir/Middlewares/Third_Party/FreeRTOS/Source/portable/MemMang/heap_4.c.obj
LOAD CMakeFiles/STM32F411CEU6.elf.dir/Middlewares/Third_Party/FreeRTOS/Source/queue.c.obj
LOAD CMakeFiles/STM32F411CEU6.elf.dir/Middlewares/Third_Party/FreeRTOS/Source/stream_buffer.c.obj
LOAD CMakeFiles/STM32F411CEU6.elf.dir/Middlewares/Third_Party/FreeRTOS/Source/tasks.c.obj
LOAD CMakeFiles/STM32F411CEU6.elf.dir/Middlewares/Third_Party/FreeRTOS/Source/timers.c.obj
LOAD CMakeFiles/STM32F411CEU6.elf.dir/USER/Algorithm/Crc8_Crc16/crc8_crc16.c.obj
LOAD CMakeFiles/STM32F411CEU6.elf.dir/USER/Algorithm/Filter/filter.c.obj
LOAD CMakeFiles/STM32F411CEU6.elf.dir/USER/Algorithm/KalmanFilterOne/KalmanFilterOne.c.obj
LOAD CMakeFiles/STM32F411CEU6.elf.dir/USER/Module/Board_Device/Board_ADC_Voltage/adc_voltage.c.obj
LOAD CMakeFiles/STM32F411CEU6.elf.dir/USER/Module/Dwt/drv_dwt.c.obj
LOAD CMakeFiles/STM32F411CEU6.elf.dir/USER/Module/IIC/Hardware_IIC/Hardware_i2c1.c.obj
LOAD CMakeFiles/STM32F411CEU6.elf.dir/USER/Module/IIC/Virtual_IIC/iic1.c.obj
LOAD CMakeFiles/STM32F411CEU6.elf.dir/USER/Module/IIC/Virtual_IIC/iic2.c.obj
LOAD CMakeFiles/STM32F411CEU6.elf.dir/USER/Module/IIC/Virtual_IIC/iic3.c.obj
LOAD CMakeFiles/STM32F411CEU6.elf.dir/USER/Module/IIC/Virtual_IIC/iic4.c.obj
LOAD CMakeFiles/STM32F411CEU6.elf.dir/USER/Module/TIM_Delay/tim_delay.c.obj
LOAD CMakeFiles/STM32F411CEU6.elf.dir/USER/Task/Algorithm/algorithm_task.c.obj
LOAD CMakeFiles/STM32F411CEU6.elf.dir/USER/Task/Robot_Config/robot.c.obj
LOAD CMakeFiles/STM32F411CEU6.elf.dir/USER/Task/USART/usart_task.c.obj
LOAD CMakeFiles/STM32F411CEU6.elf.dir/USER/Task/USART_Send/send_task.c.obj
LOAD D:\GitHub_Project\STM32F411CEU6_UserControl\Middlewares\ST\ARM\DSP\Lib\libarm_cortexM4lf_math.a
START GROUP
LOAD I:/ARM-GN~1.3/133167~1.3RE/bin/../lib/gcc/arm-none-eabi/13.3.1/thumb/v7e-m+fp/hard\libgcc.a
LOAD I:/ARM-GN~1.3/133167~1.3RE/bin/../lib/gcc/arm-none-eabi/13.3.1/thumb/v7e-m+fp/hard\libg.a
LOAD I:/ARM-GN~1.3/133167~1.3RE/bin/../lib/gcc/arm-none-eabi/13.3.1/thumb/v7e-m+fp/hard\libc.a
END GROUP
LOAD I:/ARM-GN~1.3/133167~1.3RE/bin/../lib/gcc/arm-none-eabi/13.3.1/thumb/v7e-m+fp/hard/crtend.o
LOAD I:/ARM-GN~1.3/133167~1.3RE/bin/../lib/gcc/arm-none-eabi/13.3.1/thumb/v7e-m+fp/hard/crtn.o
                0x20020000                        _estack = (ORIGIN (RAM) + LENGTH (RAM))
                0x00001000                        _Min_Heap_Size = 0x1000
                0x00001000                        _Min_Stack_Size = 0x1000

.isr_vector     0x08000000      0x198
                0x08000000                        . = ALIGN (0x4)
 *(.isr_vector)
 .isr_vector    0x08000000      0x198 CMakeFiles/STM32F411CEU6.elf.dir/Core/Startup/startup_stm32f411ceux.s.obj
                0x08000000                g_pfnVectors
                0x08000198                        . = ALIGN (0x4)

.text           0x080001c0     0xec90
                0x080001c0                        . = ALIGN (0x4)
 *(.text)
 .text          0x080001c0      0x378 I:/ARM-GN~1.3/133167~1.3RE/bin/../lib/gcc/arm-none-eabi/13.3.1/thumb/v7e-m+fp/hard\libgcc.a(_arm_addsubdf3.o)
                0x080001c0                __aeabi_drsub
                0x080001c8                __aeabi_dsub
                0x080001c8                __subdf3
                0x080001cc                __aeabi_dadd
                0x080001cc                __adddf3
                0x08000444                __floatunsidf
                0x08000444                __aeabi_ui2d
                0x08000464                __floatsidf
                0x08000464                __aeabi_i2d
                0x08000488                __aeabi_f2d
                0x08000488                __extendsfdf2
                0x080004cc                __floatundidf
                0x080004cc                __aeabi_ul2d
                0x080004dc                __floatdidf
                0x080004dc                __aeabi_l2d
 .text          0x08000538      0x424 I:/ARM-GN~1.3/133167~1.3RE/bin/../lib/gcc/arm-none-eabi/13.3.1/thumb/v7e-m+fp/hard\libgcc.a(_arm_muldivdf3.o)
                0x08000538                __aeabi_dmul
                0x08000538                __muldf3
                0x0800078c                __divdf3
                0x0800078c                __aeabi_ddiv
 .text          0x0800095c      0x21c I:/ARM-GN~1.3/133167~1.3RE/bin/../lib/gcc/arm-none-eabi/13.3.1/thumb/v7e-m+fp/hard\libgcc.a(_arm_addsubsf3.o)
                0x0800095c                __aeabi_frsub
                0x08000964                __subsf3
                0x08000964                __aeabi_fsub
                0x08000968                __aeabi_fadd
                0x08000968                __addsf3
                0x08000ac8                __aeabi_ui2f
                0x08000ac8                __floatunsisf
                0x08000ad0                __aeabi_i2f
                0x08000ad0                __floatsisf
                0x08000aec                __aeabi_ul2f
                0x08000aec                __floatundisf
                0x08000afc                __aeabi_l2f
                0x08000afc                __floatdisf
 .text          0x08000b78       0x30 I:/ARM-GN~1.3/133167~1.3RE/bin/../lib/gcc/arm-none-eabi/13.3.1/thumb/v7e-m+fp/hard\libgcc.a(_aeabi_uldivmod.o)
                0x08000b78                __aeabi_uldivmod
 .text          0x08000ba8        0x4 I:/ARM-GN~1.3/133167~1.3RE/bin/../lib/gcc/arm-none-eabi/13.3.1/thumb/v7e-m+fp/hard\libgcc.a(_dvmd_tls.o)
                0x08000ba8                __aeabi_idiv0
                0x08000ba8                __aeabi_ldiv0
 .text          0x08000bac      0x134 I:/ARM-GN~1.3/133167~1.3RE/bin/../lib/gcc/arm-none-eabi/13.3.1/thumb/v7e-m+fp/hard\libg.a(libc_a-memcpy.o)
                0x08000bac                memcpy
 .text          0x08000ce0       0xa0 I:/ARM-GN~1.3/133167~1.3RE/bin/../lib/gcc/arm-none-eabi/13.3.1/thumb/v7e-m+fp/hard\libg.a(libc_a-memchr.o)
                0x08000ce0                memchr
 .text          0x08000d80       0xd8 I:/ARM-GN~1.3/133167~1.3RE/bin/../lib/gcc/arm-none-eabi/13.3.1/thumb/v7e-m+fp/hard\libg.a(libc_a-strlen.o)
                0x08000d80                strlen
 .text          0x08000e58      0x110 I:/ARM-GN~1.3/133167~1.3RE/bin/../lib/gcc/arm-none-eabi/13.3.1/thumb/v7e-m+fp/hard\libgcc.a(_arm_cmpdf2.o)
                0x08000e58                __gtdf2
                0x08000e58                __gedf2
                0x08000e60                __ltdf2
                0x08000e60                __ledf2
                0x08000e68                __nedf2
                0x08000e68                __eqdf2
                0x08000e68                __cmpdf2
                0x08000ee4                __aeabi_cdrcmple
                0x08000ef4                __aeabi_cdcmpeq
                0x08000ef4                __aeabi_cdcmple
                0x08000f04                __aeabi_dcmpeq
                0x08000f18                __aeabi_dcmplt
                0x08000f2c                __aeabi_dcmple
                0x08000f40                __aeabi_dcmpge
                0x08000f54                __aeabi_dcmpgt
 .text          0x08000f68       0x2c I:/ARM-GN~1.3/133167~1.3RE/bin/../lib/gcc/arm-none-eabi/13.3.1/thumb/v7e-m+fp/hard\libgcc.a(_arm_unorddf2.o)
                0x08000f68                __unorddf2
                0x08000f68                __aeabi_dcmpun
 .text          0x08000f94       0x50 I:/ARM-GN~1.3/133167~1.3RE/bin/../lib/gcc/arm-none-eabi/13.3.1/thumb/v7e-m+fp/hard\libgcc.a(_arm_fixdfsi.o)
                0x08000f94                __aeabi_d2iz
                0x08000f94                __fixdfsi
 *(.text*)
 .text.deregister_tm_clones
                0x08000fe4       0x1c I:/ARM-GN~1.3/133167~1.3RE/bin/../lib/gcc/arm-none-eabi/13.3.1/thumb/v7e-m+fp/hard/crtbegin.o
 .text.register_tm_clones
                0x08001000       0x24 I:/ARM-GN~1.3/133167~1.3RE/bin/../lib/gcc/arm-none-eabi/13.3.1/thumb/v7e-m+fp/hard/crtbegin.o
 .text.__do_global_dtors_aux
                0x08001024       0x28 I:/ARM-GN~1.3/133167~1.3RE/bin/../lib/gcc/arm-none-eabi/13.3.1/thumb/v7e-m+fp/hard/crtbegin.o
 .text.frame_dummy
                0x0800104c       0x24 I:/ARM-GN~1.3/133167~1.3RE/bin/../lib/gcc/arm-none-eabi/13.3.1/thumb/v7e-m+fp/hard/crtbegin.o
 .text.MX_ADC1_Init
                0x08001070       0x70 CMakeFiles/STM32F411CEU6.elf.dir/Core/Src/adc.c.obj
                0x08001070                MX_ADC1_Init
 .text.HAL_ADC_MspInit
                0x080010e0       0xac CMakeFiles/STM32F411CEU6.elf.dir/Core/Src/adc.c.obj
                0x080010e0                HAL_ADC_MspInit
 .text.MX_DMA_Init
                0x0800118c       0xa8 CMakeFiles/STM32F411CEU6.elf.dir/Core/Src/dma.c.obj
                0x0800118c                MX_DMA_Init
 .text.vApplicationGetIdleTaskMemory
                0x08001234       0x18 CMakeFiles/STM32F411CEU6.elf.dir/Core/Src/freertos.c.obj
                0x08001234                vApplicationGetIdleTaskMemory
 .text.MX_FREERTOS_Init
                0x0800124c       0x84 CMakeFiles/STM32F411CEU6.elf.dir/Core/Src/freertos.c.obj
                0x0800124c                MX_FREERTOS_Init
 .text.MX_GPIO_Init
                0x080012d0       0x80 CMakeFiles/STM32F411CEU6.elf.dir/Core/Src/gpio.c.obj
                0x080012d0                MX_GPIO_Init
 .text.MX_I2C1_Init
                0x08001350       0x3c CMakeFiles/STM32F411CEU6.elf.dir/Core/Src/i2c.c.obj
                0x08001350                MX_I2C1_Init
 .text.MX_I2C2_Init
                0x0800138c       0x3c CMakeFiles/STM32F411CEU6.elf.dir/Core/Src/i2c.c.obj
                0x0800138c                MX_I2C2_Init
 .text.MX_I2C3_Init
                0x080013c8       0x3c CMakeFiles/STM32F411CEU6.elf.dir/Core/Src/i2c.c.obj
                0x080013c8                MX_I2C3_Init
 .text.HAL_I2C_MspInit
                0x08001404      0x17c CMakeFiles/STM32F411CEU6.elf.dir/Core/Src/i2c.c.obj
                0x08001404                HAL_I2C_MspInit
 .text.HAL_TIM_PeriodElapsedCallback
                0x08001580       0x18 CMakeFiles/STM32F411CEU6.elf.dir/Core/Src/main.c.obj
                0x08001580                HAL_TIM_PeriodElapsedCallback
 .text.Error_Handler
                0x08001598        0x4 CMakeFiles/STM32F411CEU6.elf.dir/Core/Src/main.c.obj
                0x08001598                Error_Handler
 .text.SystemClock_Config
                0x0800159c       0xa4 CMakeFiles/STM32F411CEU6.elf.dir/Core/Src/main.c.obj
                0x0800159c                SystemClock_Config
 .text.main     0x08001640       0x48 CMakeFiles/STM32F411CEU6.elf.dir/Core/Src/main.c.obj
                0x08001640                main
 .text.HAL_MspInit
                0x08001688       0x44 CMakeFiles/STM32F411CEU6.elf.dir/Core/Src/stm32f4xx_hal_msp.c.obj
                0x08001688                HAL_MspInit
 .text.HAL_InitTick
                0x080016cc       0x94 CMakeFiles/STM32F411CEU6.elf.dir/Core/Src/stm32f4xx_hal_timebase_tim.c.obj
                0x080016cc                HAL_InitTick
 .text.NMI_Handler
                0x08001760        0x2 CMakeFiles/STM32F411CEU6.elf.dir/Core/Src/stm32f4xx_it.c.obj
                0x08001760                NMI_Handler
 .text.HardFault_Handler
                0x08001762        0x2 CMakeFiles/STM32F411CEU6.elf.dir/Core/Src/stm32f4xx_it.c.obj
                0x08001762                HardFault_Handler
 .text.MemManage_Handler
                0x08001764        0x2 CMakeFiles/STM32F411CEU6.elf.dir/Core/Src/stm32f4xx_it.c.obj
                0x08001764                MemManage_Handler
 .text.BusFault_Handler
                0x08001766        0x2 CMakeFiles/STM32F411CEU6.elf.dir/Core/Src/stm32f4xx_it.c.obj
                0x08001766                BusFault_Handler
 .text.UsageFault_Handler
                0x08001768        0x2 CMakeFiles/STM32F411CEU6.elf.dir/Core/Src/stm32f4xx_it.c.obj
                0x08001768                UsageFault_Handler
 .text.DebugMon_Handler
                0x0800176a        0x2 CMakeFiles/STM32F411CEU6.elf.dir/Core/Src/stm32f4xx_it.c.obj
                0x0800176a                DebugMon_Handler
 .text.DMA1_Stream5_IRQHandler
                0x0800176c       0x10 CMakeFiles/STM32F411CEU6.elf.dir/Core/Src/stm32f4xx_it.c.obj
                0x0800176c                DMA1_Stream5_IRQHandler
 .text.DMA1_Stream6_IRQHandler
                0x0800177c       0x10 CMakeFiles/STM32F411CEU6.elf.dir/Core/Src/stm32f4xx_it.c.obj
                0x0800177c                DMA1_Stream6_IRQHandler
 .text.TIM1_UP_TIM10_IRQHandler
                0x0800178c       0x10 CMakeFiles/STM32F411CEU6.elf.dir/Core/Src/stm32f4xx_it.c.obj
                0x0800178c                TIM1_UP_TIM10_IRQHandler
 .text.USART1_IRQHandler
                0x0800179c       0x10 CMakeFiles/STM32F411CEU6.elf.dir/Core/Src/stm32f4xx_it.c.obj
                0x0800179c                USART1_IRQHandler
 .text.USART2_IRQHandler
                0x080017ac       0x10 CMakeFiles/STM32F411CEU6.elf.dir/Core/Src/stm32f4xx_it.c.obj
                0x080017ac                USART2_IRQHandler
 .text.DMA2_Stream0_IRQHandler
                0x080017bc       0x10 CMakeFiles/STM32F411CEU6.elf.dir/Core/Src/stm32f4xx_it.c.obj
                0x080017bc                DMA2_Stream0_IRQHandler
 .text.DMA2_Stream1_IRQHandler
                0x080017cc       0x10 CMakeFiles/STM32F411CEU6.elf.dir/Core/Src/stm32f4xx_it.c.obj
                0x080017cc                DMA2_Stream1_IRQHandler
 .text.DMA2_Stream2_IRQHandler
                0x080017dc       0x10 CMakeFiles/STM32F411CEU6.elf.dir/Core/Src/stm32f4xx_it.c.obj
                0x080017dc                DMA2_Stream2_IRQHandler
 .text.DMA2_Stream6_IRQHandler
                0x080017ec       0x10 CMakeFiles/STM32F411CEU6.elf.dir/Core/Src/stm32f4xx_it.c.obj
                0x080017ec                DMA2_Stream6_IRQHandler
 .text.DMA2_Stream7_IRQHandler
                0x080017fc       0x10 CMakeFiles/STM32F411CEU6.elf.dir/Core/Src/stm32f4xx_it.c.obj
                0x080017fc                DMA2_Stream7_IRQHandler
 .text.USART6_IRQHandler
                0x0800180c       0x10 CMakeFiles/STM32F411CEU6.elf.dir/Core/Src/stm32f4xx_it.c.obj
                0x0800180c                USART6_IRQHandler
 .text._getpid  0x0800181c        0x4 CMakeFiles/STM32F411CEU6.elf.dir/Core/Src/syscalls.c.obj
                0x0800181c                _getpid
 .text._kill    0x08001820       0x10 CMakeFiles/STM32F411CEU6.elf.dir/Core/Src/syscalls.c.obj
                0x08001820                _kill
 .text._exit    0x08001830        0xc CMakeFiles/STM32F411CEU6.elf.dir/Core/Src/syscalls.c.obj
                0x08001830                _exit
 .text._read    0x0800183c       0x20 CMakeFiles/STM32F411CEU6.elf.dir/Core/Src/syscalls.c.obj
                0x0800183c                _read
 .text._write   0x0800185c       0x1c CMakeFiles/STM32F411CEU6.elf.dir/Core/Src/syscalls.c.obj
                0x0800185c                _write
 .text._close   0x08001878        0x6 CMakeFiles/STM32F411CEU6.elf.dir/Core/Src/syscalls.c.obj
                0x08001878                _close
 .text._fstat   0x0800187e        0xa CMakeFiles/STM32F411CEU6.elf.dir/Core/Src/syscalls.c.obj
                0x0800187e                _fstat
 .text._isatty  0x08001888        0x4 CMakeFiles/STM32F411CEU6.elf.dir/Core/Src/syscalls.c.obj
                0x08001888                _isatty
 .text._lseek   0x0800188c        0x4 CMakeFiles/STM32F411CEU6.elf.dir/Core/Src/syscalls.c.obj
                0x0800188c                _lseek
 .text._sbrk    0x08001890       0x48 CMakeFiles/STM32F411CEU6.elf.dir/Core/Src/sysmem.c.obj
                0x08001890                _sbrk
 .text.SystemInit
                0x080018d8       0x14 CMakeFiles/STM32F411CEU6.elf.dir/Core/Src/system_stm32f4xx.c.obj
                0x080018d8                SystemInit
 .text.MX_TIM2_Init
                0x080018ec       0x6c CMakeFiles/STM32F411CEU6.elf.dir/Core/Src/tim.c.obj
                0x080018ec                MX_TIM2_Init
 .text.HAL_TIM_Base_MspInit
                0x08001958       0x2c CMakeFiles/STM32F411CEU6.elf.dir/Core/Src/tim.c.obj
                0x08001958                HAL_TIM_Base_MspInit
 .text.HAL_TIM_PWM_MspInit
                0x08001984       0x54 CMakeFiles/STM32F411CEU6.elf.dir/Core/Src/tim.c.obj
                0x08001984                HAL_TIM_PWM_MspInit
 .text.HAL_TIM_MspPostInit
                0x080019d8       0x8c CMakeFiles/STM32F411CEU6.elf.dir/Core/Src/tim.c.obj
                0x080019d8                HAL_TIM_MspPostInit
 .text.MX_TIM3_Init
                0x08001a64       0x80 CMakeFiles/STM32F411CEU6.elf.dir/Core/Src/tim.c.obj
                0x08001a64                MX_TIM3_Init
 .text.MX_TIM5_Init
                0x08001ae4       0x84 CMakeFiles/STM32F411CEU6.elf.dir/Core/Src/tim.c.obj
                0x08001ae4                MX_TIM5_Init
 .text.MX_USART1_UART_Init
                0x08001b68       0x38 CMakeFiles/STM32F411CEU6.elf.dir/Core/Src/usart.c.obj
                0x08001b68                MX_USART1_UART_Init
 .text.MX_USART2_UART_Init
                0x08001ba0       0x34 CMakeFiles/STM32F411CEU6.elf.dir/Core/Src/usart.c.obj
                0x08001ba0                MX_USART2_UART_Init
 .text.MX_USART6_UART_Init
                0x08001bd4       0x34 CMakeFiles/STM32F411CEU6.elf.dir/Core/Src/usart.c.obj
                0x08001bd4                MX_USART6_UART_Init
 .text.HAL_UART_MspInit
                0x08001c08      0x2c8 CMakeFiles/STM32F411CEU6.elf.dir/Core/Src/usart.c.obj
                0x08001c08                HAL_UART_MspInit
 .text.Reset_Handler
                0x08001ed0       0x50 CMakeFiles/STM32F411CEU6.elf.dir/Core/Startup/startup_stm32f411ceux.s.obj
                0x08001ed0                Reset_Handler
 .text.Default_Handler
                0x08001f20        0x2 CMakeFiles/STM32F411CEU6.elf.dir/Core/Startup/startup_stm32f411ceux.s.obj
                0x08001f20                RTC_Alarm_IRQHandler
                0x08001f20                EXTI2_IRQHandler
                0x08001f20                SPI4_IRQHandler
                0x08001f20                TIM1_CC_IRQHandler
                0x08001f20                DMA2_Stream5_IRQHandler
                0x08001f20                PVD_IRQHandler
                0x08001f20                SDIO_IRQHandler
                0x08001f20                TAMP_STAMP_IRQHandler
                0x08001f20                EXTI3_IRQHandler
                0x08001f20                I2C3_ER_IRQHandler
                0x08001f20                EXTI0_IRQHandler
                0x08001f20                I2C2_EV_IRQHandler
                0x08001f20                DMA1_Stream2_IRQHandler
                0x08001f20                FPU_IRQHandler
                0x08001f20                SPI1_IRQHandler
                0x08001f20                TIM1_BRK_TIM9_IRQHandler
                0x08001f20                DMA2_Stream3_IRQHandler
                0x08001f20                TIM4_IRQHandler
                0x08001f20                I2C1_EV_IRQHandler
                0x08001f20                DMA1_Stream1_IRQHandler
                0x08001f20                TIM3_IRQHandler
                0x08001f20                RCC_IRQHandler
                0x08001f20                Default_Handler
                0x08001f20                EXTI15_10_IRQHandler
                0x08001f20                ADC_IRQHandler
                0x08001f20                DMA1_Stream7_IRQHandler
                0x08001f20                SPI5_IRQHandler
                0x08001f20                TIM5_IRQHandler
                0x08001f20                I2C3_EV_IRQHandler
                0x08001f20                EXTI9_5_IRQHandler
                0x08001f20                RTC_WKUP_IRQHandler
                0x08001f20                SPI2_IRQHandler
                0x08001f20                DMA1_Stream0_IRQHandler
                0x08001f20                EXTI4_IRQHandler
                0x08001f20                WWDG_IRQHandler
                0x08001f20                TIM2_IRQHandler
                0x08001f20                OTG_FS_WKUP_IRQHandler
                0x08001f20                TIM1_TRG_COM_TIM11_IRQHandler
                0x08001f20                EXTI1_IRQHandler
                0x08001f20                I2C2_ER_IRQHandler
                0x08001f20                FLASH_IRQHandler
                0x08001f20                DMA2_Stream4_IRQHandler
                0x08001f20                OTG_FS_IRQHandler
                0x08001f20                SPI3_IRQHandler
                0x08001f20                DMA1_Stream4_IRQHandler
                0x08001f20                I2C1_ER_IRQHandler
                0x08001f20                DMA1_Stream3_IRQHandler
 *fill*         0x08001f22        0x2 
 .text.HAL_Init
                0x08001f24       0x34 CMakeFiles/STM32F411CEU6.elf.dir/Drivers/STM32F4xx_HAL_Driver/Src/stm32f4xx_hal.c.obj
                0x08001f24                HAL_Init
 .text.HAL_IncTick
                0x08001f58       0x18 CMakeFiles/STM32F411CEU6.elf.dir/Drivers/STM32F4xx_HAL_Driver/Src/stm32f4xx_hal.c.obj
                0x08001f58                HAL_IncTick
 .text.HAL_GetTick
                0x08001f70        0xc CMakeFiles/STM32F411CEU6.elf.dir/Drivers/STM32F4xx_HAL_Driver/Src/stm32f4xx_hal.c.obj
                0x08001f70                HAL_GetTick
 .text.HAL_Delay
                0x08001f7c       0x28 CMakeFiles/STM32F411CEU6.elf.dir/Drivers/STM32F4xx_HAL_Driver/Src/stm32f4xx_hal.c.obj
                0x08001f7c                HAL_Delay
 .text.ADC_Init
                0x08001fa4      0x134 CMakeFiles/STM32F411CEU6.elf.dir/Drivers/STM32F4xx_HAL_Driver/Src/stm32f4xx_hal_adc.c.obj
 .text.HAL_ADC_Init
                0x080020d8       0x56 CMakeFiles/STM32F411CEU6.elf.dir/Drivers/STM32F4xx_HAL_Driver/Src/stm32f4xx_hal_adc.c.obj
                0x080020d8                HAL_ADC_Init
 *fill*         0x0800212e        0x2 
 .text.HAL_ADC_ConfigChannel
                0x08002130      0x1ac CMakeFiles/STM32F411CEU6.elf.dir/Drivers/STM32F4xx_HAL_Driver/Src/stm32f4xx_hal_adc.c.obj
                0x08002130                HAL_ADC_ConfigChannel
 .text.__NVIC_EnableIRQ
                0x080022dc       0x1c CMakeFiles/STM32F411CEU6.elf.dir/Drivers/STM32F4xx_HAL_Driver/Src/stm32f4xx_hal_cortex.c.obj
 .text.__NVIC_SetPriority
                0x080022f8       0x28 CMakeFiles/STM32F411CEU6.elf.dir/Drivers/STM32F4xx_HAL_Driver/Src/stm32f4xx_hal_cortex.c.obj
 .text.NVIC_EncodePriority
                0x08002320       0x3e CMakeFiles/STM32F411CEU6.elf.dir/Drivers/STM32F4xx_HAL_Driver/Src/stm32f4xx_hal_cortex.c.obj
 *fill*         0x0800235e        0x2 
 .text.HAL_NVIC_SetPriorityGrouping
                0x08002360       0x24 CMakeFiles/STM32F411CEU6.elf.dir/Drivers/STM32F4xx_HAL_Driver/Src/stm32f4xx_hal_cortex.c.obj
                0x08002360                HAL_NVIC_SetPriorityGrouping
 .text.HAL_NVIC_SetPriority
                0x08002384       0x20 CMakeFiles/STM32F411CEU6.elf.dir/Drivers/STM32F4xx_HAL_Driver/Src/stm32f4xx_hal_cortex.c.obj
                0x08002384                HAL_NVIC_SetPriority
 .text.HAL_NVIC_EnableIRQ
                0x080023a4        0x8 CMakeFiles/STM32F411CEU6.elf.dir/Drivers/STM32F4xx_HAL_Driver/Src/stm32f4xx_hal_cortex.c.obj
                0x080023a4                HAL_NVIC_EnableIRQ
 .text.DMA_SetConfig
                0x080023ac       0x2c CMakeFiles/STM32F411CEU6.elf.dir/Drivers/STM32F4xx_HAL_Driver/Src/stm32f4xx_hal_dma.c.obj
 .text.DMA_CalcBaseAndBitshift
                0x080023d8       0x3c CMakeFiles/STM32F411CEU6.elf.dir/Drivers/STM32F4xx_HAL_Driver/Src/stm32f4xx_hal_dma.c.obj
 .text.DMA_CheckFifoParam
                0x08002414       0x8e CMakeFiles/STM32F411CEU6.elf.dir/Drivers/STM32F4xx_HAL_Driver/Src/stm32f4xx_hal_dma.c.obj
 *fill*         0x080024a2        0x2 
 .text.HAL_DMA_Init
                0x080024a4       0xcc CMakeFiles/STM32F411CEU6.elf.dir/Drivers/STM32F4xx_HAL_Driver/Src/stm32f4xx_hal_dma.c.obj
                0x080024a4                HAL_DMA_Init
 .text.HAL_DMA_Start_IT
                0x08002570       0x6a CMakeFiles/STM32F411CEU6.elf.dir/Drivers/STM32F4xx_HAL_Driver/Src/stm32f4xx_hal_dma.c.obj
                0x08002570                HAL_DMA_Start_IT
 .text.HAL_DMA_Abort
                0x080025da       0x94 CMakeFiles/STM32F411CEU6.elf.dir/Drivers/STM32F4xx_HAL_Driver/Src/stm32f4xx_hal_dma.c.obj
                0x080025da                HAL_DMA_Abort
 .text.HAL_DMA_Abort_IT
                0x0800266e       0x26 CMakeFiles/STM32F411CEU6.elf.dir/Drivers/STM32F4xx_HAL_Driver/Src/stm32f4xx_hal_dma.c.obj
                0x0800266e                HAL_DMA_Abort_IT
 .text.HAL_DMA_IRQHandler
                0x08002694      0x1dc CMakeFiles/STM32F411CEU6.elf.dir/Drivers/STM32F4xx_HAL_Driver/Src/stm32f4xx_hal_dma.c.obj
                0x08002694                HAL_DMA_IRQHandler
 .text.HAL_GPIO_Init
                0x08002870      0x1c8 CMakeFiles/STM32F411CEU6.elf.dir/Drivers/STM32F4xx_HAL_Driver/Src/stm32f4xx_hal_gpio.c.obj
                0x08002870                HAL_GPIO_Init
 .text.HAL_GPIO_WritePin
                0x08002a38        0xc CMakeFiles/STM32F411CEU6.elf.dir/Drivers/STM32F4xx_HAL_Driver/Src/stm32f4xx_hal_gpio.c.obj
                0x08002a38                HAL_GPIO_WritePin
 .text.I2C_IsAcknowledgeFailed
                0x08002a44       0x32 CMakeFiles/STM32F411CEU6.elf.dir/Drivers/STM32F4xx_HAL_Driver/Src/stm32f4xx_hal_i2c.c.obj
 .text.I2C_WaitOnFlagUntilTimeout
                0x08002a76       0xaa CMakeFiles/STM32F411CEU6.elf.dir/Drivers/STM32F4xx_HAL_Driver/Src/stm32f4xx_hal_i2c.c.obj
 .text.I2C_WaitOnMasterAddressFlagUntilTimeout
                0x08002b20       0xd6 CMakeFiles/STM32F411CEU6.elf.dir/Drivers/STM32F4xx_HAL_Driver/Src/stm32f4xx_hal_i2c.c.obj
 .text.I2C_WaitOnTXEFlagUntilTimeout
                0x08002bf6       0x5e CMakeFiles/STM32F411CEU6.elf.dir/Drivers/STM32F4xx_HAL_Driver/Src/stm32f4xx_hal_i2c.c.obj
 .text.I2C_RequestMemoryWrite
                0x08002c54       0xd8 CMakeFiles/STM32F411CEU6.elf.dir/Drivers/STM32F4xx_HAL_Driver/Src/stm32f4xx_hal_i2c.c.obj
 .text.I2C_RequestMemoryRead
                0x08002d2c      0x154 CMakeFiles/STM32F411CEU6.elf.dir/Drivers/STM32F4xx_HAL_Driver/Src/stm32f4xx_hal_i2c.c.obj
 .text.I2C_WaitOnBTFFlagUntilTimeout
                0x08002e80       0x5e CMakeFiles/STM32F411CEU6.elf.dir/Drivers/STM32F4xx_HAL_Driver/Src/stm32f4xx_hal_i2c.c.obj
 .text.I2C_WaitOnRXNEFlagUntilTimeout
                0x08002ede       0x78 CMakeFiles/STM32F411CEU6.elf.dir/Drivers/STM32F4xx_HAL_Driver/Src/stm32f4xx_hal_i2c.c.obj
 *fill*         0x08002f56        0x2 
 .text.HAL_I2C_Init
                0x08002f58      0x1bc CMakeFiles/STM32F411CEU6.elf.dir/Drivers/STM32F4xx_HAL_Driver/Src/stm32f4xx_hal_i2c.c.obj
                0x08002f58                HAL_I2C_Init
 .text.HAL_I2C_Mem_Write
                0x08003114      0x164 CMakeFiles/STM32F411CEU6.elf.dir/Drivers/STM32F4xx_HAL_Driver/Src/stm32f4xx_hal_i2c.c.obj
                0x08003114                HAL_I2C_Mem_Write
 .text.HAL_I2C_Mem_Read
                0x08003278      0x2f8 CMakeFiles/STM32F411CEU6.elf.dir/Drivers/STM32F4xx_HAL_Driver/Src/stm32f4xx_hal_i2c.c.obj
                0x08003278                HAL_I2C_Mem_Read
 .text.HAL_RCC_OscConfig
                0x08003570      0x3f8 CMakeFiles/STM32F411CEU6.elf.dir/Drivers/STM32F4xx_HAL_Driver/Src/stm32f4xx_hal_rcc.c.obj
                0x08003570                HAL_RCC_OscConfig
 .text.HAL_RCC_GetSysClockFreq
                0x08003968       0xa8 CMakeFiles/STM32F411CEU6.elf.dir/Drivers/STM32F4xx_HAL_Driver/Src/stm32f4xx_hal_rcc.c.obj
                0x08003968                HAL_RCC_GetSysClockFreq
 .text.HAL_RCC_ClockConfig
                0x08003a10      0x160 CMakeFiles/STM32F411CEU6.elf.dir/Drivers/STM32F4xx_HAL_Driver/Src/stm32f4xx_hal_rcc.c.obj
                0x08003a10                HAL_RCC_ClockConfig
 .text.HAL_RCC_GetHCLKFreq
                0x08003b70        0xc CMakeFiles/STM32F411CEU6.elf.dir/Drivers/STM32F4xx_HAL_Driver/Src/stm32f4xx_hal_rcc.c.obj
                0x08003b70                HAL_RCC_GetHCLKFreq
 .text.HAL_RCC_GetPCLK1Freq
                0x08003b7c       0x20 CMakeFiles/STM32F411CEU6.elf.dir/Drivers/STM32F4xx_HAL_Driver/Src/stm32f4xx_hal_rcc.c.obj
                0x08003b7c                HAL_RCC_GetPCLK1Freq
 .text.HAL_RCC_GetPCLK2Freq
                0x08003b9c       0x20 CMakeFiles/STM32F411CEU6.elf.dir/Drivers/STM32F4xx_HAL_Driver/Src/stm32f4xx_hal_rcc.c.obj
                0x08003b9c                HAL_RCC_GetPCLK2Freq
 .text.HAL_RCC_GetClockConfig
                0x08003bbc       0x3c CMakeFiles/STM32F411CEU6.elf.dir/Drivers/STM32F4xx_HAL_Driver/Src/stm32f4xx_hal_rcc.c.obj
                0x08003bbc                HAL_RCC_GetClockConfig
 .text.TIM_OC1_SetConfig
                0x08003bf8       0x54 CMakeFiles/STM32F411CEU6.elf.dir/Drivers/STM32F4xx_HAL_Driver/Src/stm32f4xx_hal_tim.c.obj
 .text.TIM_OC3_SetConfig
                0x08003c4c       0x5c CMakeFiles/STM32F411CEU6.elf.dir/Drivers/STM32F4xx_HAL_Driver/Src/stm32f4xx_hal_tim.c.obj
 .text.TIM_OC4_SetConfig
                0x08003ca8       0x48 CMakeFiles/STM32F411CEU6.elf.dir/Drivers/STM32F4xx_HAL_Driver/Src/stm32f4xx_hal_tim.c.obj
 .text.TIM_TI1_ConfigInputStage
                0x08003cf0       0x26 CMakeFiles/STM32F411CEU6.elf.dir/Drivers/STM32F4xx_HAL_Driver/Src/stm32f4xx_hal_tim.c.obj
 .text.TIM_TI2_ConfigInputStage
                0x08003d16       0x28 CMakeFiles/STM32F411CEU6.elf.dir/Drivers/STM32F4xx_HAL_Driver/Src/stm32f4xx_hal_tim.c.obj
 .text.TIM_ITRx_SetConfig
                0x08003d3e       0x10 CMakeFiles/STM32F411CEU6.elf.dir/Drivers/STM32F4xx_HAL_Driver/Src/stm32f4xx_hal_tim.c.obj
 *fill*         0x08003d4e        0x2 
 .text.HAL_TIM_Base_Start
                0x08003d50       0x6c CMakeFiles/STM32F411CEU6.elf.dir/Drivers/STM32F4xx_HAL_Driver/Src/stm32f4xx_hal_tim.c.obj
                0x08003d50                HAL_TIM_Base_Start
 .text.HAL_TIM_Base_Start_IT
                0x08003dbc       0x78 CMakeFiles/STM32F411CEU6.elf.dir/Drivers/STM32F4xx_HAL_Driver/Src/stm32f4xx_hal_tim.c.obj
                0x08003dbc                HAL_TIM_Base_Start_IT
 .text.HAL_TIM_OC_DelayElapsedCallback
                0x08003e34        0x2 CMakeFiles/STM32F411CEU6.elf.dir/Drivers/STM32F4xx_HAL_Driver/Src/stm32f4xx_hal_tim.c.obj
                0x08003e34                HAL_TIM_OC_DelayElapsedCallback
 .text.HAL_TIM_IC_CaptureCallback
                0x08003e36        0x2 CMakeFiles/STM32F411CEU6.elf.dir/Drivers/STM32F4xx_HAL_Driver/Src/stm32f4xx_hal_tim.c.obj
                0x08003e36                HAL_TIM_IC_CaptureCallback
 .text.HAL_TIM_PWM_PulseFinishedCallback
                0x08003e38        0x2 CMakeFiles/STM32F411CEU6.elf.dir/Drivers/STM32F4xx_HAL_Driver/Src/stm32f4xx_hal_tim.c.obj
                0x08003e38                HAL_TIM_PWM_PulseFinishedCallback
 .text.HAL_TIM_TriggerCallback
                0x08003e3a        0x2 CMakeFiles/STM32F411CEU6.elf.dir/Drivers/STM32F4xx_HAL_Driver/Src/stm32f4xx_hal_tim.c.obj
                0x08003e3a                HAL_TIM_TriggerCallback
 .text.HAL_TIM_IRQHandler
                0x08003e3c      0x15e CMakeFiles/STM32F411CEU6.elf.dir/Drivers/STM32F4xx_HAL_Driver/Src/stm32f4xx_hal_tim.c.obj
                0x08003e3c                HAL_TIM_IRQHandler
 *fill*         0x08003f9a        0x2 
 .text.TIM_Base_SetConfig
                0x08003f9c       0xa4 CMakeFiles/STM32F411CEU6.elf.dir/Drivers/STM32F4xx_HAL_Driver/Src/stm32f4xx_hal_tim.c.obj
                0x08003f9c                TIM_Base_SetConfig
 .text.HAL_TIM_Base_Init
                0x08004040       0x58 CMakeFiles/STM32F411CEU6.elf.dir/Drivers/STM32F4xx_HAL_Driver/Src/stm32f4xx_hal_tim.c.obj
                0x08004040                HAL_TIM_Base_Init
 .text.HAL_TIM_PWM_Init
                0x08004098       0x58 CMakeFiles/STM32F411CEU6.elf.dir/Drivers/STM32F4xx_HAL_Driver/Src/stm32f4xx_hal_tim.c.obj
                0x08004098                HAL_TIM_PWM_Init
 .text.TIM_OC2_SetConfig
                0x080040f0       0x5c CMakeFiles/STM32F411CEU6.elf.dir/Drivers/STM32F4xx_HAL_Driver/Src/stm32f4xx_hal_tim.c.obj
                0x080040f0                TIM_OC2_SetConfig
 .text.HAL_TIM_PWM_ConfigChannel
                0x0800414c       0xdc CMakeFiles/STM32F411CEU6.elf.dir/Drivers/STM32F4xx_HAL_Driver/Src/stm32f4xx_hal_tim.c.obj
                0x0800414c                HAL_TIM_PWM_ConfigChannel
 .text.TIM_ETR_SetConfig
                0x08004228       0x1a CMakeFiles/STM32F411CEU6.elf.dir/Drivers/STM32F4xx_HAL_Driver/Src/stm32f4xx_hal_tim.c.obj
                0x08004228                TIM_ETR_SetConfig
 .text.HAL_TIM_ConfigClockSource
                0x08004242       0xfe CMakeFiles/STM32F411CEU6.elf.dir/Drivers/STM32F4xx_HAL_Driver/Src/stm32f4xx_hal_tim.c.obj
                0x08004242                HAL_TIM_ConfigClockSource
 .text.HAL_TIMEx_MasterConfigSynchronization
                0x08004340       0x7c CMakeFiles/STM32F411CEU6.elf.dir/Drivers/STM32F4xx_HAL_Driver/Src/stm32f4xx_hal_tim_ex.c.obj
                0x08004340                HAL_TIMEx_MasterConfigSynchronization
 .text.HAL_TIMEx_CommutCallback
                0x080043bc        0x2 CMakeFiles/STM32F411CEU6.elf.dir/Drivers/STM32F4xx_HAL_Driver/Src/stm32f4xx_hal_tim_ex.c.obj
                0x080043bc                HAL_TIMEx_CommutCallback
 .text.HAL_TIMEx_BreakCallback
                0x080043be        0x2 CMakeFiles/STM32F411CEU6.elf.dir/Drivers/STM32F4xx_HAL_Driver/Src/stm32f4xx_hal_tim_ex.c.obj
                0x080043be                HAL_TIMEx_BreakCallback
 .text.UART_EndTxTransfer
                0x080043c0       0x20 CMakeFiles/STM32F411CEU6.elf.dir/Drivers/STM32F4xx_HAL_Driver/Src/stm32f4xx_hal_uart.c.obj
 .text.UART_EndRxTransfer
                0x080043e0       0x5c CMakeFiles/STM32F411CEU6.elf.dir/Drivers/STM32F4xx_HAL_Driver/Src/stm32f4xx_hal_uart.c.obj
 .text.UART_Transmit_IT
                0x0800443c       0x60 CMakeFiles/STM32F411CEU6.elf.dir/Drivers/STM32F4xx_HAL_Driver/Src/stm32f4xx_hal_uart.c.obj
 .text.UART_SetConfig
                0x0800449c      0x110 CMakeFiles/STM32F411CEU6.elf.dir/Drivers/STM32F4xx_HAL_Driver/Src/stm32f4xx_hal_uart.c.obj
 .text.HAL_UART_Init
                0x080045ac       0x60 CMakeFiles/STM32F411CEU6.elf.dir/Drivers/STM32F4xx_HAL_Driver/Src/stm32f4xx_hal_uart.c.obj
                0x080045ac                HAL_UART_Init
 .text.HAL_UART_Transmit_DMA
                0x0800460c       0x90 CMakeFiles/STM32F411CEU6.elf.dir/Drivers/STM32F4xx_HAL_Driver/Src/stm32f4xx_hal_uart.c.obj
                0x0800460c                HAL_UART_Transmit_DMA
 .text.UART_DMATransmitCplt
                0x0800469c       0x4c CMakeFiles/STM32F411CEU6.elf.dir/Drivers/STM32F4xx_HAL_Driver/Src/stm32f4xx_hal_uart.c.obj
 .text.UART_EndTransmit_IT
                0x080046e8       0x1a CMakeFiles/STM32F411CEU6.elf.dir/Drivers/STM32F4xx_HAL_Driver/Src/stm32f4xx_hal_uart.c.obj
 .text.HAL_UART_TxHalfCpltCallback
                0x08004702        0x2 CMakeFiles/STM32F411CEU6.elf.dir/Drivers/STM32F4xx_HAL_Driver/Src/stm32f4xx_hal_uart.c.obj
                0x08004702                HAL_UART_TxHalfCpltCallback
 .text.UART_DMATxHalfCplt
                0x08004704        0xa CMakeFiles/STM32F411CEU6.elf.dir/Drivers/STM32F4xx_HAL_Driver/Src/stm32f4xx_hal_uart.c.obj
 .text.HAL_UART_RxCpltCallback
                0x0800470e        0x2 CMakeFiles/STM32F411CEU6.elf.dir/Drivers/STM32F4xx_HAL_Driver/Src/stm32f4xx_hal_uart.c.obj
                0x0800470e                HAL_UART_RxCpltCallback
 .text.HAL_UART_RxHalfCpltCallback
                0x08004710        0x2 CMakeFiles/STM32F411CEU6.elf.dir/Drivers/STM32F4xx_HAL_Driver/Src/stm32f4xx_hal_uart.c.obj
                0x08004710                HAL_UART_RxHalfCpltCallback
 .text.HAL_UART_ErrorCallback
                0x08004712        0x2 CMakeFiles/STM32F411CEU6.elf.dir/Drivers/STM32F4xx_HAL_Driver/Src/stm32f4xx_hal_uart.c.obj
                0x08004712                HAL_UART_ErrorCallback
 .text.UART_DMAError
                0x08004714       0x58 CMakeFiles/STM32F411CEU6.elf.dir/Drivers/STM32F4xx_HAL_Driver/Src/stm32f4xx_hal_uart.c.obj
 .text.UART_DMAAbortOnError
                0x0800476c        0xe CMakeFiles/STM32F411CEU6.elf.dir/Drivers/STM32F4xx_HAL_Driver/Src/stm32f4xx_hal_uart.c.obj
 .text.UART_Receive_IT
                0x0800477a       0xe6 CMakeFiles/STM32F411CEU6.elf.dir/Drivers/STM32F4xx_HAL_Driver/Src/stm32f4xx_hal_uart.c.obj
 .text.HAL_UART_IRQHandler
                0x08004860      0x2a0 CMakeFiles/STM32F411CEU6.elf.dir/Drivers/STM32F4xx_HAL_Driver/Src/stm32f4xx_hal_uart.c.obj
                0x08004860                HAL_UART_IRQHandler
 .text.UART_DMARxHalfCplt
                0x08004b00       0x1e CMakeFiles/STM32F411CEU6.elf.dir/Drivers/STM32F4xx_HAL_Driver/Src/stm32f4xx_hal_uart.c.obj
 .text.UART_DMAReceiveCplt
                0x08004b1e       0x9a CMakeFiles/STM32F411CEU6.elf.dir/Drivers/STM32F4xx_HAL_Driver/Src/stm32f4xx_hal_uart.c.obj
 .text.UART_Start_Receive_DMA
                0x08004bb8       0xb8 CMakeFiles/STM32F411CEU6.elf.dir/Drivers/STM32F4xx_HAL_Driver/Src/stm32f4xx_hal_uart.c.obj
                0x08004bb8                UART_Start_Receive_DMA
 .text.HAL_UARTEx_ReceiveToIdle_DMA
                0x08004c70       0x62 CMakeFiles/STM32F411CEU6.elf.dir/Drivers/STM32F4xx_HAL_Driver/Src/stm32f4xx_hal_uart.c.obj
                0x08004c70                HAL_UARTEx_ReceiveToIdle_DMA
 .text.makeFreeRtosPriority
                0x08004cd2        0xc CMakeFiles/STM32F411CEU6.elf.dir/Middlewares/Third_Party/FreeRTOS/Source/CMSIS_RTOS/cmsis_os.c.obj
 .text.osKernelStart
                0x08004cde        0xa CMakeFiles/STM32F411CEU6.elf.dir/Middlewares/Third_Party/FreeRTOS/Source/CMSIS_RTOS/cmsis_os.c.obj
                0x08004cde                osKernelStart
 .text.osThreadCreate
                0x08004ce8       0x66 CMakeFiles/STM32F411CEU6.elf.dir/Middlewares/Third_Party/FreeRTOS/Source/CMSIS_RTOS/cmsis_os.c.obj
                0x08004ce8                osThreadCreate
 .text.vListInitialise
                0x08004d4e       0x16 CMakeFiles/STM32F411CEU6.elf.dir/Middlewares/Third_Party/FreeRTOS/Source/list.c.obj
                0x08004d4e                vListInitialise
 .text.vListInitialiseItem
                0x08004d64        0x6 CMakeFiles/STM32F411CEU6.elf.dir/Middlewares/Third_Party/FreeRTOS/Source/list.c.obj
                0x08004d64                vListInitialiseItem
 .text.vListInsertEnd
                0x08004d6a       0x16 CMakeFiles/STM32F411CEU6.elf.dir/Middlewares/Third_Party/FreeRTOS/Source/list.c.obj
                0x08004d6a                vListInsertEnd
 .text.vListInsert
                0x08004d80       0x32 CMakeFiles/STM32F411CEU6.elf.dir/Middlewares/Third_Party/FreeRTOS/Source/list.c.obj
                0x08004d80                vListInsert
 .text.uxListRemove
                0x08004db2       0x26 CMakeFiles/STM32F411CEU6.elf.dir/Middlewares/Third_Party/FreeRTOS/Source/list.c.obj
                0x08004db2                uxListRemove
 .text.prvTaskExitError
                0x08004dd8       0x40 CMakeFiles/STM32F411CEU6.elf.dir/Middlewares/Third_Party/FreeRTOS/Source/portable/GCC/ARM_CM4F/port.c.obj
 .text.prvPortStartFirstTask
                0x08004e18       0x28 CMakeFiles/STM32F411CEU6.elf.dir/Middlewares/Third_Party/FreeRTOS/Source/portable/GCC/ARM_CM4F/port.c.obj
 .text.vPortEnableVFP
                0x08004e40       0x14 CMakeFiles/STM32F411CEU6.elf.dir/Middlewares/Third_Party/FreeRTOS/Source/portable/GCC/ARM_CM4F/port.c.obj
 .text.pxPortInitialiseStack
                0x08004e54       0x2c CMakeFiles/STM32F411CEU6.elf.dir/Middlewares/Third_Party/FreeRTOS/Source/portable/GCC/ARM_CM4F/port.c.obj
                0x08004e54                pxPortInitialiseStack
 .text.SVC_Handler
                0x08004e80       0x24 CMakeFiles/STM32F411CEU6.elf.dir/Middlewares/Third_Party/FreeRTOS/Source/portable/GCC/ARM_CM4F/port.c.obj
                0x08004e80                SVC_Handler
 .text.vPortEnterCritical
                0x08004ea4       0x44 CMakeFiles/STM32F411CEU6.elf.dir/Middlewares/Third_Party/FreeRTOS/Source/portable/GCC/ARM_CM4F/port.c.obj
                0x08004ea4                vPortEnterCritical
 .text.vPortExitCritical
                0x08004ee8       0x2c CMakeFiles/STM32F411CEU6.elf.dir/Middlewares/Third_Party/FreeRTOS/Source/portable/GCC/ARM_CM4F/port.c.obj
                0x08004ee8                vPortExitCritical
 *fill*         0x08004f14        0xc 
 .text.PendSV_Handler
                0x08004f20       0x64 CMakeFiles/STM32F411CEU6.elf.dir/Middlewares/Third_Party/FreeRTOS/Source/portable/GCC/ARM_CM4F/port.c.obj
                0x08004f20                PendSV_Handler
 .text.SysTick_Handler
                0x08004f84       0x2c CMakeFiles/STM32F411CEU6.elf.dir/Middlewares/Third_Party/FreeRTOS/Source/portable/GCC/ARM_CM4F/port.c.obj
                0x08004f84                SysTick_Handler
 .text.vPortSetupTimerInterrupt
                0x08004fb0       0x28 CMakeFiles/STM32F411CEU6.elf.dir/Middlewares/Third_Party/FreeRTOS/Source/portable/GCC/ARM_CM4F/port.c.obj
                0x08004fb0                vPortSetupTimerInterrupt
 .text.xPortStartScheduler
                0x08004fd8      0x118 CMakeFiles/STM32F411CEU6.elf.dir/Middlewares/Third_Party/FreeRTOS/Source/portable/GCC/ARM_CM4F/port.c.obj
                0x08004fd8                xPortStartScheduler
 .text.vPortValidateInterruptPriority
                0x080050f0       0x5c CMakeFiles/STM32F411CEU6.elf.dir/Middlewares/Third_Party/FreeRTOS/Source/portable/GCC/ARM_CM4F/port.c.obj
                0x080050f0                vPortValidateInterruptPriority
 .text.prvHeapInit
                0x0800514c       0x68 CMakeFiles/STM32F411CEU6.elf.dir/Middlewares/Third_Party/FreeRTOS/Source/portable/MemMang/heap_4.c.obj
 .text.prvInsertBlockIntoFreeList
                0x080051b4       0x64 CMakeFiles/STM32F411CEU6.elf.dir/Middlewares/Third_Party/FreeRTOS/Source/portable/MemMang/heap_4.c.obj
 .text.pvPortMalloc
                0x08005218      0x104 CMakeFiles/STM32F411CEU6.elf.dir/Middlewares/Third_Party/FreeRTOS/Source/portable/MemMang/heap_4.c.obj
                0x08005218                pvPortMalloc
 .text.vPortFree
                0x0800531c       0x7c CMakeFiles/STM32F411CEU6.elf.dir/Middlewares/Third_Party/FreeRTOS/Source/portable/MemMang/heap_4.c.obj
                0x0800531c                vPortFree
 .text.prvGetDisinheritPriorityAfterTimeout
                0x08005398       0x10 CMakeFiles/STM32F411CEU6.elf.dir/Middlewares/Third_Party/FreeRTOS/Source/queue.c.obj
 .text.prvIsQueueFull
                0x080053a8       0x1e CMakeFiles/STM32F411CEU6.elf.dir/Middlewares/Third_Party/FreeRTOS/Source/queue.c.obj
 .text.prvIsQueueEmpty
                0x080053c6       0x1a CMakeFiles/STM32F411CEU6.elf.dir/Middlewares/Third_Party/FreeRTOS/Source/queue.c.obj
 .text.prvCopyDataToQueue
                0x080053e0       0x76 CMakeFiles/STM32F411CEU6.elf.dir/Middlewares/Third_Party/FreeRTOS/Source/queue.c.obj
 .text.prvNotifyQueueSetContainer
                0x08005456       0x7c CMakeFiles/STM32F411CEU6.elf.dir/Middlewares/Third_Party/FreeRTOS/Source/queue.c.obj
 .text.prvCopyDataFromQueue
                0x080054d2       0x24 CMakeFiles/STM32F411CEU6.elf.dir/Middlewares/Third_Party/FreeRTOS/Source/queue.c.obj
 .text.prvUnlockQueue
                0x080054f6       0x82 CMakeFiles/STM32F411CEU6.elf.dir/Middlewares/Third_Party/FreeRTOS/Source/queue.c.obj
 .text.xQueueGenericReset
                0x08005578       0x84 CMakeFiles/STM32F411CEU6.elf.dir/Middlewares/Third_Party/FreeRTOS/Source/queue.c.obj
                0x08005578                xQueueGenericReset
 .text.prvInitialiseNewQueue
                0x080055fc       0x20 CMakeFiles/STM32F411CEU6.elf.dir/Middlewares/Third_Party/FreeRTOS/Source/queue.c.obj
 .text.xQueueGenericCreate
                0x0800561c       0x48 CMakeFiles/STM32F411CEU6.elf.dir/Middlewares/Third_Party/FreeRTOS/Source/queue.c.obj
                0x0800561c                xQueueGenericCreate
 .text.xQueueGenericSend
                0x08005664      0x1b4 CMakeFiles/STM32F411CEU6.elf.dir/Middlewares/Third_Party/FreeRTOS/Source/queue.c.obj
                0x08005664                xQueueGenericSend
 .text.xQueueGiveFromISR
                0x08005818       0xce CMakeFiles/STM32F411CEU6.elf.dir/Middlewares/Third_Party/FreeRTOS/Source/queue.c.obj
                0x08005818                xQueueGiveFromISR
 .text.xQueueReceive
                0x080058e6      0x15e CMakeFiles/STM32F411CEU6.elf.dir/Middlewares/Third_Party/FreeRTOS/Source/queue.c.obj
                0x080058e6                xQueueReceive
 .text.xQueueSemaphoreTake
                0x08005a44      0x1a6 CMakeFiles/STM32F411CEU6.elf.dir/Middlewares/Third_Party/FreeRTOS/Source/queue.c.obj
                0x08005a44                xQueueSemaphoreTake
 .text.xQueueCreateSet
                0x08005bea        0xc CMakeFiles/STM32F411CEU6.elf.dir/Middlewares/Third_Party/FreeRTOS/Source/queue.c.obj
                0x08005bea                xQueueCreateSet
 .text.xQueueAddToSet
                0x08005bf6       0x26 CMakeFiles/STM32F411CEU6.elf.dir/Middlewares/Third_Party/FreeRTOS/Source/queue.c.obj
                0x08005bf6                xQueueAddToSet
 .text.xQueueSelectFromSet
                0x08005c1c       0x18 CMakeFiles/STM32F411CEU6.elf.dir/Middlewares/Third_Party/FreeRTOS/Source/queue.c.obj
                0x08005c1c                xQueueSelectFromSet
 .text.prvResetNextTaskUnblockTime
                0x08005c34       0x2c CMakeFiles/STM32F411CEU6.elf.dir/Middlewares/Third_Party/FreeRTOS/Source/tasks.c.obj
 .text.prvInitialiseNewTask
                0x08005c60       0x9c CMakeFiles/STM32F411CEU6.elf.dir/Middlewares/Third_Party/FreeRTOS/Source/tasks.c.obj
 .text.prvInitialiseTaskLists
                0x08005cfc       0x68 CMakeFiles/STM32F411CEU6.elf.dir/Middlewares/Third_Party/FreeRTOS/Source/tasks.c.obj
 .text.prvAddNewTaskToReadyList
                0x08005d64       0xa8 CMakeFiles/STM32F411CEU6.elf.dir/Middlewares/Third_Party/FreeRTOS/Source/tasks.c.obj
 .text.prvDeleteTCB
                0x08005e0c       0x38 CMakeFiles/STM32F411CEU6.elf.dir/Middlewares/Third_Party/FreeRTOS/Source/tasks.c.obj
 .text.prvCheckTasksWaitingTermination
                0x08005e44       0x4c CMakeFiles/STM32F411CEU6.elf.dir/Middlewares/Third_Party/FreeRTOS/Source/tasks.c.obj
 .text.prvIdleTask
                0x08005e90       0x28 CMakeFiles/STM32F411CEU6.elf.dir/Middlewares/Third_Party/FreeRTOS/Source/tasks.c.obj
 .text.prvAddCurrentTaskToDelayedList
                0x08005eb8       0x98 CMakeFiles/STM32F411CEU6.elf.dir/Middlewares/Third_Party/FreeRTOS/Source/tasks.c.obj
 .text.xTaskCreateStatic
                0x08005f50       0x76 CMakeFiles/STM32F411CEU6.elf.dir/Middlewares/Third_Party/FreeRTOS/Source/tasks.c.obj
                0x08005f50                xTaskCreateStatic
 .text.xTaskCreate
                0x08005fc6       0x64 CMakeFiles/STM32F411CEU6.elf.dir/Middlewares/Third_Party/FreeRTOS/Source/tasks.c.obj
                0x08005fc6                xTaskCreate
 *fill*         0x0800602a        0x2 
 .text.vTaskStartScheduler
                0x0800602c       0x74 CMakeFiles/STM32F411CEU6.elf.dir/Middlewares/Third_Party/FreeRTOS/Source/tasks.c.obj
                0x0800602c                vTaskStartScheduler
 .text.vTaskSuspendAll
                0x080060a0       0x10 CMakeFiles/STM32F411CEU6.elf.dir/Middlewares/Third_Party/FreeRTOS/Source/tasks.c.obj
                0x080060a0                vTaskSuspendAll
 .text.xTaskIncrementTick
                0x080060b0      0x118 CMakeFiles/STM32F411CEU6.elf.dir/Middlewares/Third_Party/FreeRTOS/Source/tasks.c.obj
                0x080060b0                xTaskIncrementTick
 .text.xTaskResumeAll
                0x080061c8       0xf8 CMakeFiles/STM32F411CEU6.elf.dir/Middlewares/Third_Party/FreeRTOS/Source/tasks.c.obj
                0x080061c8                xTaskResumeAll
 .text.vTaskDelay
                0x080062c0       0x4c CMakeFiles/STM32F411CEU6.elf.dir/Middlewares/Third_Party/FreeRTOS/Source/tasks.c.obj
                0x080062c0                vTaskDelay
 .text.vTaskSwitchContext
                0x0800630c       0x98 CMakeFiles/STM32F411CEU6.elf.dir/Middlewares/Third_Party/FreeRTOS/Source/tasks.c.obj
                0x0800630c                vTaskSwitchContext
 .text.vTaskPlaceOnEventList
                0x080063a4       0x30 CMakeFiles/STM32F411CEU6.elf.dir/Middlewares/Third_Party/FreeRTOS/Source/tasks.c.obj
                0x080063a4                vTaskPlaceOnEventList
 .text.xTaskRemoveFromEventList
                0x080063d4       0x8c CMakeFiles/STM32F411CEU6.elf.dir/Middlewares/Third_Party/FreeRTOS/Source/tasks.c.obj
                0x080063d4                xTaskRemoveFromEventList
 .text.vTaskInternalSetTimeOutState
                0x08006460       0x18 CMakeFiles/STM32F411CEU6.elf.dir/Middlewares/Third_Party/FreeRTOS/Source/tasks.c.obj
                0x08006460                vTaskInternalSetTimeOutState
 .text.xTaskCheckForTimeOut
                0x08006478       0x84 CMakeFiles/STM32F411CEU6.elf.dir/Middlewares/Third_Party/FreeRTOS/Source/tasks.c.obj
                0x08006478                xTaskCheckForTimeOut
 .text.vTaskMissedYield
                0x080064fc        0xc CMakeFiles/STM32F411CEU6.elf.dir/Middlewares/Third_Party/FreeRTOS/Source/tasks.c.obj
                0x080064fc                vTaskMissedYield
 .text.xTaskGetSchedulerState
                0x08006508       0x20 CMakeFiles/STM32F411CEU6.elf.dir/Middlewares/Third_Party/FreeRTOS/Source/tasks.c.obj
                0x08006508                xTaskGetSchedulerState
 .text.xTaskPriorityInherit
                0x08006528       0xac CMakeFiles/STM32F411CEU6.elf.dir/Middlewares/Third_Party/FreeRTOS/Source/tasks.c.obj
                0x08006528                xTaskPriorityInherit
 .text.xTaskPriorityDisinherit
                0x080065d4       0xb0 CMakeFiles/STM32F411CEU6.elf.dir/Middlewares/Third_Party/FreeRTOS/Source/tasks.c.obj
                0x080065d4                xTaskPriorityDisinherit
 .text.vTaskPriorityDisinheritAfterTimeout
                0x08006684       0xb4 CMakeFiles/STM32F411CEU6.elf.dir/Middlewares/Third_Party/FreeRTOS/Source/tasks.c.obj
                0x08006684                vTaskPriorityDisinheritAfterTimeout
 .text.pvTaskIncrementMutexHeldCount
                0x08006738       0x1c CMakeFiles/STM32F411CEU6.elf.dir/Middlewares/Third_Party/FreeRTOS/Source/tasks.c.obj
                0x08006738                pvTaskIncrementMutexHeldCount
 .text.get_CRC8_check_sum
                0x08006754       0x20 CMakeFiles/STM32F411CEU6.elf.dir/USER/Algorithm/Crc8_Crc16/crc8_crc16.c.obj
                0x08006754                get_CRC8_check_sum
 .text.append_CRC8_check_sum
                0x08006774       0x1a CMakeFiles/STM32F411CEU6.elf.dir/USER/Algorithm/Crc8_Crc16/crc8_crc16.c.obj
                0x08006774                append_CRC8_check_sum
 *fill*         0x0800678e        0x2 
 .text.get_CRC16_check_sum
                0x08006790       0x38 CMakeFiles/STM32F411CEU6.elf.dir/USER/Algorithm/Crc8_Crc16/crc8_crc16.c.obj
                0x08006790                get_CRC16_check_sum
 .text.append_CRC16_check_sum
                0x080067c8       0x2c CMakeFiles/STM32F411CEU6.elf.dir/USER/Algorithm/Crc8_Crc16/crc8_crc16.c.obj
                0x080067c8                append_CRC16_check_sum
 .text.dwt_cnt_update
                0x080067f4       0x50 CMakeFiles/STM32F411CEU6.elf.dir/USER/Module/Dwt/drv_dwt.c.obj
 .text.dwt_get_delta
                0x08006844       0x64 CMakeFiles/STM32F411CEU6.elf.dir/USER/Module/Dwt/drv_dwt.c.obj
                0x08006844                dwt_get_delta
 .text.dwt_systime_update
                0x080068a8       0xe0 CMakeFiles/STM32F411CEU6.elf.dir/USER/Module/Dwt/drv_dwt.c.obj
                0x080068a8                dwt_systime_update
 .text.dwt_init
                0x08006988       0x70 CMakeFiles/STM32F411CEU6.elf.dir/USER/Module/Dwt/drv_dwt.c.obj
                0x08006988                dwt_init
 .text.dwt_get_time_ms
                0x080069f8       0x3c CMakeFiles/STM32F411CEU6.elf.dir/USER/Module/Dwt/drv_dwt.c.obj
                0x080069f8                dwt_get_time_ms
 .text.get_raw_angle_5
                0x08006a34       0x40 CMakeFiles/STM32F411CEU6.elf.dir/USER/Module/IIC/Hardware_IIC/Hardware_i2c1.c.obj
                0x08006a34                get_raw_angle_5
 .text.detect_magnet_5
                0x08006a74       0x44 CMakeFiles/STM32F411CEU6.elf.dir/USER/Module/IIC/Hardware_IIC/Hardware_i2c1.c.obj
                0x08006a74                detect_magnet_5
 .text.AS5600_Init_5
                0x08006ab8       0x2c CMakeFiles/STM32F411CEU6.elf.dir/USER/Module/IIC/Hardware_IIC/Hardware_i2c1.c.obj
                0x08006ab8                AS5600_Init_5
 .text.AS5600_Set_TempZeroByReg_5
                0x08006ae4       0x80 CMakeFiles/STM32F411CEU6.elf.dir/USER/Module/IIC/Hardware_IIC/Hardware_i2c1.c.obj
                0x08006ae4                AS5600_Set_TempZeroByReg_5
 .text.get_angle_5
                0x08006b64       0x44 CMakeFiles/STM32F411CEU6.elf.dir/USER/Module/IIC/Hardware_IIC/Hardware_i2c1.c.obj
                0x08006b64                get_angle_5
 .text.AS5600_Update_5
                0x08006ba8       0x94 CMakeFiles/STM32F411CEU6.elf.dir/USER/Module/IIC/Hardware_IIC/Hardware_i2c1.c.obj
                0x08006ba8                AS5600_Update_5
 .text.get_raw_angle_6
                0x08006c3c       0x40 CMakeFiles/STM32F411CEU6.elf.dir/USER/Module/IIC/Hardware_IIC/Hardware_i2c1.c.obj
                0x08006c3c                get_raw_angle_6
 .text.detect_magnet_6
                0x08006c7c       0x44 CMakeFiles/STM32F411CEU6.elf.dir/USER/Module/IIC/Hardware_IIC/Hardware_i2c1.c.obj
                0x08006c7c                detect_magnet_6
 .text.AS5600_Init_6
                0x08006cc0       0x2c CMakeFiles/STM32F411CEU6.elf.dir/USER/Module/IIC/Hardware_IIC/Hardware_i2c1.c.obj
                0x08006cc0                AS5600_Init_6
 .text.AS5600_Set_TempZeroByReg_6
                0x08006cec       0x80 CMakeFiles/STM32F411CEU6.elf.dir/USER/Module/IIC/Hardware_IIC/Hardware_i2c1.c.obj
                0x08006cec                AS5600_Set_TempZeroByReg_6
 .text.get_angle_6
                0x08006d6c       0x44 CMakeFiles/STM32F411CEU6.elf.dir/USER/Module/IIC/Hardware_IIC/Hardware_i2c1.c.obj
                0x08006d6c                get_angle_6
 .text.AS5600_Update_6
                0x08006db0       0x94 CMakeFiles/STM32F411CEU6.elf.dir/USER/Module/IIC/Hardware_IIC/Hardware_i2c1.c.obj
                0x08006db0                AS5600_Update_6
 .text.get_raw_angle_7
                0x08006e44       0x40 CMakeFiles/STM32F411CEU6.elf.dir/USER/Module/IIC/Hardware_IIC/Hardware_i2c1.c.obj
                0x08006e44                get_raw_angle_7
 .text.detect_magnet_7
                0x08006e84       0x44 CMakeFiles/STM32F411CEU6.elf.dir/USER/Module/IIC/Hardware_IIC/Hardware_i2c1.c.obj
                0x08006e84                detect_magnet_7
 .text.AS5600_Init_7
                0x08006ec8       0x2c CMakeFiles/STM32F411CEU6.elf.dir/USER/Module/IIC/Hardware_IIC/Hardware_i2c1.c.obj
                0x08006ec8                AS5600_Init_7
 .text.AS5600_Set_TempZeroByReg_7
                0x08006ef4       0x80 CMakeFiles/STM32F411CEU6.elf.dir/USER/Module/IIC/Hardware_IIC/Hardware_i2c1.c.obj
                0x08006ef4                AS5600_Set_TempZeroByReg_7
 .text.AS5600_Update_7
                0x08006f74       0x94 CMakeFiles/STM32F411CEU6.elf.dir/USER/Module/IIC/Hardware_IIC/Hardware_i2c1.c.obj
                0x08006f74                AS5600_Update_7
 .text.sendByte
                0x08007008       0x70 CMakeFiles/STM32F411CEU6.elf.dir/USER/Module/IIC/Virtual_IIC/iic1.c.obj
 .text.waitForAck
                0x08007078       0x4c CMakeFiles/STM32F411CEU6.elf.dir/USER/Module/IIC/Virtual_IIC/iic1.c.obj
 .text.ackNo    0x080070c4       0x40 CMakeFiles/STM32F411CEU6.elf.dir/USER/Module/IIC/Virtual_IIC/iic1.c.obj
 .text.ackYes   0x08007104       0x44 CMakeFiles/STM32F411CEU6.elf.dir/USER/Module/IIC/Virtual_IIC/iic1.c.obj
 .text.readByte
                0x08007148       0x54 CMakeFiles/STM32F411CEU6.elf.dir/USER/Module/IIC/Virtual_IIC/iic1.c.obj
 .text.stop     0x0800719c       0x3c CMakeFiles/STM32F411CEU6.elf.dir/USER/Module/IIC/Virtual_IIC/iic1.c.obj
 .text.isBusy   0x080071d8       0x44 CMakeFiles/STM32F411CEU6.elf.dir/USER/Module/IIC/Virtual_IIC/iic1.c.obj
 .text.start    0x0800721c       0x48 CMakeFiles/STM32F411CEU6.elf.dir/USER/Module/IIC/Virtual_IIC/iic1.c.obj
 .text.IICSoft_ReadByte
                0x08007264       0x68 CMakeFiles/STM32F411CEU6.elf.dir/USER/Module/IIC/Virtual_IIC/iic1.c.obj
 .text.IICSoft_ReadBueffer
                0x080072cc       0x7e CMakeFiles/STM32F411CEU6.elf.dir/USER/Module/IIC/Virtual_IIC/iic1.c.obj
 .text.IICSoft_WriteByte
                0x0800734a       0x56 CMakeFiles/STM32F411CEU6.elf.dir/USER/Module/IIC/Virtual_IIC/iic1.c.obj
 .text.IICSoft_Init_1
                0x080073a0       0x38 CMakeFiles/STM32F411CEU6.elf.dir/USER/Module/IIC/Virtual_IIC/iic1.c.obj
                0x080073a0                IICSoft_Init_1
 .text.detect_magnet_1
                0x080073d8       0x30 CMakeFiles/STM32F411CEU6.elf.dir/USER/Module/IIC/Virtual_IIC/iic1.c.obj
                0x080073d8                detect_magnet_1
 .text.get_raw_angle_1
                0x08007408       0x28 CMakeFiles/STM32F411CEU6.elf.dir/USER/Module/IIC/Virtual_IIC/iic1.c.obj
                0x08007408                get_raw_angle_1
 .text.AS5600_Init_1
                0x08007430       0x30 CMakeFiles/STM32F411CEU6.elf.dir/USER/Module/IIC/Virtual_IIC/iic1.c.obj
                0x08007430                AS5600_Init_1
 .text.AS5600_Set_TempZeroByReg_1
                0x08007460       0x54 CMakeFiles/STM32F411CEU6.elf.dir/USER/Module/IIC/Virtual_IIC/iic1.c.obj
                0x08007460                AS5600_Set_TempZeroByReg_1
 .text.get_angle_1
                0x080074b4       0x2c CMakeFiles/STM32F411CEU6.elf.dir/USER/Module/IIC/Virtual_IIC/iic1.c.obj
                0x080074b4                get_angle_1
 .text.AS5600_Update_1
                0x080074e0       0x94 CMakeFiles/STM32F411CEU6.elf.dir/USER/Module/IIC/Virtual_IIC/iic1.c.obj
                0x080074e0                AS5600_Update_1
 .text.sendByte
                0x08007574       0x70 CMakeFiles/STM32F411CEU6.elf.dir/USER/Module/IIC/Virtual_IIC/iic2.c.obj
 .text.waitForAck
                0x080075e4       0x4c CMakeFiles/STM32F411CEU6.elf.dir/USER/Module/IIC/Virtual_IIC/iic2.c.obj
 .text.ackNo    0x08007630       0x40 CMakeFiles/STM32F411CEU6.elf.dir/USER/Module/IIC/Virtual_IIC/iic2.c.obj
 .text.ackYes   0x08007670       0x44 CMakeFiles/STM32F411CEU6.elf.dir/USER/Module/IIC/Virtual_IIC/iic2.c.obj
 .text.readByte
                0x080076b4       0x54 CMakeFiles/STM32F411CEU6.elf.dir/USER/Module/IIC/Virtual_IIC/iic2.c.obj
 .text.stop     0x08007708       0x3c CMakeFiles/STM32F411CEU6.elf.dir/USER/Module/IIC/Virtual_IIC/iic2.c.obj
 .text.isBusy   0x08007744       0x44 CMakeFiles/STM32F411CEU6.elf.dir/USER/Module/IIC/Virtual_IIC/iic2.c.obj
 .text.start    0x08007788       0x48 CMakeFiles/STM32F411CEU6.elf.dir/USER/Module/IIC/Virtual_IIC/iic2.c.obj
 .text.IICSoft_ReadByte
                0x080077d0       0x68 CMakeFiles/STM32F411CEU6.elf.dir/USER/Module/IIC/Virtual_IIC/iic2.c.obj
 .text.IICSoft_ReadBueffer
                0x08007838       0x7e CMakeFiles/STM32F411CEU6.elf.dir/USER/Module/IIC/Virtual_IIC/iic2.c.obj
 .text.IICSoft_WriteByte
                0x080078b6       0x56 CMakeFiles/STM32F411CEU6.elf.dir/USER/Module/IIC/Virtual_IIC/iic2.c.obj
 .text.IICSoft_Init_2
                0x0800790c       0x38 CMakeFiles/STM32F411CEU6.elf.dir/USER/Module/IIC/Virtual_IIC/iic2.c.obj
                0x0800790c                IICSoft_Init_2
 .text.detect_magnet_2
                0x08007944       0x30 CMakeFiles/STM32F411CEU6.elf.dir/USER/Module/IIC/Virtual_IIC/iic2.c.obj
                0x08007944                detect_magnet_2
 .text.get_raw_angle_2
                0x08007974       0x28 CMakeFiles/STM32F411CEU6.elf.dir/USER/Module/IIC/Virtual_IIC/iic2.c.obj
                0x08007974                get_raw_angle_2
 .text.AS5600_Init_2
                0x0800799c       0x30 CMakeFiles/STM32F411CEU6.elf.dir/USER/Module/IIC/Virtual_IIC/iic2.c.obj
                0x0800799c                AS5600_Init_2
 .text.AS5600_Set_TempZeroByReg_2
                0x080079cc       0x54 CMakeFiles/STM32F411CEU6.elf.dir/USER/Module/IIC/Virtual_IIC/iic2.c.obj
                0x080079cc                AS5600_Set_TempZeroByReg_2
 .text.get_angle_2
                0x08007a20       0x2c CMakeFiles/STM32F411CEU6.elf.dir/USER/Module/IIC/Virtual_IIC/iic2.c.obj
                0x08007a20                get_angle_2
 .text.AS5600_Update_2
                0x08007a4c       0x94 CMakeFiles/STM32F411CEU6.elf.dir/USER/Module/IIC/Virtual_IIC/iic2.c.obj
                0x08007a4c                AS5600_Update_2
 .text.sendByte
                0x08007ae0       0x68 CMakeFiles/STM32F411CEU6.elf.dir/USER/Module/IIC/Virtual_IIC/iic3.c.obj
 .text.waitForAck
                0x08007b48       0x48 CMakeFiles/STM32F411CEU6.elf.dir/USER/Module/IIC/Virtual_IIC/iic3.c.obj
 .text.ackNo    0x08007b90       0x3c CMakeFiles/STM32F411CEU6.elf.dir/USER/Module/IIC/Virtual_IIC/iic3.c.obj
 .text.ackYes   0x08007bcc       0x40 CMakeFiles/STM32F411CEU6.elf.dir/USER/Module/IIC/Virtual_IIC/iic3.c.obj
 .text.readByte
                0x08007c0c       0x54 CMakeFiles/STM32F411CEU6.elf.dir/USER/Module/IIC/Virtual_IIC/iic3.c.obj
 .text.stop     0x08007c60       0x38 CMakeFiles/STM32F411CEU6.elf.dir/USER/Module/IIC/Virtual_IIC/iic3.c.obj
 .text.isBusy   0x08007c98       0x44 CMakeFiles/STM32F411CEU6.elf.dir/USER/Module/IIC/Virtual_IIC/iic3.c.obj
 .text.start    0x08007cdc       0x44 CMakeFiles/STM32F411CEU6.elf.dir/USER/Module/IIC/Virtual_IIC/iic3.c.obj
 .text.IICSoft_ReadByte
                0x08007d20       0x68 CMakeFiles/STM32F411CEU6.elf.dir/USER/Module/IIC/Virtual_IIC/iic3.c.obj
 .text.IICSoft_ReadBueffer
                0x08007d88       0x7e CMakeFiles/STM32F411CEU6.elf.dir/USER/Module/IIC/Virtual_IIC/iic3.c.obj
 .text.IICSoft_WriteByte
                0x08007e06       0x56 CMakeFiles/STM32F411CEU6.elf.dir/USER/Module/IIC/Virtual_IIC/iic3.c.obj
 .text.IICSoft_Init_3
                0x08007e5c       0x30 CMakeFiles/STM32F411CEU6.elf.dir/USER/Module/IIC/Virtual_IIC/iic3.c.obj
                0x08007e5c                IICSoft_Init_3
 .text.detect_magnet_3
                0x08007e8c       0x30 CMakeFiles/STM32F411CEU6.elf.dir/USER/Module/IIC/Virtual_IIC/iic3.c.obj
                0x08007e8c                detect_magnet_3
 .text.get_raw_angle_3
                0x08007ebc       0x28 CMakeFiles/STM32F411CEU6.elf.dir/USER/Module/IIC/Virtual_IIC/iic3.c.obj
                0x08007ebc                get_raw_angle_3
 .text.AS5600_Init_3
                0x08007ee4       0x30 CMakeFiles/STM32F411CEU6.elf.dir/USER/Module/IIC/Virtual_IIC/iic3.c.obj
                0x08007ee4                AS5600_Init_3
 .text.AS5600_Set_TempZeroByReg_3
                0x08007f14       0x54 CMakeFiles/STM32F411CEU6.elf.dir/USER/Module/IIC/Virtual_IIC/iic3.c.obj
                0x08007f14                AS5600_Set_TempZeroByReg_3
 .text.get_angle_3
                0x08007f68       0x2c CMakeFiles/STM32F411CEU6.elf.dir/USER/Module/IIC/Virtual_IIC/iic3.c.obj
                0x08007f68                get_angle_3
 .text.AS5600_Update_3
                0x08007f94       0x94 CMakeFiles/STM32F411CEU6.elf.dir/USER/Module/IIC/Virtual_IIC/iic3.c.obj
                0x08007f94                AS5600_Update_3
 .text.sendByte
                0x08008028       0x70 CMakeFiles/STM32F411CEU6.elf.dir/USER/Module/IIC/Virtual_IIC/iic4.c.obj
 .text.waitForAck
                0x08008098       0x4c CMakeFiles/STM32F411CEU6.elf.dir/USER/Module/IIC/Virtual_IIC/iic4.c.obj
 .text.ackNo    0x080080e4       0x40 CMakeFiles/STM32F411CEU6.elf.dir/USER/Module/IIC/Virtual_IIC/iic4.c.obj
 .text.ackYes   0x08008124       0x44 CMakeFiles/STM32F411CEU6.elf.dir/USER/Module/IIC/Virtual_IIC/iic4.c.obj
 .text.readByte
                0x08008168       0x54 CMakeFiles/STM32F411CEU6.elf.dir/USER/Module/IIC/Virtual_IIC/iic4.c.obj
 .text.stop     0x080081bc       0x3c CMakeFiles/STM32F411CEU6.elf.dir/USER/Module/IIC/Virtual_IIC/iic4.c.obj
 .text.isBusy   0x080081f8       0x44 CMakeFiles/STM32F411CEU6.elf.dir/USER/Module/IIC/Virtual_IIC/iic4.c.obj
 .text.start    0x0800823c       0x48 CMakeFiles/STM32F411CEU6.elf.dir/USER/Module/IIC/Virtual_IIC/iic4.c.obj
 .text.IICSoft_ReadByte
                0x08008284       0x68 CMakeFiles/STM32F411CEU6.elf.dir/USER/Module/IIC/Virtual_IIC/iic4.c.obj
 .text.IICSoft_ReadBueffer
                0x080082ec       0x7e CMakeFiles/STM32F411CEU6.elf.dir/USER/Module/IIC/Virtual_IIC/iic4.c.obj
 .text.IICSoft_WriteByte
                0x0800836a       0x56 CMakeFiles/STM32F411CEU6.elf.dir/USER/Module/IIC/Virtual_IIC/iic4.c.obj
 .text.IICSoft_Init_4
                0x080083c0       0x38 CMakeFiles/STM32F411CEU6.elf.dir/USER/Module/IIC/Virtual_IIC/iic4.c.obj
                0x080083c0                IICSoft_Init_4
 .text.detect_magnet_4
                0x080083f8       0x30 CMakeFiles/STM32F411CEU6.elf.dir/USER/Module/IIC/Virtual_IIC/iic4.c.obj
                0x080083f8                detect_magnet_4
 .text.get_raw_angle_4
                0x08008428       0x28 CMakeFiles/STM32F411CEU6.elf.dir/USER/Module/IIC/Virtual_IIC/iic4.c.obj
                0x08008428                get_raw_angle_4
 .text.AS5600_Init_4
                0x08008450       0x30 CMakeFiles/STM32F411CEU6.elf.dir/USER/Module/IIC/Virtual_IIC/iic4.c.obj
                0x08008450                AS5600_Init_4
 .text.AS5600_Set_TempZeroByReg_4
                0x08008480       0x54 CMakeFiles/STM32F411CEU6.elf.dir/USER/Module/IIC/Virtual_IIC/iic4.c.obj
                0x08008480                AS5600_Set_TempZeroByReg_4
 .text.get_angle_4
                0x080084d4       0x2c CMakeFiles/STM32F411CEU6.elf.dir/USER/Module/IIC/Virtual_IIC/iic4.c.obj
                0x080084d4                get_angle_4
 .text.AS5600_Update_4
                0x08008500       0x94 CMakeFiles/STM32F411CEU6.elf.dir/USER/Module/IIC/Virtual_IIC/iic4.c.obj
                0x08008500                AS5600_Update_4
 .text.delayUs  0x08008594       0x20 CMakeFiles/STM32F411CEU6.elf.dir/USER/Module/TIM_Delay/tim_delay.c.obj
                0x08008594                delayUs
 .text.AlgorithmTask_Entry
                0x080085b4      0x1f8 CMakeFiles/STM32F411CEU6.elf.dir/USER/Task/Algorithm/algorithm_task.c.obj
                0x080085b4                AlgorithmTask_Entry
 .text.robot_init
                0x080087ac       0x34 CMakeFiles/STM32F411CEU6.elf.dir/USER/Task/Robot_Config/robot.c.obj
                0x080087ac                robot_init
 .text.usart_rx_semaphore_init
                0x080087e0       0x48 CMakeFiles/STM32F411CEU6.elf.dir/USER/Task/USART/usart_task.c.obj
                0x080087e0                usart_rx_semaphore_init
 .text.usart_tx_semaphore_init
                0x08008828       0x20 CMakeFiles/STM32F411CEU6.elf.dir/USER/Task/USART/usart_task.c.obj
                0x08008828                usart_tx_semaphore_init
 .text.UsartTask_Entry
                0x08008848       0x68 CMakeFiles/STM32F411CEU6.elf.dir/USER/Task/USART/usart_task.c.obj
                0x08008848                UsartTask_Entry
 .text.HAL_UARTEx_RxEventCallback
                0x080088b0       0x58 CMakeFiles/STM32F411CEU6.elf.dir/USER/Task/USART/usart_task.c.obj
                0x080088b0                HAL_UARTEx_RxEventCallback
 .text.HAL_UART_TxCpltCallback
                0x08008908       0x70 CMakeFiles/STM32F411CEU6.elf.dir/USER/Task/USART/usart_task.c.obj
                0x08008908                HAL_UART_TxCpltCallback
 .text.USART1_DebugPrintf
                0x08008978       0x5c CMakeFiles/STM32F411CEU6.elf.dir/USER/Task/USART/usart_task.c.obj
                0x08008978                USART1_DebugPrintf
 .text.PackData
                0x080089d4       0x60 CMakeFiles/STM32F411CEU6.elf.dir/USER/Task/USART_Send/send_task.c.obj
                0x080089d4                PackData
 .text.DMA_Send_Frame
                0x08008a34       0x44 CMakeFiles/STM32F411CEU6.elf.dir/USER/Task/USART_Send/send_task.c.obj
                0x08008a34                DMA_Send_Frame
 .text.SendTask_Entry
                0x08008a78      0x100 CMakeFiles/STM32F411CEU6.elf.dir/USER/Task/USART_Send/send_task.c.obj
                0x08008a78                SendTask_Entry
 .text.__udivmoddi4
                0x08008b78      0x2bc I:/ARM-GN~1.3/133167~1.3RE/bin/../lib/gcc/arm-none-eabi/13.3.1/thumb/v7e-m+fp/hard\libgcc.a(_udivmoddi4.o)
                0x08008b78                __udivmoddi4
 .text.stdio_exit_handler
                0x08008e34       0x18 I:/ARM-GN~1.3/133167~1.3RE/bin/../lib/gcc/arm-none-eabi/13.3.1/thumb/v7e-m+fp/hard\libg.a(libc_a-findfp.o)
 .text.cleanup_stdio
                0x08008e4c       0x40 I:/ARM-GN~1.3/133167~1.3RE/bin/../lib/gcc/arm-none-eabi/13.3.1/thumb/v7e-m+fp/hard\libg.a(libc_a-findfp.o)
 .text.global_stdio_init.part.0
                0x08008e8c       0xf0 I:/ARM-GN~1.3/133167~1.3RE/bin/../lib/gcc/arm-none-eabi/13.3.1/thumb/v7e-m+fp/hard\libg.a(libc_a-findfp.o)
 .text.__sinit  0x08008f7c       0x3c I:/ARM-GN~1.3/133167~1.3RE/bin/../lib/gcc/arm-none-eabi/13.3.1/thumb/v7e-m+fp/hard\libg.a(libc_a-findfp.o)
                0x08008f7c                __sinit
 .text.__sfp_lock_acquire
                0x08008fb8        0xc I:/ARM-GN~1.3/133167~1.3RE/bin/../lib/gcc/arm-none-eabi/13.3.1/thumb/v7e-m+fp/hard\libg.a(libc_a-findfp.o)
                0x08008fb8                __sfp_lock_acquire
 .text.__sfp_lock_release
                0x08008fc4        0xc I:/ARM-GN~1.3/133167~1.3RE/bin/../lib/gcc/arm-none-eabi/13.3.1/thumb/v7e-m+fp/hard\libg.a(libc_a-findfp.o)
                0x08008fc4                __sfp_lock_release
 .text._fwalk_sglue
                0x08008fd0       0x44 I:/ARM-GN~1.3/133167~1.3RE/bin/../lib/gcc/arm-none-eabi/13.3.1/thumb/v7e-m+fp/hard\libg.a(libc_a-fwalk.o)
                0x08008fd0                _fwalk_sglue
 .text.__sread  0x08009014       0x24 I:/ARM-GN~1.3/133167~1.3RE/bin/../lib/gcc/arm-none-eabi/13.3.1/thumb/v7e-m+fp/hard\libg.a(libc_a-stdio.o)
                0x08009014                __sread
 .text.__swrite
                0x08009038       0x40 I:/ARM-GN~1.3/133167~1.3RE/bin/../lib/gcc/arm-none-eabi/13.3.1/thumb/v7e-m+fp/hard\libg.a(libc_a-stdio.o)
                0x08009038                __swrite
 .text.__sseek  0x08009078       0x24 I:/ARM-GN~1.3/133167~1.3RE/bin/../lib/gcc/arm-none-eabi/13.3.1/thumb/v7e-m+fp/hard\libg.a(libc_a-stdio.o)
                0x08009078                __sseek
 .text.__sclose
                0x0800909c        0x8 I:/ARM-GN~1.3/133167~1.3RE/bin/../lib/gcc/arm-none-eabi/13.3.1/thumb/v7e-m+fp/hard\libg.a(libc_a-stdio.o)
                0x0800909c                __sclose
 .text.vsnprintf
                0x080090a4       0x78 I:/ARM-GN~1.3/133167~1.3RE/bin/../lib/gcc/arm-none-eabi/13.3.1/thumb/v7e-m+fp/hard\libg.a(libc_a-vsnprintf.o)
                0x080090a4                vsnprintf
 .text.memset   0x0800911c       0xa4 I:/ARM-GN~1.3/133167~1.3RE/bin/../lib/gcc/arm-none-eabi/13.3.1/thumb/v7e-m+fp/hard\libg.a(libc_a-memset.o)
                0x0800911c                memset
 .text._close_r
                0x080091c0       0x24 I:/ARM-GN~1.3/133167~1.3RE/bin/../lib/gcc/arm-none-eabi/13.3.1/thumb/v7e-m+fp/hard\libg.a(libc_a-closer.o)
                0x080091c0                _close_r
 .text._lseek_r
                0x080091e4       0x2c I:/ARM-GN~1.3/133167~1.3RE/bin/../lib/gcc/arm-none-eabi/13.3.1/thumb/v7e-m+fp/hard\libg.a(libc_a-lseekr.o)
                0x080091e4                _lseek_r
 .text._read_r  0x08009210       0x2c I:/ARM-GN~1.3/133167~1.3RE/bin/../lib/gcc/arm-none-eabi/13.3.1/thumb/v7e-m+fp/hard\libg.a(libc_a-readr.o)
                0x08009210                _read_r
 .text._write_r
                0x0800923c       0x2c I:/ARM-GN~1.3/133167~1.3RE/bin/../lib/gcc/arm-none-eabi/13.3.1/thumb/v7e-m+fp/hard\libg.a(libc_a-writer.o)
                0x0800923c                _write_r
 .text.__errno  0x08009268        0xc I:/ARM-GN~1.3/133167~1.3RE/bin/../lib/gcc/arm-none-eabi/13.3.1/thumb/v7e-m+fp/hard\libg.a(libc_a-errno.o)
                0x08009268                __errno
 .text.__libc_init_array
                0x08009274       0x50 I:/ARM-GN~1.3/133167~1.3RE/bin/../lib/gcc/arm-none-eabi/13.3.1/thumb/v7e-m+fp/hard\libg.a(libc_a-init.o)
                0x08009274                __libc_init_array
 .text.__retarget_lock_init_recursive
                0x080092c4        0x4 I:/ARM-GN~1.3/133167~1.3RE/bin/../lib/gcc/arm-none-eabi/13.3.1/thumb/v7e-m+fp/hard\libg.a(libc_a-lock.o)
                0x080092c4                __retarget_lock_init_recursive
 .text.__retarget_lock_close_recursive
                0x080092c8        0x4 I:/ARM-GN~1.3/133167~1.3RE/bin/../lib/gcc/arm-none-eabi/13.3.1/thumb/v7e-m+fp/hard\libg.a(libc_a-lock.o)
                0x080092c8                __retarget_lock_close_recursive
 .text.__retarget_lock_acquire_recursive
                0x080092cc        0x4 I:/ARM-GN~1.3/133167~1.3RE/bin/../lib/gcc/arm-none-eabi/13.3.1/thumb/v7e-m+fp/hard\libg.a(libc_a-lock.o)
                0x080092cc                __retarget_lock_acquire_recursive
 .text.__retarget_lock_release_recursive
                0x080092d0        0x4 I:/ARM-GN~1.3/133167~1.3RE/bin/../lib/gcc/arm-none-eabi/13.3.1/thumb/v7e-m+fp/hard\libg.a(libc_a-lock.o)
                0x080092d0                __retarget_lock_release_recursive
 .text.startup.register_fini
                0x080092d4       0x14 I:/ARM-GN~1.3/133167~1.3RE/bin/../lib/gcc/arm-none-eabi/13.3.1/thumb/v7e-m+fp/hard\libg.a(libc_a-__call_atexit.o)
 .text.atexit   0x080092e8        0xc I:/ARM-GN~1.3/133167~1.3RE/bin/../lib/gcc/arm-none-eabi/13.3.1/thumb/v7e-m+fp/hard\libg.a(libc_a-atexit.o)
                0x080092e8                atexit
 .text._malloc_trim_r
                0x080092f4       0xb8 I:/ARM-GN~1.3/133167~1.3RE/bin/../lib/gcc/arm-none-eabi/13.3.1/thumb/v7e-m+fp/hard\libg.a(libc_a-freer.o)
                0x080092f4                _malloc_trim_r
 .text._free_r  0x080093ac      0x1f8 I:/ARM-GN~1.3/133167~1.3RE/bin/../lib/gcc/arm-none-eabi/13.3.1/thumb/v7e-m+fp/hard\libg.a(libc_a-freer.o)
                0x080093ac                _free_r
 .text._malloc_r
                0x080095a4      0x564 I:/ARM-GN~1.3/133167~1.3RE/bin/../lib/gcc/arm-none-eabi/13.3.1/thumb/v7e-m+fp/hard\libg.a(libc_a-mallocr.o)
                0x080095a4                _malloc_r
 .text.__malloc_lock
                0x08009b08        0xc I:/ARM-GN~1.3/133167~1.3RE/bin/../lib/gcc/arm-none-eabi/13.3.1/thumb/v7e-m+fp/hard\libg.a(libc_a-mlock.o)
                0x08009b08                __malloc_lock
 .text.__malloc_unlock
                0x08009b14        0xc I:/ARM-GN~1.3/133167~1.3RE/bin/../lib/gcc/arm-none-eabi/13.3.1/thumb/v7e-m+fp/hard\libg.a(libc_a-mlock.o)
                0x08009b14                __malloc_unlock
 .text._svfprintf_r
                0x08009b20     0x1b3c I:/ARM-GN~1.3/133167~1.3RE/bin/../lib/gcc/arm-none-eabi/13.3.1/thumb/v7e-m+fp/hard\libg.a(libc_a-svfprintf.o)
                0x08009b20                _svfprintf_r
 .text.__ssprint_r
                0x0800b65c       0x58 I:/ARM-GN~1.3/133167~1.3RE/bin/../lib/gcc/arm-none-eabi/13.3.1/thumb/v7e-m+fp/hard\libg.a(libc_a-ssprint_r.o)
                0x0800b65c                __ssprint_r
 .text._fclose_r
                0x0800b6b4       0xc0 I:/ARM-GN~1.3/133167~1.3RE/bin/../lib/gcc/arm-none-eabi/13.3.1/thumb/v7e-m+fp/hard\libg.a(libc_a-fclose.o)
                0x0800b6b4                _fclose_r
 .text.__sflush_r
                0x0800b774      0x138 I:/ARM-GN~1.3/133167~1.3RE/bin/../lib/gcc/arm-none-eabi/13.3.1/thumb/v7e-m+fp/hard\libg.a(libc_a-fflush.o)
                0x0800b774                __sflush_r
 .text._fflush_r
                0x0800b8ac       0x54 I:/ARM-GN~1.3/133167~1.3RE/bin/../lib/gcc/arm-none-eabi/13.3.1/thumb/v7e-m+fp/hard\libg.a(libc_a-fflush.o)
                0x0800b8ac                _fflush_r
 .text.strncpy  0x0800b900       0x68 I:/ARM-GN~1.3/133167~1.3RE/bin/../lib/gcc/arm-none-eabi/13.3.1/thumb/v7e-m+fp/hard\libg.a(libc_a-strncpy.o)
                0x0800b900                strncpy
 .text.__locale_mb_cur_max
                0x0800b968        0xc I:/ARM-GN~1.3/133167~1.3RE/bin/../lib/gcc/arm-none-eabi/13.3.1/thumb/v7e-m+fp/hard\libg.a(libc_a-locale.o)
                0x0800b968                __locale_mb_cur_max
 .text._localeconv_r
                0x0800b974        0x8 I:/ARM-GN~1.3/133167~1.3RE/bin/../lib/gcc/arm-none-eabi/13.3.1/thumb/v7e-m+fp/hard\libg.a(libc_a-localeconv.o)
                0x0800b974                _localeconv_r
 .text._sbrk_r  0x0800b97c       0x24 I:/ARM-GN~1.3/133167~1.3RE/bin/../lib/gcc/arm-none-eabi/13.3.1/thumb/v7e-m+fp/hard\libg.a(libc_a-sbrkr.o)
                0x0800b97c                _sbrk_r
 .text.__libc_fini_array
                0x0800b9a0       0x28 I:/ARM-GN~1.3/133167~1.3RE/bin/../lib/gcc/arm-none-eabi/13.3.1/thumb/v7e-m+fp/hard\libg.a(libc_a-fini.o)
                0x0800b9a0                __libc_fini_array
 .text.sysconf  0x0800b9c8       0x1c I:/ARM-GN~1.3/133167~1.3RE/bin/../lib/gcc/arm-none-eabi/13.3.1/thumb/v7e-m+fp/hard\libg.a(libc_a-sysconf.o)
                0x0800b9c8                sysconf
 .text.frexp    0x0800b9e4       0x64 I:/ARM-GN~1.3/133167~1.3RE/bin/../lib/gcc/arm-none-eabi/13.3.1/thumb/v7e-m+fp/hard\libg.a(libm_a-s_frexp.o)
                0x0800b9e4                frexp
 .text.__register_exitproc
                0x0800ba48       0x80 I:/ARM-GN~1.3/133167~1.3RE/bin/../lib/gcc/arm-none-eabi/13.3.1/thumb/v7e-m+fp/hard\libg.a(libc_a-__atexit.o)
                0x0800ba48                __register_exitproc
 .text.quorem   0x0800bac8      0x12c I:/ARM-GN~1.3/133167~1.3RE/bin/../lib/gcc/arm-none-eabi/13.3.1/thumb/v7e-m+fp/hard\libg.a(libc_a-dtoa.o)
 *fill*         0x0800bbf4        0x4 
 .text._dtoa_r  0x0800bbf8      0xe80 I:/ARM-GN~1.3/133167~1.3RE/bin/../lib/gcc/arm-none-eabi/13.3.1/thumb/v7e-m+fp/hard\libg.a(libc_a-dtoa.o)
                0x0800bbf8                _dtoa_r
 .text.__ascii_mbtowc
                0x0800ca78       0x2c I:/ARM-GN~1.3/133167~1.3RE/bin/../lib/gcc/arm-none-eabi/13.3.1/thumb/v7e-m+fp/hard\libg.a(libc_a-mbtowc_r.o)
                0x0800ca78                __ascii_mbtowc
 .text._Balloc  0x0800caa4       0x4c I:/ARM-GN~1.3/133167~1.3RE/bin/../lib/gcc/arm-none-eabi/13.3.1/thumb/v7e-m+fp/hard\libg.a(libc_a-mprec.o)
                0x0800caa4                _Balloc
 .text._Bfree   0x0800caf0       0x14 I:/ARM-GN~1.3/133167~1.3RE/bin/../lib/gcc/arm-none-eabi/13.3.1/thumb/v7e-m+fp/hard\libg.a(libc_a-mprec.o)
                0x0800caf0                _Bfree
 .text.__multadd
                0x0800cb04       0xa0 I:/ARM-GN~1.3/133167~1.3RE/bin/../lib/gcc/arm-none-eabi/13.3.1/thumb/v7e-m+fp/hard\libg.a(libc_a-mprec.o)
                0x0800cb04                __multadd
 .text.__hi0bits
                0x0800cba4       0x44 I:/ARM-GN~1.3/133167~1.3RE/bin/../lib/gcc/arm-none-eabi/13.3.1/thumb/v7e-m+fp/hard\libg.a(libc_a-mprec.o)
                0x0800cba4                __hi0bits
 .text.__lo0bits
                0x0800cbe8       0x60 I:/ARM-GN~1.3/133167~1.3RE/bin/../lib/gcc/arm-none-eabi/13.3.1/thumb/v7e-m+fp/hard\libg.a(libc_a-mprec.o)
                0x0800cbe8                __lo0bits
 .text.__i2b    0x0800cc48       0x5c I:/ARM-GN~1.3/133167~1.3RE/bin/../lib/gcc/arm-none-eabi/13.3.1/thumb/v7e-m+fp/hard\libg.a(libc_a-mprec.o)
                0x0800cc48                __i2b
 .text.__multiply
                0x0800cca4      0x16c I:/ARM-GN~1.3/133167~1.3RE/bin/../lib/gcc/arm-none-eabi/13.3.1/thumb/v7e-m+fp/hard\libg.a(libc_a-mprec.o)
                0x0800cca4                __multiply
 .text.__pow5mult
                0x0800ce10       0xb4 I:/ARM-GN~1.3/133167~1.3RE/bin/../lib/gcc/arm-none-eabi/13.3.1/thumb/v7e-m+fp/hard\libg.a(libc_a-mprec.o)
                0x0800ce10                __pow5mult
 .text.__lshift
                0x0800cec4       0xf0 I:/ARM-GN~1.3/133167~1.3RE/bin/../lib/gcc/arm-none-eabi/13.3.1/thumb/v7e-m+fp/hard\libg.a(libc_a-mprec.o)
                0x0800cec4                __lshift
 .text.__mcmp   0x0800cfb4       0x44 I:/ARM-GN~1.3/133167~1.3RE/bin/../lib/gcc/arm-none-eabi/13.3.1/thumb/v7e-m+fp/hard\libg.a(libc_a-mprec.o)
                0x0800cfb4                __mcmp
 .text.__mdiff  0x0800cff8      0x178 I:/ARM-GN~1.3/133167~1.3RE/bin/../lib/gcc/arm-none-eabi/13.3.1/thumb/v7e-m+fp/hard\libg.a(libc_a-mprec.o)
                0x0800cff8                __mdiff
 .text.__d2b    0x0800d170       0xc0 I:/ARM-GN~1.3/133167~1.3RE/bin/../lib/gcc/arm-none-eabi/13.3.1/thumb/v7e-m+fp/hard\libg.a(libc_a-mprec.o)
                0x0800d170                __d2b
 .text.__ascii_wctomb
                0x0800d230       0x1c I:/ARM-GN~1.3/133167~1.3RE/bin/../lib/gcc/arm-none-eabi/13.3.1/thumb/v7e-m+fp/hard\libg.a(libc_a-wctomb_r.o)
                0x0800d230                __ascii_wctomb
 .text._wcrtomb_r
                0x0800d24c       0x4c I:/ARM-GN~1.3/133167~1.3RE/bin/../lib/gcc/arm-none-eabi/13.3.1/thumb/v7e-m+fp/hard\libg.a(libc_a-wcrtomb.o)
                0x0800d24c                _wcrtomb_r
 .text._wcsrtombs_r
                0x0800d298       0x18 I:/ARM-GN~1.3/133167~1.3RE/bin/../lib/gcc/arm-none-eabi/13.3.1/thumb/v7e-m+fp/hard\libg.a(libc_a-wcsrtombs.o)
                0x0800d298                _wcsrtombs_r
 .text.__ssputs_r
                0x0800d2b0       0xc0 I:/ARM-GN~1.3/133167~1.3RE/bin/../lib/gcc/arm-none-eabi/13.3.1/thumb/v7e-m+fp/hard\libg.a(libc_a-ssputs_r.o)
                0x0800d2b0                __ssputs_r
 .text.memmove  0x0800d370      0x100 I:/ARM-GN~1.3/133167~1.3RE/bin/../lib/gcc/arm-none-eabi/13.3.1/thumb/v7e-m+fp/hard\libg.a(libc_a-memmove.o)
                0x0800d370                memmove
 .text.__assert_func
                0x0800d470       0x40 I:/ARM-GN~1.3/133167~1.3RE/bin/../lib/gcc/arm-none-eabi/13.3.1/thumb/v7e-m+fp/hard\libg.a(libc_a-assert.o)
                0x0800d470                __assert_func
 .text._calloc_r
                0x0800d4b0       0x6c I:/ARM-GN~1.3/133167~1.3RE/bin/../lib/gcc/arm-none-eabi/13.3.1/thumb/v7e-m+fp/hard\libg.a(libc_a-callocr.o)
                0x0800d4b0                _calloc_r
 .text._realloc_r
                0x0800d51c      0x344 I:/ARM-GN~1.3/133167~1.3RE/bin/../lib/gcc/arm-none-eabi/13.3.1/thumb/v7e-m+fp/hard\libg.a(libc_a-reallocr.o)
                0x0800d51c                _realloc_r
 .text._wcsnrtombs_l
                0x0800d860       0xfc I:/ARM-GN~1.3/133167~1.3RE/bin/../lib/gcc/arm-none-eabi/13.3.1/thumb/v7e-m+fp/hard\libg.a(libc_a-wcsnrtombs.o)
                0x0800d860                _wcsnrtombs_l
 .text._wcsnrtombs_r
                0x0800d95c       0x24 I:/ARM-GN~1.3/133167~1.3RE/bin/../lib/gcc/arm-none-eabi/13.3.1/thumb/v7e-m+fp/hard\libg.a(libc_a-wcsnrtombs.o)
                0x0800d95c                _wcsnrtombs_r
 .text.fiprintf
                0x0800d980       0x28 I:/ARM-GN~1.3/133167~1.3RE/bin/../lib/gcc/arm-none-eabi/13.3.1/thumb/v7e-m+fp/hard\libg.a(libc_a-fiprintf.o)
                0x0800d980                fiprintf
 .text._vfiprintf_r
                0x0800d9a8      0xe68 I:/ARM-GN~1.3/133167~1.3RE/bin/../lib/gcc/arm-none-eabi/13.3.1/thumb/v7e-m+fp/hard\libg.a(libc_a-vfiprintf.o)
                0x0800d9a8                _vfiprintf_r
 .text.__sbprintf
                0x0800e810       0x80 I:/ARM-GN~1.3/133167~1.3RE/bin/../lib/gcc/arm-none-eabi/13.3.1/thumb/v7e-m+fp/hard\libg.a(libc_a-vfiprintf.o)
 .text.__sprint_r
                0x0800e890       0x20 I:/ARM-GN~1.3/133167~1.3RE/bin/../lib/gcc/arm-none-eabi/13.3.1/thumb/v7e-m+fp/hard\libg.a(libc_a-sprint_r.o)
                0x0800e890                __sprint_r
 .text.__sfvwrite_r
                0x0800e8b0      0x300 I:/ARM-GN~1.3/133167~1.3RE/bin/../lib/gcc/arm-none-eabi/13.3.1/thumb/v7e-m+fp/hard\libg.a(libc_a-fvwrite.o)
                0x0800e8b0                __sfvwrite_r
 .text.__swsetup_r
                0x0800ebb0       0xc4 I:/ARM-GN~1.3/133167~1.3RE/bin/../lib/gcc/arm-none-eabi/13.3.1/thumb/v7e-m+fp/hard\libg.a(libc_a-wsetup.o)
                0x0800ebb0                __swsetup_r
 .text.abort    0x0800ec74       0x10 I:/ARM-GN~1.3/133167~1.3RE/bin/../lib/gcc/arm-none-eabi/13.3.1/thumb/v7e-m+fp/hard\libg.a(libc_a-abort.o)
                0x0800ec74                abort
 .text.__smakebuf_r
                0x0800ec84       0xdc I:/ARM-GN~1.3/133167~1.3RE/bin/../lib/gcc/arm-none-eabi/13.3.1/thumb/v7e-m+fp/hard\libg.a(libc_a-makebuf.o)
                0x0800ec84                __smakebuf_r
 .text.raise    0x0800ed60       0x58 I:/ARM-GN~1.3/133167~1.3RE/bin/../lib/gcc/arm-none-eabi/13.3.1/thumb/v7e-m+fp/hard\libg.a(libc_a-signal.o)
                0x0800ed60                raise
 .text._fstat_r
                0x0800edb8       0x2c I:/ARM-GN~1.3/133167~1.3RE/bin/../lib/gcc/arm-none-eabi/13.3.1/thumb/v7e-m+fp/hard\libg.a(libc_a-fstatr.o)
                0x0800edb8                _fstat_r
 .text._isatty_r
                0x0800ede4       0x24 I:/ARM-GN~1.3/133167~1.3RE/bin/../lib/gcc/arm-none-eabi/13.3.1/thumb/v7e-m+fp/hard\libg.a(libc_a-isattyr.o)
                0x0800ede4                _isatty_r
 .text._kill_r  0x0800ee08       0x2c I:/ARM-GN~1.3/133167~1.3RE/bin/../lib/gcc/arm-none-eabi/13.3.1/thumb/v7e-m+fp/hard\libg.a(libc_a-signalr.o)
                0x0800ee08                _kill_r
 .text._getpid_r
                0x0800ee34        0x4 I:/ARM-GN~1.3/133167~1.3RE/bin/../lib/gcc/arm-none-eabi/13.3.1/thumb/v7e-m+fp/hard\libg.a(libc_a-signalr.o)
                0x0800ee34                _getpid_r
 *(.glue_7)
 .glue_7        0x0800ee38        0x0 linker stubs
 *(.glue_7t)
 .glue_7t       0x0800ee38        0x0 linker stubs
 *(.eh_frame)
 .eh_frame      0x0800ee38        0x0 I:/ARM-GN~1.3/133167~1.3RE/bin/../lib/gcc/arm-none-eabi/13.3.1/thumb/v7e-m+fp/hard/crtbegin.o
 *(.init)
 .init          0x0800ee38        0x4 I:/ARM-GN~1.3/133167~1.3RE/bin/../lib/gcc/arm-none-eabi/13.3.1/thumb/v7e-m+fp/hard/crti.o
                0x0800ee38                _init
 .init          0x0800ee3c        0x8 I:/ARM-GN~1.3/133167~1.3RE/bin/../lib/gcc/arm-none-eabi/13.3.1/thumb/v7e-m+fp/hard/crtn.o
 *(.fini)
 .fini          0x0800ee44        0x4 I:/ARM-GN~1.3/133167~1.3RE/bin/../lib/gcc/arm-none-eabi/13.3.1/thumb/v7e-m+fp/hard/crti.o
                0x0800ee44                _fini
 .fini          0x0800ee48        0x8 I:/ARM-GN~1.3/133167~1.3RE/bin/../lib/gcc/arm-none-eabi/13.3.1/thumb/v7e-m+fp/hard/crtn.o
                0x0800ee50                        . = ALIGN (0x4)
                0x0800ee50                        _etext = .

.vfp11_veneer   0x0800ee50        0x0
 .vfp11_veneer  0x0800ee50        0x0 linker stubs

.v4_bx          0x0800ee50        0x0
 .v4_bx         0x0800ee50        0x0 linker stubs

.iplt           0x0800ee50        0x0
 .iplt          0x0800ee50        0x0 I:/ARM-GN~1.3/133167~1.3RE/bin/../lib/gcc/arm-none-eabi/13.3.1/thumb/v7e-m+fp/hard/crtbegin.o

.rodata         0x0800ee50      0x854
                0x0800ee50                        . = ALIGN (0x4)
 *(.rodata)
 .rodata        0x0800ee50       0x54 CMakeFiles/STM32F411CEU6.elf.dir/Core/Src/freertos.c.obj
 *(.rodata*)
 .rodata.str1.4
                0x0800eea4      0x29f CMakeFiles/STM32F411CEU6.elf.dir/Core/Src/freertos.c.obj
                                 0x26 (size before relaxing)
 *fill*         0x0800f143        0x1 
 .rodata.APBPrescTable
                0x0800f144        0x8 CMakeFiles/STM32F411CEU6.elf.dir/Core/Src/system_stm32f4xx.c.obj
                0x0800f144                APBPrescTable
 .rodata.AHBPrescTable
                0x0800f14c       0x10 CMakeFiles/STM32F411CEU6.elf.dir/Core/Src/system_stm32f4xx.c.obj
                0x0800f14c                AHBPrescTable
 .rodata.flagBitshiftOffset.0
                0x0800f15c        0x8 CMakeFiles/STM32F411CEU6.elf.dir/Drivers/STM32F4xx_HAL_Driver/Src/stm32f4xx_hal_dma.c.obj
 .rodata.vTaskStartScheduler.str1.4
                0x0800f164        0x5 CMakeFiles/STM32F411CEU6.elf.dir/Middlewares/Third_Party/FreeRTOS/Source/tasks.c.obj
 .rodata.wCRC_table
                0x0800f164      0x200 CMakeFiles/STM32F411CEU6.elf.dir/USER/Algorithm/Crc8_Crc16/crc8_crc16.c.obj
                0x0800f164                wCRC_table
 .rodata.CRC8_table
                0x0800f364      0x100 CMakeFiles/STM32F411CEU6.elf.dir/USER/Algorithm/Crc8_Crc16/crc8_crc16.c.obj
                0x0800f364                CRC8_table
 .rodata.AS5600_Set_TempZeroByReg_5.str1.4
                0x0800f464       0x26 CMakeFiles/STM32F411CEU6.elf.dir/USER/Module/IIC/Hardware_IIC/Hardware_i2c1.c.obj
 .rodata.isBusy.str1.4
                0x0800f464       0x21 CMakeFiles/STM32F411CEU6.elf.dir/USER/Module/IIC/Virtual_IIC/iic1.c.obj
 .rodata.AS5600_Set_TempZeroByReg_1.str1.4
                0x0800f464       0x26 CMakeFiles/STM32F411CEU6.elf.dir/USER/Module/IIC/Virtual_IIC/iic1.c.obj
 .rodata.isBusy.str1.4
                0x0800f464       0x21 CMakeFiles/STM32F411CEU6.elf.dir/USER/Module/IIC/Virtual_IIC/iic2.c.obj
 .rodata.AS5600_Set_TempZeroByReg_2.str1.4
                0x0800f464       0x26 CMakeFiles/STM32F411CEU6.elf.dir/USER/Module/IIC/Virtual_IIC/iic2.c.obj
 .rodata.isBusy.str1.4
                0x0800f464       0x21 CMakeFiles/STM32F411CEU6.elf.dir/USER/Module/IIC/Virtual_IIC/iic3.c.obj
 .rodata.AS5600_Set_TempZeroByReg_3.str1.4
                0x0800f464       0x26 CMakeFiles/STM32F411CEU6.elf.dir/USER/Module/IIC/Virtual_IIC/iic3.c.obj
 .rodata.isBusy.str1.4
                0x0800f464       0x27 CMakeFiles/STM32F411CEU6.elf.dir/USER/Module/IIC/Virtual_IIC/iic4.c.obj
 .rodata.AS5600_Set_TempZeroByReg_4.str1.4
                0x0800f464       0x2e CMakeFiles/STM32F411CEU6.elf.dir/USER/Module/IIC/Virtual_IIC/iic4.c.obj
 .rodata._svfprintf_r.str1.4
                0x0800f464       0x42 I:/ARM-GN~1.3/133167~1.3RE/bin/../lib/gcc/arm-none-eabi/13.3.1/thumb/v7e-m+fp/hard\libg.a(libc_a-svfprintf.o)
 .rodata.zeroes.0
                0x0800f464       0x10 I:/ARM-GN~1.3/133167~1.3RE/bin/../lib/gcc/arm-none-eabi/13.3.1/thumb/v7e-m+fp/hard\libg.a(libc_a-svfprintf.o)
 .rodata.blanks.1