Archive member included to satisfy reference by file (symbol)

d:/env/env-windows/tools/gnu_gcc/arm_gcc/mingw/bin/../lib/gcc/arm-none-eabi/10.3.1/thumb/v7e-m+fp/hard\libgcc.a(_arm_addsubdf3.o)
                              CMakeFiles/STM32F411CEU6.elf.dir/USER/Module/Dwt/drv_dwt.c.obj (__aeabi_ui2d)
d:/env/env-windows/tools/gnu_gcc/arm_gcc/mingw/bin/../lib/gcc/arm-none-eabi/10.3.1/thumb/v7e-m+fp/hard\libgcc.a(_arm_muldivdf3.o)
                              CMakeFiles/STM32F411CEU6.elf.dir/USER/Module/Dwt/drv_dwt.c.obj (__aeabi_ddiv)
d:/env/env-windows/tools/gnu_gcc/arm_gcc/mingw/bin/../lib/gcc/arm-none-eabi/10.3.1/thumb/v7e-m+fp/hard\libgcc.a(_arm_addsubsf3.o)
                              CMakeFiles/STM32F411CEU6.elf.dir/USER/Module/Dwt/drv_dwt.c.obj (__aeabi_ul2f)
d:/env/env-windows/tools/gnu_gcc/arm_gcc/mingw/bin/../lib/gcc/arm-none-eabi/10.3.1/thumb/v7e-m+fp/hard\libgcc.a(_aeabi_uldivmod.o)
                              CMakeFiles/STM32F411CEU6.elf.dir/Drivers/STM32F4xx_HAL_Driver/Src/stm32f4xx_hal_rcc.c.obj (__aeabi_uldivmod)
d:/env/env-windows/tools/gnu_gcc/arm_gcc/mingw/bin/../lib/gcc/arm-none-eabi/10.3.1/thumb/v7e-m+fp/hard\libgcc.a(_fixunssfdi.o)
                              CMakeFiles/STM32F411CEU6.elf.dir/USER/Module/Dwt/drv_dwt.c.obj (__aeabi_f2ulz)
d:/env/env-windows/tools/gnu_gcc/arm_gcc/mingw/bin/../lib/gcc/arm-none-eabi/10.3.1/thumb/v7e-m+fp/hard\libgcc.a(_udivmoddi4.o)
                              d:/env/env-windows/tools/gnu_gcc/arm_gcc/mingw/bin/../lib/gcc/arm-none-eabi/10.3.1/thumb/v7e-m+fp/hard\libgcc.a(_aeabi_uldivmod.o) (__udivmoddi4)
d:/env/env-windows/tools/gnu_gcc/arm_gcc/mingw/bin/../lib/gcc/arm-none-eabi/10.3.1/thumb/v7e-m+fp/hard\libgcc.a(_dvmd_tls.o)
                              d:/env/env-windows/tools/gnu_gcc/arm_gcc/mingw/bin/../lib/gcc/arm-none-eabi/10.3.1/thumb/v7e-m+fp/hard\libgcc.a(_aeabi_uldivmod.o) (__aeabi_ldiv0)
d:/env/env-windows/tools/gnu_gcc/arm_gcc/mingw/bin/../lib/gcc/arm-none-eabi/10.3.1/thumb/v7e-m+fp/hard\libgcc.a(_arm_fixunsdfsi.o)
                              d:/env/env-windows/tools/gnu_gcc/arm_gcc/mingw/bin/../lib/gcc/arm-none-eabi/10.3.1/thumb/v7e-m+fp/hard\libgcc.a(_fixunssfdi.o) (__aeabi_d2uiz)
d:/env/env-windows/tools/gnu_gcc/arm_gcc/mingw/bin/../lib/gcc/arm-none-eabi/10.3.1/../../../../arm-none-eabi/lib/thumb/v7e-m+fp/hard\libg.a(lib_a-errno.o)
                              CMakeFiles/STM32F411CEU6.elf.dir/Core/Src/syscalls.c.obj (__errno)
d:/env/env-windows/tools/gnu_gcc/arm_gcc/mingw/bin/../lib/gcc/arm-none-eabi/10.3.1/../../../../arm-none-eabi/lib/thumb/v7e-m+fp/hard\libg.a(lib_a-exit.o)
                              d:/env/env-windows/tools/gnu_gcc/arm_gcc/mingw/bin/../lib/gcc/arm-none-eabi/10.3.1/../../../../arm-none-eabi/lib/thumb/v7e-m+fp/hard/crt0.o (exit)
d:/env/env-windows/tools/gnu_gcc/arm_gcc/mingw/bin/../lib/gcc/arm-none-eabi/10.3.1/../../../../arm-none-eabi/lib/thumb/v7e-m+fp/hard\libg.a(lib_a-impure.o)
                              d:/env/env-windows/tools/gnu_gcc/arm_gcc/mingw/bin/../lib/gcc/arm-none-eabi/10.3.1/../../../../arm-none-eabi/lib/thumb/v7e-m+fp/hard\libg.a(lib_a-exit.o) (_global_impure_ptr)
d:/env/env-windows/tools/gnu_gcc/arm_gcc/mingw/bin/../lib/gcc/arm-none-eabi/10.3.1/../../../../arm-none-eabi/lib/thumb/v7e-m+fp/hard\libg.a(lib_a-init.o)
                              d:/env/env-windows/tools/gnu_gcc/arm_gcc/mingw/bin/../lib/gcc/arm-none-eabi/10.3.1/../../../../arm-none-eabi/lib/thumb/v7e-m+fp/hard/crt0.o (__libc_init_array)
d:/env/env-windows/tools/gnu_gcc/arm_gcc/mingw/bin/../lib/gcc/arm-none-eabi/10.3.1/../../../../arm-none-eabi/lib/thumb/v7e-m+fp/hard\libg.a(lib_a-memcpy.o)
                              CMakeFiles/STM32F411CEU6.elf.dir/Middlewares/Third_Party/FreeRTOS/Source/queue.c.obj (memcpy)
d:/env/env-windows/tools/gnu_gcc/arm_gcc/mingw/bin/../lib/gcc/arm-none-eabi/10.3.1/../../../../arm-none-eabi/lib/thumb/v7e-m+fp/hard\libg.a(lib_a-memset.o)
                              d:/env/env-windows/tools/gnu_gcc/arm_gcc/mingw/bin/../lib/gcc/arm-none-eabi/10.3.1/../../../../arm-none-eabi/lib/thumb/v7e-m+fp/hard/crt0.o (memset)
d:/env/env-windows/tools/gnu_gcc/arm_gcc/mingw/bin/../lib/gcc/arm-none-eabi/10.3.1/../../../../arm-none-eabi/lib/thumb/v7e-m+fp/hard\libg.a(lib_a-vsnprintf.o)
                              CMakeFiles/STM32F411CEU6.elf.dir/USER/Task/USART/usart_task.c.obj (vsnprintf)
d:/env/env-windows/tools/gnu_gcc/arm_gcc/mingw/bin/../lib/gcc/arm-none-eabi/10.3.1/../../../../arm-none-eabi/lib/thumb/v7e-m+fp/hard\libg.a(lib_a-__call_atexit.o)
                              d:/env/env-windows/tools/gnu_gcc/arm_gcc/mingw/bin/../lib/gcc/arm-none-eabi/10.3.1/../../../../arm-none-eabi/lib/thumb/v7e-m+fp/hard\libg.a(lib_a-exit.o) (__call_exitprocs)
d:/env/env-windows/tools/gnu_gcc/arm_gcc/mingw/bin/../lib/gcc/arm-none-eabi/10.3.1/../../../../arm-none-eabi/lib/thumb/v7e-m+fp/hard\libg.a(lib_a-atexit.o)
[...]
Memory Configuration

Name             Origin             Length             Attributes
RAM              0x20000000         0x00020000         xrw
FLASH            0x08000000         0x00080000         xr
*default*        0x00000000         0xffffffff

Linker script and memory map

LOAD d:/env/env-windows/tools/gnu_gcc/arm_gcc/mingw/bin/../lib/gcc/arm-none-eabi/10.3.1/thumb/v7e-m+fp/hard/crti.o
LOAD d:/env/env-windows/tools/gnu_gcc/arm_gcc/mingw/bin/../lib/gcc/arm-none-eabi/10.3.1/thumb/v7e-m+fp/hard/crtbegin.o
LOAD d:/env/env-windows/tools/gnu_gcc/arm_gcc/mingw/bin/../lib/gcc/arm-none-eabi/10.3.1/../../../../arm-none-eabi/lib/thumb/v7e-m+fp/hard/crt0.o
LOAD CMakeFiles/STM32F411CEU6.elf.dir/Core/Src/adc.c.obj
LOAD CMakeFiles/STM32F411CEU6.elf.dir/Core/Src/dma.c.obj
LOAD CMakeFiles/STM32F411CEU6.elf.dir/Core/Src/freertos.c.obj
LOAD CMakeFiles/STM32F411CEU6.elf.dir/Core/Src/gpio.c.obj
LOAD CMakeFiles/STM32F411CEU6.elf.dir/Core/Src/i2c.c.obj
LOAD CMakeFiles/STM32F411CEU6.elf.dir/Core/Src/main.c.obj
LOAD CMakeFiles/STM32F411CEU6.elf.dir/Core/Src/stm32f4xx_hal_msp.c.obj
LOAD CMakeFiles/STM32F411CEU6.elf.dir/Core/Src/stm32f4xx_hal_timebase_tim.c.obj
LOAD CMakeFiles/STM32F411CEU6.elf.dir/Core/Src/stm32f4xx_it.c.obj
LOAD CMakeFiles/STM32F411CEU6.elf.dir/Core/Src/syscalls.c.obj
LOAD CMakeFiles/STM32F411CEU6.elf.dir/Core/Src/sysmem.c.obj
LOAD CMakeFiles/STM32F411CEU6.elf.dir/Core/Src/system_stm32f4xx.c.obj
LOAD CMakeFiles/STM32F411CEU6.elf.dir/Core/Src/tim.c.obj
LOAD CMakeFiles/STM32F411CEU6.elf.dir/Core/Src/usart.c.obj
LOAD CMakeFiles/STM32F411CEU6.elf.dir/Core/Startup/startup_stm32f411ceux.s.obj
LOAD CMakeFiles/STM32F411CEU6.elf.dir/Drivers/STM32F4xx_HAL_Driver/Src/stm32f4xx_hal.c.obj
LOAD CMakeFiles/STM32F411CEU6.elf.dir/Drivers/STM32F4xx_HAL_Driver/Src/stm32f4xx_hal_adc.c.obj
LOAD CMakeFiles/STM32F411CEU6.elf.dir/Drivers/STM32F4xx_HAL_Driver/Src/stm32f4xx_hal_adc_ex.c.obj
LOAD CMakeFiles/STM32F411CEU6.elf.dir/Drivers/STM32F4xx_HAL_Driver/Src/stm32f4xx_hal_cortex.c.obj
LOAD CMakeFiles/STM32F411CEU6.elf.dir/Drivers/STM32F4xx_HAL_Driver/Src/stm32f4xx_hal_dma.c.obj
LOAD CMakeFiles/STM32F411CEU6.elf.dir/Drivers/STM32F4xx_HAL_Driver/Src/stm32f4xx_hal_dma_ex.c.obj
LOAD CMakeFiles/STM32F411CEU6.elf.dir/Drivers/STM32F4xx_HAL_Driver/Src/stm32f4xx_hal_exti.c.obj
LOAD CMakeFiles/STM32F411CEU6.elf.dir/Drivers/STM32F4xx_HAL_Driver/Src/stm32f4xx_hal_flash.c.obj
LOAD CMakeFiles/STM32F411CEU6.elf.dir/Drivers/STM32F4xx_HAL_Driver/Src/stm32f4xx_hal_flash_ex.c.obj
LOAD CMakeFiles/STM32F411CEU6.elf.dir/Drivers/STM32F4xx_HAL_Driver/Src/stm32f4xx_hal_flash_ramfunc.c.obj
LOAD CMakeFiles/STM32F411CEU6.elf.dir/Drivers/STM32F4xx_HAL_Driver/Src/stm32f4xx_hal_gpio.c.obj
LOAD CMakeFiles/STM32F411CEU6.elf.dir/Drivers/STM32F4xx_HAL_Driver/Src/stm32f4xx_hal_i2c.c.obj
LOAD CMakeFiles/STM32F411CEU6.elf.dir/Drivers/STM32F4xx_HAL_Driver/Src/stm32f4xx_hal_i2c_ex.c.obj
LOAD CMakeFiles/STM32F411CEU6.elf.dir/Drivers/STM32F4xx_HAL_Driver/Src/stm32f4xx_hal_pwr.c.obj
LOAD CMakeFiles/STM32F411CEU6.elf.dir/Drivers/STM32F4xx_HAL_Driver/Src/stm32f4xx_hal_pwr_ex.c.obj
LOAD CMakeFiles/STM32F411CEU6.elf.dir/Drivers/STM32F4xx_HAL_Driver/Src/stm32f4xx_hal_rcc.c.obj
LOAD CMakeFiles/STM32F411CEU6.elf.dir/Drivers/STM32F4xx_HAL_Driver/Src/stm32f4xx_hal_rcc_ex.c.obj
LOAD CMakeFiles/STM32F411CEU6.elf.dir/Drivers/STM32F4xx_HAL_Driver/Src/stm32f4xx_hal_tim.c.obj
LOAD CMakeFiles/STM32F411CEU6.elf.dir/Drivers/STM32F4xx_HAL_Driver/Src/stm32f4xx_hal_tim_ex.c.obj
LOAD CMakeFiles/STM32F411CEU6.elf.dir/Drivers/STM32F4xx_HAL_Driver/Src/stm32f4xx_hal_uart.c.obj
LOAD CMakeFiles/STM32F411CEU6.elf.dir/Drivers/STM32F4xx_HAL_Driver/Src/stm32f4xx_ll_adc.c.obj
LOAD CMakeFiles/STM32F411CEU6.elf.dir/Middlewares/Third_Party/FreeRTOS/Source/CMSIS_RTOS/cmsis_os.c.obj
LOAD CMakeFiles/STM32F411CEU6.elf.dir/Middlewares/Third_Party/FreeRTOS/Source/croutine.c.obj
LOAD CMakeFiles/STM32F411CEU6.elf.dir/Middlewares/Third_Party/FreeRTOS/Source/event_groups.c.obj
LOAD CMakeFiles/STM32F411CEU6.elf.dir/Middlewares/Third_Party/FreeRTOS/Source/list.c.obj
LOAD CMakeFiles/STM32F411CEU6.elf.dir/Middlewares/Third_Party/FreeRTOS/Source/portable/GCC/ARM_CM4F/port.c.obj
LOAD CMakeFiles/STM32F411CEU6.elf.dir/Middlewares/Third_Party/FreeRTOS/Source/portable/MemMang/heap_4.c.obj
LOAD CMakeFiles/STM32F411CEU6.elf.dir/Middlewares/Third_Party/FreeRTOS/Source/queue.c.obj
LOAD CMakeFiles/STM32F411CEU6.elf.dir/Middlewares/Third_Party/FreeRTOS/Source/stream_buffer.c.obj
LOAD CMakeFiles/STM32F411CEU6.elf.dir/Middlewares/Third_Party/FreeRTOS/Source/tasks.c.obj
LOAD CMakeFiles/STM32F411CEU6.elf.dir/Middlewares/Third_Party/FreeRTOS/Source/timers.c.obj
LOAD CMakeFiles/STM32F411CEU6.elf.dir/USER/Algorithm/Crc8_Crc16/crc8_crc16.c.obj
LOAD CMakeFiles/STM32F411CEU6.elf.dir/USER/Algorithm/Filter/filter.c.obj
LOAD CMakeFiles/STM32F411CEU6.elf.dir/USER/Algorithm/KalmanFilterOne/KalmanFilterOne.c.obj
LOAD CMakeFiles/STM32F411CEU6.elf.dir/USER/Module/Board_Device/Board_ADC_Voltage/adc_voltage.c.obj
LOAD CMakeFiles/STM32F411CEU6.elf.dir/USER/Module/Dwt/drv_dwt.c.obj
LOAD CMakeFiles/STM32F411CEU6.elf.dir/USER/Module/IIC/Hardware_IIC/Hardware_i2c1.c.obj
LOAD CMakeFiles/STM32F411CEU6.elf.dir/USER/Module/IIC/Virtual_IIC/iic1.c.obj
LOAD CMakeFiles/STM32F411CEU6.elf.dir/USER/Module/IIC/Virtual_IIC/iic2.c.obj
LOAD CMakeFiles/STM32F411CEU6.elf.dir/USER/Module/IIC/Virtual_IIC/iic3.c.obj
LOAD CMakeFiles/STM32F411CEU6.elf.dir/USER/Module/IIC/Virtual_IIC/iic4.c.obj
LOAD CMakeFiles/STM32F411CEU6.elf.dir/USER/Module/TIM_Delay/tim_delay.c.obj
LOAD CMakeFiles/STM32F411CEU6.elf.dir/USER/Task/Algorithm/algorithm_task.c.obj
LOAD CMakeFiles/STM32F411CEU6.elf.dir/USER/Task/Robot_Config/robot.c.obj
LOAD CMakeFiles/STM32F411CEU6.elf.dir/USER/Task/USART/usart_task.c.obj
LOAD CMakeFiles/STM32F411CEU6.elf.dir/USER/Task/USART_Send/send_task.c.obj
LOAD E:\GongCheng\STM32F411CEU6_UserControl\Middlewares\ST\ARM\DSP\Lib\libarm_cortexM4lf_math.a
START GROUP
LOAD d:/env/env-windows/tools/gnu_gcc/arm_gcc/mingw/bin/../lib/gcc/arm-none-eabi/10.3.1/thumb/v7e-m+fp/hard\libgcc.a
LOAD d:/env/env-windows/tools/gnu_gcc/arm_gcc/mingw/bin/../lib/gcc/arm-none-eabi/10.3.1/../../../../arm-none-eabi/lib/thumb/v7e-m+fp/hard\libg.a
LOAD d:/env/env-windows/tools/gnu_gcc/arm_gcc/mingw/bin/../lib/gcc/arm-none-eabi/10.3.1/../../../../arm-none-eabi/lib/thumb/v7e-m+fp/hard\libc.a
END GROUP
LOAD d:/env/env-windows/tools/gnu_gcc/arm_gcc/mingw/bin/../lib/gcc/arm-none-eabi/10.3.1/thumb/v7e-m+fp/hard/crtend.o
LOAD d:/env/env-windows/tools/gnu_gcc/arm_gcc/mingw/bin/../lib/gcc/arm-none-eabi/10.3.1/thumb/v7e-m+fp/hard/crtn.o
                0x20020000                _estack = (ORIGIN (RAM) + LENGTH (RAM))
                0x00001000                _Min_Heap_Size = 0x1000
                0x00001000                _Min_Stack_Size = 0x1000

.isr_vector     0x08000000      0x198
                0x08000000                . = ALIGN (0x4)
 *(.isr_vector)
 .isr_vector    0x08000000      0x198 CMakeFiles/STM32F411CEU6.elf.dir/Core/Startup/startup_stm32f411ceux.s.obj
                0x08000000                g_pfnVectors
                0x08000198                . = ALIGN (0x4)

.text           0x080001c0     0xed5c
                0x080001c0                . = ALIGN (0x4)
 *(.text)
 .text          0x080001c0       0x40 d:/env/env-windows/tools/gnu_gcc/arm_gcc/mingw/bin/../lib/gcc/arm-none-eabi/10.3.1/thumb/v7e-m+fp/hard/crtbegin.o
 .text          0x08000200      0x378 d:/env/env-windows/tools/gnu_gcc/arm_gcc/mingw/bin/../lib/gcc/arm-none-eabi/10.3.1/thumb/v7e-m+fp/hard\libgcc.a(_arm_addsubdf3.o)
                0x08000200                __aeabi_drsub
                0x08000208                __aeabi_dsub
                0x08000208                __subdf3
                0x0800020c                __aeabi_dadd
                0x0800020c                __adddf3
                0x08000484                __floatunsidf
                0x08000484                __aeabi_ui2d
                0x080004a4                __floatsidf
                0x080004a4                __aeabi_i2d
                0x080004c8                __aeabi_f2d
                0x080004c8                __extendsfdf2
                0x0800050c                __floatundidf
                0x0800050c                __aeabi_ul2d
                0x0800051c                __floatdidf
                0x0800051c                __aeabi_l2d
 .text          0x08000578      0x424 d:/env/env-windows/tools/gnu_gcc/arm_gcc/mingw/bin/../lib/gcc/arm-none-eabi/10.3.1/thumb/v7e-m+fp/hard\libgcc.a(_arm_muldivdf3.o)
                0x08000578                __aeabi_dmul
                0x08000578                __muldf3
                0x080007cc                __divdf3
                0x080007cc                __aeabi_ddiv
 .text          0x0800099c      0x21c d:/env/env-windows/tools/gnu_gcc/arm_gcc/mingw/bin/../lib/gcc/arm-none-eabi/10.3.1/thumb/v7e-m+fp/hard\libgcc.a(_arm_addsubsf3.o)
                0x0800099c                __aeabi_frsub
                0x080009a4                __subsf3
                0x080009a4                __aeabi_fsub
                0x080009a8                __aeabi_fadd
                0x080009a8                __addsf3
                0x08000b08                __aeabi_ui2f
                0x08000b08                __floatunsisf
                0x08000b10                __aeabi_i2f
                0x08000b10                __floatsisf
                0x08000b2c                __aeabi_ul2f
                0x08000b2c                __floatundisf
                0x08000b3c                __aeabi_l2f
                0x08000b3c                __floatdisf
 .text          0x08000bb8       0x30 d:/env/env-windows/tools/gnu_gcc/arm_gcc/mingw/bin/../lib/gcc/arm-none-eabi/10.3.1/thumb/v7e-m+fp/hard\libgcc.a(_aeabi_uldivmod.o)
                0x08000bb8                __aeabi_uldivmod
 .text          0x08000be8      0x2d0 d:/env/env-windows/tools/gnu_gcc/arm_gcc/mingw/bin/../lib/gcc/arm-none-eabi/10.3.1/thumb/v7e-m+fp/hard\libgcc.a(_udivmoddi4.o)
                0x08000be8                __udivmoddi4
 .text          0x08000eb8        0x4 d:/env/env-windows/tools/gnu_gcc/arm_gcc/mingw/bin/../lib/gcc/arm-none-eabi/10.3.1/thumb/v7e-m+fp/hard\libgcc.a(_dvmd_tls.o)
                0x08000eb8                __aeabi_idiv0
                0x08000eb8                __aeabi_ldiv0
 .text          0x08000ebc      0x134 d:/env/env-windows/tools/gnu_gcc/arm_gcc/mingw/bin/../lib/gcc/arm-none-eabi/10.3.1/../../../../arm-none-eabi/lib/thumb/v7e-m+fp/hard\libg.a(lib_a-memcpy.o)
                0x08000ebc                memcpy
 .text          0x08000ff0       0xa0 d:/env/env-windows/tools/gnu_gcc/arm_gcc/mingw/bin/../lib/gcc/arm-none-eabi/10.3.1/../../../../arm-none-eabi/lib/thumb/v7e-m+fp/hard\libg.a(lib_a-memchr.o)
                0x08000ff0                memchr
 *fill*         0x08001090       0x30 
 .text          0x080010c0       0xdc d:/env/env-windows/tools/gnu_gcc/arm_gcc/mingw/bin/../lib/gcc/arm-none-eabi/10.3.1/../../../../arm-none-eabi/lib/thumb/v7e-m+fp/hard\libg.a(lib_a-strlen.o)
                0x080010c0                strlen
 .text          0x0800119c      0x110 d:/env/env-windows/tools/gnu_gcc/arm_gcc/mingw/bin/../lib/gcc/arm-none-eabi/10.3.1/thumb/v7e-m+fp/hard\libgcc.a(_arm_cmpdf2.o)
                0x0800119c                __gtdf2
                0x0800119c                __gedf2
                0x080011a4                __ltdf2
                0x080011a4                __ledf2
                0x080011ac                __nedf2
                0x080011ac                __eqdf2
                0x080011ac                __cmpdf2
                0x08001228                __aeabi_cdrcmple
                0x08001238                __aeabi_cdcmpeq
                0x08001238                __aeabi_cdcmple
                0x08001248                __aeabi_dcmpeq
                0x0800125c                __aeabi_dcmplt
                0x08001270                __aeabi_dcmple
                0x08001284                __aeabi_dcmpge
                0x08001298                __aeabi_dcmpgt
 .text          0x080012ac       0x2c d:/env/env-windows/tools/gnu_gcc/arm_gcc/mingw/bin/../lib/gcc/arm-none-eabi/10.3.1/thumb/v7e-m+fp/hard\libgcc.a(_arm_unorddf2.o)
                0x080012ac                __unorddf2
                0x080012ac                __aeabi_dcmpun
 .text          0x080012d8       0x50 d:/env/env-windows/tools/gnu_gcc/arm_gcc/mingw/bin/../lib/gcc/arm-none-eabi/10.3.1/thumb/v7e-m+fp/hard\libgcc.a(_arm_fixdfsi.o)
                0x080012d8                __aeabi_d2iz
                0x080012d8                __fixdfsi
 *(.text*)
 .text.MX_ADC1_Init
                0x08001328       0x70 CMakeFiles/STM32F411CEU6.elf.dir/Core/Src/adc.c.obj
                0x08001328                MX_ADC1_Init
 .text.HAL_ADC_MspInit
                0x08001398       0xac CMakeFiles/STM32F411CEU6.elf.dir/Core/Src/adc.c.obj
                0x08001398                HAL_ADC_MspInit
 .text.MX_DMA_Init
                0x08001444       0xa8 CMakeFiles/STM32F411CEU6.elf.dir/Core/Src/dma.c.obj
                0x08001444                MX_DMA_Init
 .text.vApplicationGetIdleTaskMemory
                0x080014ec       0x18 CMakeFiles/STM32F411CEU6.elf.dir/Core/Src/freertos.c.obj
                0x080014ec                vApplicationGetIdleTaskMemory
 .text.MX_FREERTOS_Init
                0x08001504       0x84 CMakeFiles/STM32F411CEU6.elf.dir/Core/Src/freertos.c.obj
                0x08001504                MX_FREERTOS_Init
 .text.MX_GPIO_Init
                0x08001588       0xa4 CMakeFiles/STM32F411CEU6.elf.dir/Core/Src/gpio.c.obj
                0x08001588                MX_GPIO_Init
 .text.MX_I2C1_Init
                0x0800162c       0x3c CMakeFiles/STM32F411CEU6.elf.dir/Core/Src/i2c.c.obj
                0x0800162c                MX_I2C1_Init
 .text.MX_I2C2_Init
                0x08001668       0x3c CMakeFiles/STM32F411CEU6.elf.dir/Core/Src/i2c.c.obj
                0x08001668                MX_I2C2_Init
 .text.MX_I2C3_Init
                0x080016a4       0x3c CMakeFiles/STM32F411CEU6.elf.dir/Core/Src/i2c.c.obj
                0x080016a4                MX_I2C3_Init
 .text.HAL_I2C_MspInit
                0x080016e0      0x17c CMakeFiles/STM32F411CEU6.elf.dir/Core/Src/i2c.c.obj
                0x080016e0                HAL_I2C_MspInit
 .text.HAL_TIM_PeriodElapsedCallback
                0x0800185c       0x18 CMakeFiles/STM32F411CEU6.elf.dir/Core/Src/main.c.obj
                0x0800185c                HAL_TIM_PeriodElapsedCallback
 .text.Error_Handler
                0x08001874        0x4 CMakeFiles/STM32F411CEU6.elf.dir/Core/Src/main.c.obj
                0x08001874                Error_Handler
 .text.SystemClock_Config
                0x08001878       0xa4 CMakeFiles/STM32F411CEU6.elf.dir/Core/Src/main.c.obj
                0x08001878                SystemClock_Config
 .text.main     0x0800191c       0x58 CMakeFiles/STM32F411CEU6.elf.dir/Core/Src/main.c.obj
                0x0800191c                main
 .text.HAL_MspInit
                0x08001974       0x44 CMakeFiles/STM32F411CEU6.elf.dir/Core/Src/stm32f4xx_hal_msp.c.obj
                0x08001974                HAL_MspInit
 .text.HAL_InitTick
                0x080019b8       0x98 CMakeFiles/STM32F411CEU6.elf.dir/Core/Src/stm32f4xx_hal_timebase_tim.c.obj
                0x080019b8                HAL_InitTick
 .text.NMI_Handler
                0x08001a50        0x2 CMakeFiles/STM32F411CEU6.elf.dir/Core/Src/stm32f4xx_it.c.obj
                0x08001a50                NMI_Handler
 .text.HardFault_Handler
                0x08001a52        0x2 CMakeFiles/STM32F411CEU6.elf.dir/Core/Src/stm32f4xx_it.c.obj
                0x08001a52                HardFault_Handler
 .text.MemManage_Handler
                0x08001a54        0x2 CMakeFiles/STM32F411CEU6.elf.dir/Core/Src/stm32f4xx_it.c.obj
                0x08001a54                MemManage_Handler
 .text.BusFault_Handler
                0x08001a56        0x2 CMakeFiles/STM32F411CEU6.elf.dir/Core/Src/stm32f4xx_it.c.obj
                0x08001a56                BusFault_Handler
 .text.UsageFault_Handler
                0x08001a58        0x2 CMakeFiles/STM32F411CEU6.elf.dir/Core/Src/stm32f4xx_it.c.obj
                0x08001a58                UsageFault_Handler
 .text.DebugMon_Handler
                0x08001a5a        0x2 CMakeFiles/STM32F411CEU6.elf.dir/Core/Src/stm32f4xx_it.c.obj
                0x08001a5a                DebugMon_Handler
 .text.DMA1_Stream5_IRQHandler
                0x08001a5c       0x10 CMakeFiles/STM32F411CEU6.elf.dir/Core/Src/stm32f4xx_it.c.obj
                0x08001a5c                DMA1_Stream5_IRQHandler
 .text.DMA1_Stream6_IRQHandler
                0x08001a6c       0x10 CMakeFiles/STM32F411CEU6.elf.dir/Core/Src/stm32f4xx_it.c.obj
                0x08001a6c                DMA1_Stream6_IRQHandler
 .text.TIM1_UP_TIM10_IRQHandler
                0x08001a7c       0x10 CMakeFiles/STM32F411CEU6.elf.dir/Core/Src/stm32f4xx_it.c.obj
                0x08001a7c                TIM1_UP_TIM10_IRQHandler
 .text.USART1_IRQHandler
                0x08001a8c       0x10 CMakeFiles/STM32F411CEU6.elf.dir/Core/Src/stm32f4xx_it.c.obj
                0x08001a8c                USART1_IRQHandler
 .text.USART2_IRQHandler
                0x08001a9c       0x10 CMakeFiles/STM32F411CEU6.elf.dir/Core/Src/stm32f4xx_it.c.obj
                0x08001a9c                USART2_IRQHandler
 .text.DMA2_Stream0_IRQHandler
                0x08001aac       0x10 CMakeFiles/STM32F411CEU6.elf.dir/Core/Src/stm32f4xx_it.c.obj
                0x08001aac                DMA2_Stream0_IRQHandler
 .text.DMA2_Stream1_IRQHandler
                0x08001abc       0x10 CMakeFiles/STM32F411CEU6.elf.dir/Core/Src/stm32f4xx_it.c.obj
                0x08001abc                DMA2_Stream1_IRQHandler
 .text.DMA2_Stream2_IRQHandler
                0x08001acc       0x10 CMakeFiles/STM32F411CEU6.elf.dir/Core/Src/stm32f4xx_it.c.obj
                0x08001acc                DMA2_Stream2_IRQHandler
 .text.DMA2_Stream6_IRQHandler
                0x08001adc       0x10 CMakeFiles/STM32F411CEU6.elf.dir/Core/Src/stm32f4xx_it.c.obj
                0x08001adc                DMA2_Stream6_IRQHandler
 .text.DMA2_Stream7_IRQHandler
                0x08001aec       0x10 CMakeFiles/STM32F411CEU6.elf.dir/Core/Src/stm32f4xx_it.c.obj
                0x08001aec                DMA2_Stream7_IRQHandler
 .text.USART6_IRQHandler
                0x08001afc       0x10 CMakeFiles/STM32F411CEU6.elf.dir/Core/Src/stm32f4xx_it.c.obj
                0x08001afc                USART6_IRQHandler
 .text._getpid  0x08001b0c        0x4 CMakeFiles/STM32F411CEU6.elf.dir/Core/Src/syscalls.c.obj
                0x08001b0c                _getpid
 .text._kill    0x08001b10       0x10 CMakeFiles/STM32F411CEU6.elf.dir/Core/Src/syscalls.c.obj
                0x08001b10                _kill
 .text._exit    0x08001b20        0xc CMakeFiles/STM32F411CEU6.elf.dir/Core/Src/syscalls.c.obj
                0x08001b20                _exit
 .text._read    0x08001b2c       0x20 CMakeFiles/STM32F411CEU6.elf.dir/Core/Src/syscalls.c.obj
                0x08001b2c                _read
 .text._write   0x08001b4c       0x1c CMakeFiles/STM32F411CEU6.elf.dir/Core/Src/syscalls.c.obj
                0x08001b4c                _write
 .text._close   0x08001b68        0x6 CMakeFiles/STM32F411CEU6.elf.dir/Core/Src/syscalls.c.obj
                0x08001b68                _close
 .text._fstat   0x08001b6e        0xa CMakeFiles/STM32F411CEU6.elf.dir/Core/Src/syscalls.c.obj
                0x08001b6e                _fstat
 .text._isatty  0x08001b78        0x4 CMakeFiles/STM32F411CEU6.elf.dir/Core/Src/syscalls.c.obj
                0x08001b78                _isatty
 .text._lseek   0x08001b7c        0x4 CMakeFiles/STM32F411CEU6.elf.dir/Core/Src/syscalls.c.obj
                0x08001b7c                _lseek
 .text._sbrk    0x08001b80       0x48 CMakeFiles/STM32F411CEU6.elf.dir/Core/Src/sysmem.c.obj
                0x08001b80                _sbrk
 .text.SystemInit
                0x08001bc8       0x14 CMakeFiles/STM32F411CEU6.elf.dir/Core/Src/system_stm32f4xx.c.obj
                0x08001bc8                SystemInit
 .text.MX_TIM2_Init
                0x08001bdc       0x6c CMakeFiles/STM32F411CEU6.elf.dir/Core/Src/tim.c.obj
                0x08001bdc                MX_TIM2_Init
 .text.HAL_TIM_Base_MspInit
                0x08001c48       0x2c CMakeFiles/STM32F411CEU6.elf.dir/Core/Src/tim.c.obj
                0x08001c48                HAL_TIM_Base_MspInit
 .text.HAL_TIM_PWM_MspInit
                0x08001c74       0x54 CMakeFiles/STM32F411CEU6.elf.dir/Core/Src/tim.c.obj
                0x08001c74                HAL_TIM_PWM_MspInit
 .text.HAL_TIM_MspPostInit
                0x08001cc8       0x8c CMakeFiles/STM32F411CEU6.elf.dir/Core/Src/tim.c.obj
                0x08001cc8                HAL_TIM_MspPostInit
 .text.MX_TIM3_Init
                0x08001d54       0x80 CMakeFiles/STM32F411CEU6.elf.dir/Core/Src/tim.c.obj
                0x08001d54                MX_TIM3_Init
 .text.MX_TIM5_Init
                0x08001dd4       0x84 CMakeFiles/STM32F411CEU6.elf.dir/Core/Src/tim.c.obj
                0x08001dd4                MX_TIM5_Init
 .text.MX_USART1_UART_Init
                0x08001e58       0x38 CMakeFiles/STM32F411CEU6.elf.dir/Core/Src/usart.c.obj
                0x08001e58                MX_USART1_UART_Init
 .text.MX_USART2_UART_Init
                0x08001e90       0x34 CMakeFiles/STM32F411CEU6.elf.dir/Core/Src/usart.c.obj
                0x08001e90                MX_USART2_UART_Init
 .text.MX_USART6_UART_Init
                0x08001ec4       0x34 CMakeFiles/STM32F411CEU6.elf.dir/Core/Src/usart.c.obj
                0x08001ec4                MX_USART6_UART_Init
 .text.HAL_UART_MspInit
                0x08001ef8      0x2c8 CMakeFiles/STM32F411CEU6.elf.dir/Core/Src/usart.c.obj
                0x08001ef8                HAL_UART_MspInit
 .text.Reset_Handler
                0x080021c0       0x50 CMakeFiles/STM32F411CEU6.elf.dir/Core/Startup/startup_stm32f411ceux.s.obj
                0x080021c0                Reset_Handler
 .text.Default_Handler
                0x08002210        0x2 CMakeFiles/STM32F411CEU6.elf.dir/Core/Startup/startup_stm32f411ceux.s.obj
                0x08002210                RTC_Alarm_IRQHandler
                0x08002210                EXTI2_IRQHandler
                0x08002210                SPI4_IRQHandler
                0x08002210                TIM1_CC_IRQHandler
                0x08002210                DMA2_Stream5_IRQHandler
                0x08002210                PVD_IRQHandler
                0x08002210                SDIO_IRQHandler
                0x08002210                TAMP_STAMP_IRQHandler
                0x08002210                EXTI3_IRQHandler
                0x08002210                I2C3_ER_IRQHandler
                0x08002210                EXTI0_IRQHandler
                0x08002210                I2C2_EV_IRQHandler
                0x08002210                DMA1_Stream2_IRQHandler
                0x08002210                FPU_IRQHandler
                0x08002210                SPI1_IRQHandler
                0x08002210                TIM1_BRK_TIM9_IRQHandler
                0x08002210                DMA2_Stream3_IRQHandler
                0x08002210                TIM4_IRQHandler
                0x08002210                I2C1_EV_IRQHandler
                0x08002210                DMA1_Stream1_IRQHandler
                0x08002210                TIM3_IRQHandler
                0x08002210                RCC_IRQHandler
                0x08002210                Default_Handler
                0x08002210                EXTI15_10_IRQHandler
                0x08002210                ADC_IRQHandler
                0x08002210                DMA1_Stream7_IRQHandler
                0x08002210                SPI5_IRQHandler
                0x08002210                TIM5_IRQHandler
                0x08002210                I2C3_EV_IRQHandler
                0x08002210                EXTI9_5_IRQHandler
                0x08002210                RTC_WKUP_IRQHandler
                0x08002210                SPI2_IRQHandler
                0x08002210                DMA1_Stream0_IRQHandler
                0x08002210                EXTI4_IRQHandler
                0x08002210                WWDG_IRQHandler
                0x08002210                TIM2_IRQHandler
                0x08002210                OTG_FS_WKUP_IRQHandler
                0x08002210                TIM1_TRG_COM_TIM11_IRQHandler
                0x08002210                EXTI1_IRQHandler
                0x08002210                I2C2_ER_IRQHandler
                0x08002210                FLASH_IRQHandler
                0x08002210                DMA2_Stream4_IRQHandler
                0x08002210                OTG_FS_IRQHandler
                0x08002210                SPI3_IRQHandler
                0x08002210                DMA1_Stream4_IRQHandler
                0x08002210                I2C1_ER_IRQHandler
                0x08002210                DMA1_Stream3_IRQHandler
 *fill*         0x08002212        0x2 
 .text.HAL_Init
                0x08002214       0x34 CMakeFiles/STM32F411CEU6.elf.dir/Drivers/STM32F4xx_HAL_Driver/Src/stm32f4xx_hal.c.obj
                0x08002214                HAL_Init
 .text.HAL_IncTick
                0x08002248       0x18 CMakeFiles/STM32F411CEU6.elf.dir/Drivers/STM32F4xx_HAL_Driver/Src/stm32f4xx_hal.c.obj
                0x08002248                HAL_IncTick
 .text.HAL_GetTick
                0x08002260        0xc CMakeFiles/STM32F411CEU6.elf.dir/Drivers/STM32F4xx_HAL_Driver/Src/stm32f4xx_hal.c.obj
                0x08002260                HAL_GetTick
 .text.HAL_Delay
                0x0800226c       0x28 CMakeFiles/STM32F411CEU6.elf.dir/Drivers/STM32F4xx_HAL_Driver/Src/stm32f4xx_hal.c.obj
                0x0800226c                HAL_Delay
 .text.ADC_Init
                0x08002294      0x134 CMakeFiles/STM32F411CEU6.elf.dir/Drivers/STM32F4xx_HAL_Driver/Src/stm32f4xx_hal_adc.c.obj
 .text.HAL_ADC_Init
                0x080023c8       0x56 CMakeFiles/STM32F411CEU6.elf.dir/Drivers/STM32F4xx_HAL_Driver/Src/stm32f4xx_hal_adc.c.obj
                0x080023c8                HAL_ADC_Init
 *fill*         0x0800241e        0x2 
 .text.HAL_ADC_ConfigChannel
                0x08002420      0x1ac CMakeFiles/STM32F411CEU6.elf.dir/Drivers/STM32F4xx_HAL_Driver/Src/stm32f4xx_hal_adc.c.obj
                0x08002420                HAL_ADC_ConfigChannel
 .text.HAL_NVIC_SetPriorityGrouping
                0x080025cc       0x24 CMakeFiles/STM32F411CEU6.elf.dir/Drivers/STM32F4xx_HAL_Driver/Src/stm32f4xx_hal_cortex.c.obj
                0x080025cc                HAL_NVIC_SetPriorityGrouping
 .text.HAL_NVIC_SetPriority
                0x080025f0       0x70 CMakeFiles/STM32F411CEU6.elf.dir/Drivers/STM32F4xx_HAL_Driver/Src/stm32f4xx_hal_cortex.c.obj
                0x080025f0                HAL_NVIC_SetPriority
 .text.HAL_NVIC_EnableIRQ
                0x08002660       0x1c CMakeFiles/STM32F411CEU6.elf.dir/Drivers/STM32F4xx_HAL_Driver/Src/stm32f4xx_hal_cortex.c.obj
                0x08002660                HAL_NVIC_EnableIRQ
 .text.DMA_SetConfig
                0x0800267c       0x2c CMakeFiles/STM32F411CEU6.elf.dir/Drivers/STM32F4xx_HAL_Driver/Src/stm32f4xx_hal_dma.c.obj
 .text.DMA_CalcBaseAndBitshift
                0x080026a8       0x44 CMakeFiles/STM32F411CEU6.elf.dir/Drivers/STM32F4xx_HAL_Driver/Src/stm32f4xx_hal_dma.c.obj
 .text.DMA_CheckFifoParam
                0x080026ec       0x8e CMakeFiles/STM32F411CEU6.elf.dir/Drivers/STM32F4xx_HAL_Driver/Src/stm32f4xx_hal_dma.c.obj
 *fill*         0x0800277a        0x2 
 .text.HAL_DMA_Init
                0x0800277c       0xcc CMakeFiles/STM32F411CEU6.elf.dir/Drivers/STM32F4xx_HAL_Driver/Src/stm32f4xx_hal_dma.c.obj
                0x0800277c                HAL_DMA_Init
 .text.HAL_DMA_Start_IT
                0x08002848       0x6a CMakeFiles/STM32F411CEU6.elf.dir/Drivers/STM32F4xx_HAL_Driver/Src/stm32f4xx_hal_dma.c.obj
                0x08002848                HAL_DMA_Start_IT
 .text.HAL_DMA_Abort
                0x080028b2       0x94 CMakeFiles/STM32F411CEU6.elf.dir/Drivers/STM32F4xx_HAL_Driver/Src/stm32f4xx_hal_dma.c.obj
                0x080028b2                HAL_DMA_Abort
 .text.HAL_DMA_Abort_IT
                0x08002946       0x26 CMakeFiles/STM32F411CEU6.elf.dir/Drivers/STM32F4xx_HAL_Driver/Src/stm32f4xx_hal_dma.c.obj
                0x08002946                HAL_DMA_Abort_IT
 .text.HAL_DMA_IRQHandler
                0x0800296c      0x1dc CMakeFiles/STM32F411CEU6.elf.dir/Drivers/STM32F4xx_HAL_Driver/Src/stm32f4xx_hal_dma.c.obj
                0x0800296c                HAL_DMA_IRQHandler
 .text.HAL_GPIO_Init
                0x08002b48      0x1c0 CMakeFiles/STM32F411CEU6.elf.dir/Drivers/STM32F4xx_HAL_Driver/Src/stm32f4xx_hal_gpio.c.obj
                0x08002b48                HAL_GPIO_Init
 .text.HAL_GPIO_WritePin
                0x08002d08        0xc CMakeFiles/STM32F411CEU6.elf.dir/Drivers/STM32F4xx_HAL_Driver/Src/stm32f4xx_hal_gpio.c.obj
                0x08002d08                HAL_GPIO_WritePin
 .text.I2C_IsAcknowledgeFailed
                0x08002d14       0x32 CMakeFiles/STM32F411CEU6.elf.dir/Drivers/STM32F4xx_HAL_Driver/Src/stm32f4xx_hal_i2c.c.obj
 .text.I2C_WaitOnFlagUntilTimeout
                0x08002d46       0xaa CMakeFiles/STM32F411CEU6.elf.dir/Drivers/STM32F4xx_HAL_Driver/Src/stm32f4xx_hal_i2c.c.obj
 .text.I2C_WaitOnMasterAddressFlagUntilTimeout
                0x08002df0       0xd6 CMakeFiles/STM32F411CEU6.elf.dir/Drivers/STM32F4xx_HAL_Driver/Src/stm32f4xx_hal_i2c.c.obj
 .text.I2C_WaitOnTXEFlagUntilTimeout
                0x08002ec6       0x5e CMakeFiles/STM32F411CEU6.elf.dir/Drivers/STM32F4xx_HAL_Driver/Src/stm32f4xx_hal_i2c.c.obj
 .text.I2C_RequestMemoryWrite
                0x08002f24       0xd8 CMakeFiles/STM32F411CEU6.elf.dir/Drivers/STM32F4xx_HAL_Driver/Src/stm32f4xx_hal_i2c.c.obj
 .text.I2C_RequestMemoryRead
                0x08002ffc      0x154 CMakeFiles/STM32F411CEU6.elf.dir/Drivers/STM32F4xx_HAL_Driver/Src/stm32f4xx_hal_i2c.c.obj
 .text.I2C_WaitOnBTFFlagUntilTimeout
                0x08003150       0x5e CMakeFiles/STM32F411CEU6.elf.dir/Drivers/STM32F4xx_HAL_Driver/Src/stm32f4xx_hal_i2c.c.obj
 .text.I2C_WaitOnRXNEFlagUntilTimeout
                0x080031ae       0x78 CMakeFiles/STM32F411CEU6.elf.dir/Drivers/STM32F4xx_HAL_Driver/Src/stm32f4xx_hal_i2c.c.obj
 *fill*         0x08003226        0x2 
 .text.HAL_I2C_Init
                0x08003228      0x1bc CMakeFiles/STM32F411CEU6.elf.dir/Drivers/STM32F4xx_HAL_Driver/Src/stm32f4xx_hal_i2c.c.obj
                0x08003228                HAL_I2C_Init
 .text.HAL_I2C_Mem_Write
                0x080033e4      0x164 CMakeFiles/STM32F411CEU6.elf.dir/Drivers/STM32F4xx_HAL_Driver/Src/stm32f4xx_hal_i2c.c.obj
                0x080033e4                HAL_I2C_Mem_Write
 .text.HAL_I2C_Mem_Read
                0x08003548      0x2f8 CMakeFiles/STM32F411CEU6.elf.dir/Drivers/STM32F4xx_HAL_Driver/Src/stm32f4xx_hal_i2c.c.obj
                0x08003548                HAL_I2C_Mem_Read
 .text.HAL_RCC_OscConfig
                0x08003840      0x3f8 CMakeFiles/STM32F411CEU6.elf.dir/Drivers/STM32F4xx_HAL_Driver/Src/stm32f4xx_hal_rcc.c.obj
                0x08003840                HAL_RCC_OscConfig
 .text.HAL_RCC_GetSysClockFreq
                0x08003c38       0xa4 CMakeFiles/STM32F411CEU6.elf.dir/Drivers/STM32F4xx_HAL_Driver/Src/stm32f4xx_hal_rcc.c.obj
                0x08003c38                HAL_RCC_GetSysClockFreq
 .text.HAL_RCC_ClockConfig
                0x08003cdc      0x160 CMakeFiles/STM32F411CEU6.elf.dir/Drivers/STM32F4xx_HAL_Driver/Src/stm32f4xx_hal_rcc.c.obj
                0x08003cdc                HAL_RCC_ClockConfig
 .text.HAL_RCC_GetHCLKFreq
                0x08003e3c        0xc CMakeFiles/STM32F411CEU6.elf.dir/Drivers/STM32F4xx_HAL_Driver/Src/stm32f4xx_hal_rcc.c.obj
                0x08003e3c                HAL_RCC_GetHCLKFreq
 .text.HAL_RCC_GetPCLK1Freq
                0x08003e48       0x20 CMakeFiles/STM32F411CEU6.elf.dir/Drivers/STM32F4xx_HAL_Driver/Src/stm32f4xx_hal_rcc.c.obj
                0x08003e48                HAL_RCC_GetPCLK1Freq
 .text.HAL_RCC_GetPCLK2Freq
                0x08003e68       0x20 CMakeFiles/STM32F411CEU6.elf.dir/Drivers/STM32F4xx_HAL_Driver/Src/stm32f4xx_hal_rcc.c.obj
                0x08003e68                HAL_RCC_GetPCLK2Freq
 .text.HAL_RCC_GetClockConfig
                0x08003e88       0x3c CMakeFiles/STM32F411CEU6.elf.dir/Drivers/STM32F4xx_HAL_Driver/Src/stm32f4xx_hal_rcc.c.obj
                0x08003e88                HAL_RCC_GetClockConfig
 .text.TIM_OC1_SetConfig
                0x08003ec4       0x5c CMakeFiles/STM32F411CEU6.elf.dir/Drivers/STM32F4xx_HAL_Driver/Src/stm32f4xx_hal_tim.c.obj
 .text.TIM_OC3_SetConfig
                0x08003f20       0x64 CMakeFiles/STM32F411CEU6.elf.dir/Drivers/STM32F4xx_HAL_Driver/Src/stm32f4xx_hal_tim.c.obj
 .text.TIM_OC4_SetConfig
                0x08003f84       0x48 CMakeFiles/STM32F411CEU6.elf.dir/Drivers/STM32F4xx_HAL_Driver/Src/stm32f4xx_hal_tim.c.obj
 .text.TIM_TI1_ConfigInputStage
                0x08003fcc       0x26 CMakeFiles/STM32F411CEU6.elf.dir/Drivers/STM32F4xx_HAL_Driver/Src/stm32f4xx_hal_tim.c.obj
 .text.TIM_TI2_ConfigInputStage
                0x08003ff2       0x28 CMakeFiles/STM32F411CEU6.elf.dir/Drivers/STM32F4xx_HAL_Driver/Src/stm32f4xx_hal_tim.c.obj
 .text.TIM_ITRx_SetConfig
                0x0800401a       0x10 CMakeFiles/STM32F411CEU6.elf.dir/Drivers/STM32F4xx_HAL_Driver/Src/stm32f4xx_hal_tim.c.obj
 *fill*         0x0800402a        0x2 
 .text.HAL_TIM_Base_Start
                0x0800402c       0x6c CMakeFiles/STM32F411CEU6.elf.dir/Drivers/STM32F4xx_HAL_Driver/Src/stm32f4xx_hal_tim.c.obj
                0x0800402c                HAL_TIM_Base_Start
 .text.HAL_TIM_Base_Start_IT
                0x08004098       0x78 CMakeFiles/STM32F411CEU6.elf.dir/Drivers/STM32F4xx_HAL_Driver/Src/stm32f4xx_hal_tim.c.obj
                0x08004098                HAL_TIM_Base_Start_IT
 .text.HAL_TIM_OC_DelayElapsedCallback
                0x08004110        0x2 CMakeFiles/STM32F411CEU6.elf.dir/Drivers/STM32F4xx_HAL_Driver/Src/stm32f4xx_hal_tim.c.obj
                0x08004110                HAL_TIM_OC_DelayElapsedCallback
 .text.HAL_TIM_IC_CaptureCallback
                0x08004112        0x2 CMakeFiles/STM32F411CEU6.elf.dir/Drivers/STM32F4xx_HAL_Driver/Src/stm32f4xx_hal_tim.c.obj
                0x08004112                HAL_TIM_IC_CaptureCallback
 .text.HAL_TIM_PWM_PulseFinishedCallback
                0x08004114        0x2 CMakeFiles/STM32F411CEU6.elf.dir/Drivers/STM32F4xx_HAL_Driver/Src/stm32f4xx_hal_tim.c.obj
                0x08004114                HAL_TIM_PWM_PulseFinishedCallback
 .text.HAL_TIM_TriggerCallback
                0x08004116        0x2 CMakeFiles/STM32F411CEU6.elf.dir/Drivers/STM32F4xx_HAL_Driver/Src/stm32f4xx_hal_tim.c.obj
                0x08004116                HAL_TIM_TriggerCallback
 .text.HAL_TIM_IRQHandler
                0x08004118      0x15e CMakeFiles/STM32F411CEU6.elf.dir/Drivers/STM32F4xx_HAL_Driver/Src/stm32f4xx_hal_tim.c.obj
                0x08004118                HAL_TIM_IRQHandler
 *fill*         0x08004276        0x2 
 .text.TIM_Base_SetConfig
                0x08004278       0xa4 CMakeFiles/STM32F411CEU6.elf.dir/Drivers/STM32F4xx_HAL_Driver/Src/stm32f4xx_hal_tim.c.obj
                0x08004278                TIM_Base_SetConfig
 .text.HAL_TIM_Base_Init
                0x0800431c       0x58 CMakeFiles/STM32F411CEU6.elf.dir/Drivers/STM32F4xx_HAL_Driver/Src/stm32f4xx_hal_tim.c.obj
                0x0800431c                HAL_TIM_Base_Init
 .text.HAL_TIM_PWM_Init
                0x08004374       0x58 CMakeFiles/STM32F411CEU6.elf.dir/Drivers/STM32F4xx_HAL_Driver/Src/stm32f4xx_hal_tim.c.obj
                0x08004374                HAL_TIM_PWM_Init
 .text.TIM_OC2_SetConfig
                0x080043cc       0x64 CMakeFiles/STM32F411CEU6.elf.dir/Drivers/STM32F4xx_HAL_Driver/Src/stm32f4xx_hal_tim.c.obj
                0x080043cc                TIM_OC2_SetConfig
 .text.HAL_TIM_PWM_ConfigChannel
                0x08004430       0xdc CMakeFiles/STM32F411CEU6.elf.dir/Drivers/STM32F4xx_HAL_Driver/Src/stm32f4xx_hal_tim.c.obj
                0x08004430                HAL_TIM_PWM_ConfigChannel
 .text.TIM_ETR_SetConfig
                0x0800450c       0x1a CMakeFiles/STM32F411CEU6.elf.dir/Drivers/STM32F4xx_HAL_Driver/Src/stm32f4xx_hal_tim.c.obj
                0x0800450c                TIM_ETR_SetConfig
 .text.HAL_TIM_ConfigClockSource
                0x08004526       0xfe CMakeFiles/STM32F411CEU6.elf.dir/Drivers/STM32F4xx_HAL_Driver/Src/stm32f4xx_hal_tim.c.obj
                0x08004526                HAL_TIM_ConfigClockSource
 .text.HAL_TIMEx_MasterConfigSynchronization
                0x08004624       0x7c CMakeFiles/STM32F411CEU6.elf.dir/Drivers/STM32F4xx_HAL_Driver/Src/stm32f4xx_hal_tim_ex.c.obj
                0x08004624                HAL_TIMEx_MasterConfigSynchronization
 .text.HAL_TIMEx_CommutCallback
                0x080046a0        0x2 CMakeFiles/STM32F411CEU6.elf.dir/Drivers/STM32F4xx_HAL_Driver/Src/stm32f4xx_hal_tim_ex.c.obj
                0x080046a0                HAL_TIMEx_CommutCallback
 .text.HAL_TIMEx_BreakCallback
                0x080046a2        0x2 CMakeFiles/STM32F411CEU6.elf.dir/Drivers/STM32F4xx_HAL_Driver/Src/stm32f4xx_hal_tim_ex.c.obj
                0x080046a2                HAL_TIMEx_BreakCallback
 .text.UART_EndTxTransfer
                0x080046a4       0x20 CMakeFiles/STM32F411CEU6.elf.dir/Drivers/STM32F4xx_HAL_Driver/Src/stm32f4xx_hal_uart.c.obj
 .text.UART_EndRxTransfer
                0x080046c4       0x5c CMakeFiles/STM32F411CEU6.elf.dir/Drivers/STM32F4xx_HAL_Driver/Src/stm32f4xx_hal_uart.c.obj
 .text.UART_Transmit_IT
                0x08004720       0x60 CMakeFiles/STM32F411CEU6.elf.dir/Drivers/STM32F4xx_HAL_Driver/Src/stm32f4xx_hal_uart.c.obj
 .text.UART_SetConfig
                0x08004780      0x110 CMakeFiles/STM32F411CEU6.elf.dir/Drivers/STM32F4xx_HAL_Driver/Src/stm32f4xx_hal_uart.c.obj
 .text.HAL_UART_Init
                0x08004890       0x60 CMakeFiles/STM32F411CEU6.elf.dir/Drivers/STM32F4xx_HAL_Driver/Src/stm32f4xx_hal_uart.c.obj
                0x08004890                HAL_UART_Init
 .text.HAL_UART_Transmit_DMA
                0x080048f0       0x90 CMakeFiles/STM32F411CEU6.elf.dir/Drivers/STM32F4xx_HAL_Driver/Src/stm32f4xx_hal_uart.c.obj
                0x080048f0                HAL_UART_Transmit_DMA
 .text.UART_DMATransmitCplt
                0x08004980       0x4c CMakeFiles/STM32F411CEU6.elf.dir/Drivers/STM32F4xx_HAL_Driver/Src/stm32f4xx_hal_uart.c.obj
 .text.UART_EndTransmit_IT
                0x080049cc       0x1a CMakeFiles/STM32F411CEU6.elf.dir/Drivers/STM32F4xx_HAL_Driver/Src/stm32f4xx_hal_uart.c.obj
 .text.HAL_UART_TxHalfCpltCallback
                0x080049e6        0x2 CMakeFiles/STM32F411CEU6.elf.dir/Drivers/STM32F4xx_HAL_Driver/Src/stm32f4xx_hal_uart.c.obj
                0x080049e6                HAL_UART_TxHalfCpltCallback
 .text.UART_DMATxHalfCplt
                0x080049e8        0xa CMakeFiles/STM32F411CEU6.elf.dir/Drivers/STM32F4xx_HAL_Driver/Src/stm32f4xx_hal_uart.c.obj
 .text.HAL_UART_RxCpltCallback
                0x080049f2        0x2 CMakeFiles/STM32F411CEU6.elf.dir/Drivers/STM32F4xx_HAL_Driver/Src/stm32f4xx_hal_uart.c.obj
                0x080049f2                HAL_UART_RxCpltCallback
 .text.HAL_UART_RxHalfCpltCallback
                0x080049f4        0x2 CMakeFiles/STM32F411CEU6.elf.dir/Drivers/STM32F4xx_HAL_Driver/Src/stm32f4xx_hal_uart.c.obj
                0x080049f4                HAL_UART_RxHalfCpltCallback
 .text.HAL_UART_ErrorCallback
                0x080049f6        0x2 CMakeFiles/STM32F411CEU6.elf.dir/Drivers/STM32F4xx_HAL_Driver/Src/stm32f4xx_hal_uart.c.obj
                0x080049f6                HAL_UART_ErrorCallback
 .text.UART_DMAError
                0x080049f8       0x58 CMakeFiles/STM32F411CEU6.elf.dir/Drivers/STM32F4xx_HAL_Driver/Src/stm32f4xx_hal_uart.c.obj
 .text.UART_DMAAbortOnError
                0x08004a50        0xe CMakeFiles/STM32F411CEU6.elf.dir/Drivers/STM32F4xx_HAL_Driver/Src/stm32f4xx_hal_uart.c.obj
 .text.UART_Receive_IT
                0x08004a5e       0xe6 CMakeFiles/STM32F411CEU6.elf.dir/Drivers/STM32F4xx_HAL_Driver/Src/stm32f4xx_hal_uart.c.obj
 .text.HAL_UART_IRQHandler
                0x08004b44      0x2a4 CMakeFiles/STM32F411CEU6.elf.dir/Drivers/STM32F4xx_HAL_Driver/Src/stm32f4xx_hal_uart.c.obj
                0x08004b44                HAL_UART_IRQHandler
 .text.UART_DMARxHalfCplt
                0x08004de8       0x1e CMakeFiles/STM32F411CEU6.elf.dir/Drivers/STM32F4xx_HAL_Driver/Src/stm32f4xx_hal_uart.c.obj
 .text.UART_DMAReceiveCplt
                0x08004e06       0x9a CMakeFiles/STM32F411CEU6.elf.dir/Drivers/STM32F4xx_HAL_Driver/Src/stm32f4xx_hal_uart.c.obj
 .text.UART_Start_Receive_DMA
                0x08004ea0       0xb8 CMakeFiles/STM32F411CEU6.elf.dir/Drivers/STM32F4xx_HAL_Driver/Src/stm32f4xx_hal_uart.c.obj
                0x08004ea0                UART_Start_Receive_DMA
 .text.HAL_UARTEx_ReceiveToIdle_DMA
                0x08004f58       0x62 CMakeFiles/STM32F411CEU6.elf.dir/Drivers/STM32F4xx_HAL_Driver/Src/stm32f4xx_hal_uart.c.obj
                0x08004f58                HAL_UARTEx_ReceiveToIdle_DMA
 .text.makeFreeRtosPriority
                0x08004fba        0xc CMakeFiles/STM32F411CEU6.elf.dir/Middlewares/Third_Party/FreeRTOS/Source/CMSIS_RTOS/cmsis_os.c.obj
 .text.osKernelStart
                0x08004fc6        0xa CMakeFiles/STM32F411CEU6.elf.dir/Middlewares/Third_Party/FreeRTOS/Source/CMSIS_RTOS/cmsis_os.c.obj
                0x08004fc6                osKernelStart
 .text.osThreadCreate
                0x08004fd0       0x6a CMakeFiles/STM32F411CEU6.elf.dir/Middlewares/Third_Party/FreeRTOS/Source/CMSIS_RTOS/cmsis_os.c.obj
                0x08004fd0                osThreadCreate
 .text.vListInitialise
                0x0800503a       0x16 CMakeFiles/STM32F411CEU6.elf.dir/Middlewares/Third_Party/FreeRTOS/Source/list.c.obj
                0x0800503a                vListInitialise
 .text.vListInitialiseItem
                0x08005050        0x6 CMakeFiles/STM32F411CEU6.elf.dir/Middlewares/Third_Party/FreeRTOS/Source/list.c.obj
                0x08005050                vListInitialiseItem
 .text.vListInsertEnd
                0x08005056       0x16 CMakeFiles/STM32F411CEU6.elf.dir/Middlewares/Third_Party/FreeRTOS/Source/list.c.obj
                0x08005056                vListInsertEnd
 .text.vListInsert
                0x0800506c       0x32 CMakeFiles/STM32F411CEU6.elf.dir/Middlewares/Third_Party/FreeRTOS/Source/list.c.obj
                0x0800506c                vListInsert
 .text.uxListRemove
                0x0800509e       0x26 CMakeFiles/STM32F411CEU6.elf.dir/Middlewares/Third_Party/FreeRTOS/Source/list.c.obj
                0x0800509e                uxListRemove
 .text.prvTaskExitError
                0x080050c4       0x40 CMakeFiles/STM32F411CEU6.elf.dir/Middlewares/Third_Party/FreeRTOS/Source/portable/GCC/ARM_CM4F/port.c.obj
 .text.prvPortStartFirstTask
                0x08005104       0x28 CMakeFiles/STM32F411CEU6.elf.dir/Middlewares/Third_Party/FreeRTOS/Source/portable/GCC/ARM_CM4F/port.c.obj
 .text.vPortEnableVFP
                0x0800512c       0x14 CMakeFiles/STM32F411CEU6.elf.dir/Middlewares/Third_Party/FreeRTOS/Source/portable/GCC/ARM_CM4F/port.c.obj
 .text.pxPortInitialiseStack
                0x08005140       0x2c CMakeFiles/STM32F411CEU6.elf.dir/Middlewares/Third_Party/FreeRTOS/Source/portable/GCC/ARM_CM4F/port.c.obj
                0x08005140                pxPortInitialiseStack
 *fill*         0x0800516c        0x4 
 .text.SVC_Handler
                0x08005170       0x24 CMakeFiles/STM32F411CEU6.elf.dir/Middlewares/Third_Party/FreeRTOS/Source/portable/GCC/ARM_CM4F/port.c.obj
                0x08005170                SVC_Handler
 .text.vPortEnterCritical
                0x08005194       0x44 CMakeFiles/STM32F411CEU6.elf.dir/Middlewares/Third_Party/FreeRTOS/Source/portable/GCC/ARM_CM4F/port.c.obj
                0x08005194                vPortEnterCritical
 .text.vPortExitCritical
                0x080051d8       0x2c CMakeFiles/STM32F411CEU6.elf.dir/Middlewares/Third_Party/FreeRTOS/Source/portable/GCC/ARM_CM4F/port.c.obj
                0x080051d8                vPortExitCritical
 *fill*         0x08005204        0xc 
 .text.PendSV_Handler
                0x08005210       0x64 CMakeFiles/STM32F411CEU6.elf.dir/Middlewares/Third_Party/FreeRTOS/Source/portable/GCC/ARM_CM4F/port.c.obj
                0x08005210                PendSV_Handler
 .text.SysTick_Handler
                0x08005274       0x2c CMakeFiles/STM32F411CEU6.elf.dir/Middlewares/Third_Party/FreeRTOS/Source/portable/GCC/ARM_CM4F/port.c.obj
                0x08005274                SysTick_Handler
 .text.vPortSetupTimerInterrupt
                0x080052a0       0x28 CMakeFiles/STM32F411CEU6.elf.dir/Middlewares/Third_Party/FreeRTOS/Source/portable/GCC/ARM_CM4F/port.c.obj
                0x080052a0                vPortSetupTimerInterrupt
 .text.xPortStartScheduler
                0x080052c8      0x118 CMakeFiles/STM32F411CEU6.elf.dir/Middlewares/Third_Party/FreeRTOS/Source/portable/GCC/ARM_CM4F/port.c.obj
                0x080052c8                xPortStartScheduler
 .text.vPortValidateInterruptPriority
                0x080053e0       0x5c CMakeFiles/STM32F411CEU6.elf.dir/Middlewares/Third_Party/FreeRTOS/Source/portable/GCC/ARM_CM4F/port.c.obj
                0x080053e0                vPortValidateInterruptPriority
 .text.prvHeapInit
                0x0800543c       0x68 CMakeFiles/STM32F411CEU6.elf.dir/Middlewares/Third_Party/FreeRTOS/Source/portable/MemMang/heap_4.c.obj
 .text.prvInsertBlockIntoFreeList
                0x080054a4       0x64 CMakeFiles/STM32F411CEU6.elf.dir/Middlewares/Third_Party/FreeRTOS/Source/portable/MemMang/heap_4.c.obj
 .text.pvPortMalloc
                0x08005508       0xfc CMakeFiles/STM32F411CEU6.elf.dir/Middlewares/Third_Party/FreeRTOS/Source/portable/MemMang/heap_4.c.obj
                0x08005508                pvPortMalloc
 .text.vPortFree
                0x08005604       0x7c CMakeFiles/STM32F411CEU6.elf.dir/Middlewares/Third_Party/FreeRTOS/Source/portable/MemMang/heap_4.c.obj
                0x08005604                vPortFree
 .text.prvGetDisinheritPriorityAfterTimeout
                0x08005680       0x10 CMakeFiles/STM32F411CEU6.elf.dir/Middlewares/Third_Party/FreeRTOS/Source/queue.c.obj
 .text.prvIsQueueFull
                0x08005690       0x1e CMakeFiles/STM32F411CEU6.elf.dir/Middlewares/Third_Party/FreeRTOS/Source/queue.c.obj
 .text.prvIsQueueEmpty
                0x080056ae       0x1a CMakeFiles/STM32F411CEU6.elf.dir/Middlewares/Third_Party/FreeRTOS/Source/queue.c.obj
 .text.prvCopyDataToQueue
                0x080056c8       0x76 CMakeFiles/STM32F411CEU6.elf.dir/Middlewares/Third_Party/FreeRTOS/Source/queue.c.obj
 .text.prvNotifyQueueSetContainer
                0x0800573e       0x7c CMakeFiles/STM32F411CEU6.elf.dir/Middlewares/Third_Party/FreeRTOS/Source/queue.c.obj
 .text.prvCopyDataFromQueue
                0x080057ba       0x24 CMakeFiles/STM32F411CEU6.elf.dir/Middlewares/Third_Party/FreeRTOS/Source/queue.c.obj
 .text.prvUnlockQueue
                0x080057de       0x82 CMakeFiles/STM32F411CEU6.elf.dir/Middlewares/Third_Party/FreeRTOS/Source/queue.c.obj
 .text.xQueueGenericReset
                0x08005860       0x84 CMakeFiles/STM32F411CEU6.elf.dir/Middlewares/Third_Party/FreeRTOS/Source/queue.c.obj
                0x08005860                xQueueGenericReset
 .text.prvInitialiseNewQueue
                0x080058e4       0x20 CMakeFiles/STM32F411CEU6.elf.dir/Middlewares/Third_Party/FreeRTOS/Source/queue.c.obj
 .text.xQueueGenericCreate
                0x08005904       0x48 CMakeFiles/STM32F411CEU6.elf.dir/Middlewares/Third_Party/FreeRTOS/Source/queue.c.obj
                0x08005904                xQueueGenericCreate
 .text.xQueueGenericSend
                0x0800594c      0x1b4 CMakeFiles/STM32F411CEU6.elf.dir/Middlewares/Third_Party/FreeRTOS/Source/queue.c.obj
                0x0800594c                xQueueGenericSend
 .text.xQueueGiveFromISR
                0x08005b00       0xce CMakeFiles/STM32F411CEU6.elf.dir/Middlewares/Third_Party/FreeRTOS/Source/queue.c.obj
                0x08005b00                xQueueGiveFromISR
 .text.xQueueReceive
                0x08005bce      0x15e CMakeFiles/STM32F411CEU6.elf.dir/Middlewares/Third_Party/FreeRTOS/Source/queue.c.obj
                0x08005bce                xQueueReceive
 .text.xQueueSemaphoreTake
                0x08005d2c      0x1a6 CMakeFiles/STM32F411CEU6.elf.dir/Middlewares/Third_Party/FreeRTOS/Source/queue.c.obj
                0x08005d2c                xQueueSemaphoreTake
 .text.xQueueCreateSet
                0x08005ed2        0xc CMakeFiles/STM32F411CEU6.elf.dir/Middlewares/Third_Party/FreeRTOS/Source/queue.c.obj
                0x08005ed2                xQueueCreateSet
 .text.xQueueAddToSet
                0x08005ede       0x26 CMakeFiles/STM32F411CEU6.elf.dir/Middlewares/Third_Party/FreeRTOS/Source/queue.c.obj
                0x08005ede                xQueueAddToSet
 .text.xQueueSelectFromSet
                0x08005f04       0x18 CMakeFiles/STM32F411CEU6.elf.dir/Middlewares/Third_Party/FreeRTOS/Source/queue.c.obj
                0x08005f04                xQueueSelectFromSet
 .text.prvResetNextTaskUnblockTime
                0x08005f1c       0x2c CMakeFiles/STM32F411CEU6.elf.dir/Middlewares/Third_Party/FreeRTOS/Source/tasks.c.obj
 .text.prvInitialiseNewTask
                0x08005f48       0xa2 CMakeFiles/STM32F411CEU6.elf.dir/Middlewares/Third_Party/FreeRTOS/Source/tasks.c.obj
 *fill*         0x08005fea        0x2 
 .text.prvInitialiseTaskLists
                0x08005fec       0x68 CMakeFiles/STM32F411CEU6.elf.dir/Middlewares/Third_Party/FreeRTOS/Source/tasks.c.obj
 .text.prvAddNewTaskToReadyList
                0x08006054       0xa8 CMakeFiles/STM32F411CEU6.elf.dir/Middlewares/Third_Party/FreeRTOS/Source/tasks.c.obj
 .text.prvDeleteTCB
                0x080060fc       0x38 CMakeFiles/STM32F411CEU6.elf.dir/Middlewares/Third_Party/FreeRTOS/Source/tasks.c.obj
 .text.prvCheckTasksWaitingTermination
                0x08006134       0x4c CMakeFiles/STM32F411CEU6.elf.dir/Middlewares/Third_Party/FreeRTOS/Source/tasks.c.obj
 .text.prvIdleTask
                0x08006180       0x28 CMakeFiles/STM32F411CEU6.elf.dir/Middlewares/Third_Party/FreeRTOS/Source/tasks.c.obj
 .text.prvAddCurrentTaskToDelayedList
                0x080061a8       0x98 CMakeFiles/STM32F411CEU6.elf.dir/Middlewares/Third_Party/FreeRTOS/Source/tasks.c.obj
 .text.xTaskCreateStatic
                0x08006240       0x76 CMakeFiles/STM32F411CEU6.elf.dir/Middlewares/Third_Party/FreeRTOS/Source/tasks.c.obj
                0x08006240                xTaskCreateStatic
 .text.xTaskCreate
                0x080062b6       0x68 CMakeFiles/STM32F411CEU6.elf.dir/Middlewares/Third_Party/FreeRTOS/Source/tasks.c.obj
                0x080062b6                xTaskCreate
 *fill*         0x0800631e        0x2 
 .text.vTaskStartScheduler
                0x08006320       0x74 CMakeFiles/STM32F411CEU6.elf.dir/Middlewares/Third_Party/FreeRTOS/Source/tasks.c.obj
                0x08006320                vTaskStartScheduler
 .text.vTaskSuspendAll
                0x08006394       0x10 CMakeFiles/STM32F411CEU6.elf.dir/Middlewares/Third_Party/FreeRTOS/Source/tasks.c.obj
                0x08006394                vTaskSuspendAll
 .text.xTaskIncrementTick
                0x080063a4      0x118 CMakeFiles/STM32F411CEU6.elf.dir/Middlewares/Third_Party/FreeRTOS/Source/tasks.c.obj
                0x080063a4                xTaskIncrementTick
 .text.xTaskResumeAll
                0x080064bc       0xf8 CMakeFiles/STM32F411CEU6.elf.dir/Middlewares/Third_Party/FreeRTOS/Source/tasks.c.obj
                0x080064bc                xTaskResumeAll
 .text.vTaskDelay
                0x080065b4       0x4c CMakeFiles/STM32F411CEU6.elf.dir/Middlewares/Third_Party/FreeRTOS/Source/tasks.c.obj
                0x080065b4                vTaskDelay
 .text.vTaskSwitchContext
                0x08006600       0x98 CMakeFiles/STM32F411CEU6.elf.dir/Middlewares/Third_Party/FreeRTOS/Source/tasks.c.obj
                0x08006600                vTaskSwitchContext
 .text.vTaskPlaceOnEventList
                0x08006698       0x30 CMakeFiles/STM32F411CEU6.elf.dir/Middlewares/Third_Party/FreeRTOS/Source/tasks.c.obj
                0x08006698                vTaskPlaceOnEventList
 .text.xTaskRemoveFromEventList
                0x080066c8       0x8c CMakeFiles/STM32F411CEU6.elf.dir/Middlewares/Third_Party/FreeRTOS/Source/tasks.c.obj
                0x080066c8                xTaskRemoveFromEventList
 .text.vTaskInternalSetTimeOutState
                0x08006754       0x18 CMakeFiles/STM32F411CEU6.elf.dir/Middlewares/Third_Party/FreeRTOS/Source/tasks.c.obj
                0x08006754                vTaskInternalSetTimeOutState
 .text.xTaskCheckForTimeOut
                0x0800676c       0x84 CMakeFiles/STM32F411CEU6.elf.dir/Middlewares/Third_Party/FreeRTOS/Source/tasks.c.obj
                0x0800676c                xTaskCheckForTimeOut
 .text.vTaskMissedYield
                0x080067f0        0xc CMakeFiles/STM32F411CEU6.elf.dir/Middlewares/Third_Party/FreeRTOS/Source/tasks.c.obj
                0x080067f0                vTaskMissedYield
 .text.xTaskGetSchedulerState
                0x080067fc       0x20 CMakeFiles/STM32F411CEU6.elf.dir/Middlewares/Third_Party/FreeRTOS/Source/tasks.c.obj
                0x080067fc                xTaskGetSchedulerState
 .text.xTaskPriorityInherit
                0x0800681c       0xac CMakeFiles/STM32F411CEU6.elf.dir/Middlewares/Third_Party/FreeRTOS/Source/tasks.c.obj
                0x0800681c                xTaskPriorityInherit
 .text.xTaskPriorityDisinherit
                0x080068c8       0xb4 CMakeFiles/STM32F411CEU6.elf.dir/Middlewares/Third_Party/FreeRTOS/Source/tasks.c.obj
                0x080068c8                xTaskPriorityDisinherit
 .text.vTaskPriorityDisinheritAfterTimeout
                0x0800697c       0xb4 CMakeFiles/STM32F411CEU6.elf.dir/Middlewares/Third_Party/FreeRTOS/Source/tasks.c.obj
                0x0800697c                vTaskPriorityDisinheritAfterTimeout
 .text.pvTaskIncrementMutexHeldCount
                0x08006a30       0x1c CMakeFiles/STM32F411CEU6.elf.dir/Middlewares/Third_Party/FreeRTOS/Source/tasks.c.obj
                0x08006a30                pvTaskIncrementMutexHeldCount
 .text.get_CRC8_check_sum
                0x08006a4c       0x20 CMakeFiles/STM32F411CEU6.elf.dir/USER/Algorithm/Crc8_Crc16/crc8_crc16.c.obj
                0x08006a4c                get_CRC8_check_sum
 .text.append_CRC8_check_sum
                0x08006a6c       0x1a CMakeFiles/STM32F411CEU6.elf.dir/USER/Algorithm/Crc8_Crc16/crc8_crc16.c.obj
                0x08006a6c                append_CRC8_check_sum
 *fill*         0x08006a86        0x2 
 .text.get_CRC16_check_sum
                0x08006a88       0x38 CMakeFiles/STM32F411CEU6.elf.dir/USER/Algorithm/Crc8_Crc16/crc8_crc16.c.obj
                0x08006a88                get_CRC16_check_sum
 .text.append_CRC16_check_sum
                0x08006ac0       0x2c CMakeFiles/STM32F411CEU6.elf.dir/USER/Algorithm/Crc8_Crc16/crc8_crc16.c.obj
                0x08006ac0                append_CRC16_check_sum
 .text.dwt_cnt_update
                0x08006aec       0x50 CMakeFiles/STM32F411CEU6.elf.dir/USER/Module/Dwt/drv_dwt.c.obj
 .text.dwt_get_delta
                0x08006b3c       0x64 CMakeFiles/STM32F411CEU6.elf.dir/USER/Module/Dwt/drv_dwt.c.obj
                0x08006b3c                dwt_get_delta
 .text.dwt_systime_update
                0x08006ba0       0xe0 CMakeFiles/STM32F411CEU6.elf.dir/USER/Module/Dwt/drv_dwt.c.obj
                0x08006ba0                dwt_systime_update
 .text.dwt_init
                0x08006c80       0x70 CMakeFiles/STM32F411CEU6.elf.dir/USER/Module/Dwt/drv_dwt.c.obj
                0x08006c80                dwt_init
 .text.dwt_get_time_ms
                0x08006cf0       0x3c CMakeFiles/STM32F411CEU6.elf.dir/USER/Module/Dwt/drv_dwt.c.obj
                0x08006cf0                dwt_get_time_ms
 .text.get_raw_angle_5
                0x08006d2c       0x40 CMakeFiles/STM32F411CEU6.elf.dir/USER/Module/IIC/Hardware_IIC/Hardware_i2c1.c.obj
                0x08006d2c                get_raw_angle_5
 .text.detect_magnet_5
                0x08006d6c       0x44 CMakeFiles/STM32F411CEU6.elf.dir/USER/Module/IIC/Hardware_IIC/Hardware_i2c1.c.obj
                0x08006d6c                detect_magnet_5
 .text.AS5600_Init_5
                0x08006db0       0x2c CMakeFiles/STM32F411CEU6.elf.dir/USER/Module/IIC/Hardware_IIC/Hardware_i2c1.c.obj
                0x08006db0                AS5600_Init_5
 .text.AS5600_Set_TempZeroByReg_5
                0x08006ddc       0x80 CMakeFiles/STM32F411CEU6.elf.dir/USER/Module/IIC/Hardware_IIC/Hardware_i2c1.c.obj
                0x08006ddc                AS5600_Set_TempZeroByReg_5
 .text.get_angle_5
                0x08006e5c       0x44 CMakeFiles/STM32F411CEU6.elf.dir/USER/Module/IIC/Hardware_IIC/Hardware_i2c1.c.obj
                0x08006e5c                get_angle_5
 .text.AS5600_Update_5
                0x08006ea0       0x94 CMakeFiles/STM32F411CEU6.elf.dir/USER/Module/IIC/Hardware_IIC/Hardware_i2c1.c.obj
                0x08006ea0                AS5600_Update_5
 .text.get_raw_angle_6
                0x08006f34       0x40 CMakeFiles/STM32F411CEU6.elf.dir/USER/Module/IIC/Hardware_IIC/Hardware_i2c1.c.obj
                0x08006f34                get_raw_angle_6
 .text.detect_magnet_6
                0x08006f74       0x44 CMakeFiles/STM32F411CEU6.elf.dir/USER/Module/IIC/Hardware_IIC/Hardware_i2c1.c.obj
                0x08006f74                detect_magnet_6
 .text.AS5600_Init_6
                0x08006fb8       0x2c CMakeFiles/STM32F411CEU6.elf.dir/USER/Module/IIC/Hardware_IIC/Hardware_i2c1.c.obj
                0x08006fb8                AS5600_Init_6
 .text.AS5600_Set_TempZeroByReg_6
                0x08006fe4       0x80 CMakeFiles/STM32F411CEU6.elf.dir/USER/Module/IIC/Hardware_IIC/Hardware_i2c1.c.obj
                0x08006fe4                AS5600_Set_TempZeroByReg_6
 .text.get_angle_6
                0x08007064       0x44 CMakeFiles/STM32F411CEU6.elf.dir/USER/Module/IIC/Hardware_IIC/Hardware_i2c1.c.obj
                0x08007064                get_angle_6
 .text.AS5600_Update_6
                0x080070a8       0x94 CMakeFiles/STM32F411CEU6.elf.dir/USER/Module/IIC/Hardware_IIC/Hardware_i2c1.c.obj
                0x080070a8                AS5600_Update_6
 .text.get_raw_angle_7
                0x0800713c       0x40 CMakeFiles/STM32F411CEU6.elf.dir/USER/Module/IIC/Hardware_IIC/Hardware_i2c1.c.obj
                0x0800713c                get_raw_angle_7
 .text.detect_magnet_7
                0x0800717c       0x44 CMakeFiles/STM32F411CEU6.elf.dir/USER/Module/IIC/Hardware_IIC/Hardware_i2c1.c.obj
                0x0800717c                detect_magnet_7
 .text.AS5600_Init_7
                0x080071c0       0x2c CMakeFiles/STM32F411CEU6.elf.dir/USER/Module/IIC/Hardware_IIC/Hardware_i2c1.c.obj
                0x080071c0                AS5600_Init_7
 .text.AS5600_Set_TempZeroByReg_7
                0x080071ec       0x80 CMakeFiles/STM32F411CEU6.elf.dir/USER/Module/IIC/Hardware_IIC/Hardware_i2c1.c.obj
                0x080071ec                AS5600_Set_TempZeroByReg_7
 .text.AS5600_Update_7
                0x0800726c       0x94 CMakeFiles/STM32F411CEU6.elf.dir/USER/Module/IIC/Hardware_IIC/Hardware_i2c1.c.obj
                0x0800726c                AS5600_Update_7
 .text.sendByte
                0x08007300       0x70 CMakeFiles/STM32F411CEU6.elf.dir/USER/Module/IIC/Virtual_IIC/iic1.c.obj
 .text.waitForAck
                0x08007370       0x4c CMakeFiles/STM32F411CEU6.elf.dir/USER/Module/IIC/Virtual_IIC/iic1.c.obj
 .text.ackNo    0x080073bc       0x40 CMakeFiles/STM32F411CEU6.elf.dir/USER/Module/IIC/Virtual_IIC/iic1.c.obj
 .text.ackYes   0x080073fc       0x44 CMakeFiles/STM32F411CEU6.elf.dir/USER/Module/IIC/Virtual_IIC/iic1.c.obj
 .text.readByte
                0x08007440       0x54 CMakeFiles/STM32F411CEU6.elf.dir/USER/Module/IIC/Virtual_IIC/iic1.c.obj
 .text.stop     0x08007494       0x3c CMakeFiles/STM32F411CEU6.elf.dir/USER/Module/IIC/Virtual_IIC/iic1.c.obj
 .text.isBusy   0x080074d0       0x44 CMakeFiles/STM32F411CEU6.elf.dir/USER/Module/IIC/Virtual_IIC/iic1.c.obj
 .text.start    0x08007514       0x48 CMakeFiles/STM32F411CEU6.elf.dir/USER/Module/IIC/Virtual_IIC/iic1.c.obj
 .text.IICSoft_ReadByte
                0x0800755c       0x68 CMakeFiles/STM32F411CEU6.elf.dir/USER/Module/IIC/Virtual_IIC/iic1.c.obj
 .text.IICSoft_ReadBueffer
                0x080075c4       0x7e CMakeFiles/STM32F411CEU6.elf.dir/USER/Module/IIC/Virtual_IIC/iic1.c.obj
 .text.IICSoft_WriteByte
                0x08007642       0x56 CMakeFiles/STM32F411CEU6.elf.dir/USER/Module/IIC/Virtual_IIC/iic1.c.obj
 .text.IICSoft_Init_1
                0x08007698       0x38 CMakeFiles/STM32F411CEU6.elf.dir/USER/Module/IIC/Virtual_IIC/iic1.c.obj
                0x08007698                IICSoft_Init_1
 .text.detect_magnet_1
                0x080076d0       0x30 CMakeFiles/STM32F411CEU6.elf.dir/USER/Module/IIC/Virtual_IIC/iic1.c.obj
                0x080076d0                detect_magnet_1
 .text.get_raw_angle_1
                0x08007700       0x28 CMakeFiles/STM32F411CEU6.elf.dir/USER/Module/IIC/Virtual_IIC/iic1.c.obj
                0x08007700                get_raw_angle_1
 .text.AS5600_Init_1
                0x08007728       0x30 CMakeFiles/STM32F411CEU6.elf.dir/USER/Module/IIC/Virtual_IIC/iic1.c.obj
                0x08007728                AS5600_Init_1
 .text.AS5600_Set_TempZeroByReg_1
                0x08007758       0x54 CMakeFiles/STM32F411CEU6.elf.dir/USER/Module/IIC/Virtual_IIC/iic1.c.obj
                0x08007758                AS5600_Set_TempZeroByReg_1
 .text.get_angle_1
                0x080077ac       0x2c CMakeFiles/STM32F411CEU6.elf.dir/USER/Module/IIC/Virtual_IIC/iic1.c.obj
                0x080077ac                get_angle_1
 .text.AS5600_Update_1
                0x080077d8       0x94 CMakeFiles/STM32F411CEU6.elf.dir/USER/Module/IIC/Virtual_IIC/iic1.c.obj
                0x080077d8                AS5600_Update_1
 .text.sendByte
                0x0800786c       0x70 CMakeFiles/STM32F411CEU6.elf.dir/USER/Module/IIC/Virtual_IIC/iic2.c.obj
 .text.waitForAck
                0x080078dc       0x4c CMakeFiles/STM32F411CEU6.elf.dir/USER/Module/IIC/Virtual_IIC/iic2.c.obj
 .text.ackNo    0x08007928       0x40 CMakeFiles/STM32F411CEU6.elf.dir/USER/Module/IIC/Virtual_IIC/iic2.c.obj
 .text.ackYes   0x08007968       0x44 CMakeFiles/STM32F411CEU6.elf.dir/USER/Module/IIC/Virtual_IIC/iic2.c.obj
 .text.readByte
                0x080079ac       0x54 CMakeFiles/STM32F411CEU6.elf.dir/USER/Module/IIC/Virtual_IIC/iic2.c.obj
 .text.stop     0x08007a00       0x3c CMakeFiles/STM32F411CEU6.elf.dir/USER/Module/IIC/Virtual_IIC/iic2.c.obj
 .text.isBusy   0x08007a3c       0x44 CMakeFiles/STM32F411CEU6.elf.dir/USER/Module/IIC/Virtual_IIC/iic2.c.obj
 .text.start    0x08007a80       0x48 CMakeFiles/STM32F411CEU6.elf.dir/USER/Module/IIC/Virtual_IIC/iic2.c.obj
 .text.IICSoft_ReadByte
                0x08007ac8       0x68 CMakeFiles/STM32F411CEU6.elf.dir/USER/Module/IIC/Virtual_IIC/iic2.c.obj
 .text.IICSoft_ReadBueffer
                0x08007b30       0x7e CMakeFiles/STM32F411CEU6.elf.dir/USER/Module/IIC/Virtual_IIC/iic2.c.obj
 .text.IICSoft_WriteByte
                0x08007bae       0x56 CMakeFiles/STM32F411CEU6.elf.dir/USER/Module/IIC/Virtual_IIC/iic2.c.obj
 .text.IICSoft_Init_2
                0x08007c04       0x38 CMakeFiles/STM32F411CEU6.elf.dir/USER/Module/IIC/Virtual_IIC/iic2.c.obj
                0x08007c04                IICSoft_Init_2
 .text.detect_magnet_2
                0x08007c3c       0x30 CMakeFiles/STM32F411CEU6.elf.dir/USER/Module/IIC/Virtual_IIC/iic2.c.obj
                0x08007c3c                detect_magnet_2
 .text.get_raw_angle_2
                0x08007c6c       0x28 CMakeFiles/STM32F411CEU6.elf.dir/USER/Module/IIC/Virtual_IIC/iic2.c.obj
                0x08007c6c                get_raw_angle_2
 .text.AS5600_Init_2
                0x08007c94       0x30 CMakeFiles/STM32F411CEU6.elf.dir/USER/Module/IIC/Virtual_IIC/iic2.c.obj
                0x08007c94                AS5600_Init_2
 .text.AS5600_Set_TempZeroByReg_2
                0x08007cc4       0x54 CMakeFiles/STM32F411CEU6.elf.dir/USER/Module/IIC/Virtual_IIC/iic2.c.obj
                0x08007cc4                AS5600_Set_TempZeroByReg_2
 .text.get_angle_2
                0x08007d18       0x2c CMakeFiles/STM32F411CEU6.elf.dir/USER/Module/IIC/Virtual_IIC/iic2.c.obj
                0x08007d18                get_angle_2
 .text.AS5600_Update_2
                0x08007d44       0x94 CMakeFiles/STM32F411CEU6.elf.dir/USER/Module/IIC/Virtual_IIC/iic2.c.obj
                0x08007d44                AS5600_Update_2
 .text.sendByte
                0x08007dd8       0x68 CMakeFiles/STM32F411CEU6.elf.dir/USER/Module/IIC/Virtual_IIC/iic3.c.obj
 .text.waitForAck
                0x08007e40       0x48 CMakeFiles/STM32F411CEU6.elf.dir/USER/Module/IIC/Virtual_IIC/iic3.c.obj
 .text.ackNo    0x08007e88       0x3c CMakeFiles/STM32F411CEU6.elf.dir/USER/Module/IIC/Virtual_IIC/iic3.c.obj
 .text.ackYes   0x08007ec4       0x40 CMakeFiles/STM32F411CEU6.elf.dir/USER/Module/IIC/Virtual_IIC/iic3.c.obj
 .text.readByte
                0x08007f04       0x54 CMakeFiles/STM32F411CEU6.elf.dir/USER/Module/IIC/Virtual_IIC/iic3.c.obj
 .text.stop     0x08007f58       0x38 CMakeFiles/STM32F411CEU6.elf.dir/USER/Module/IIC/Virtual_IIC/iic3.c.obj
 .text.isBusy   0x08007f90       0x44 CMakeFiles/STM32F411CEU6.elf.dir/USER/Module/IIC/Virtual_IIC/iic3.c.obj
 .text.start    0x08007fd4       0x44 CMakeFiles/STM32F411CEU6.elf.dir/USER/Module/IIC/Virtual_IIC/iic3.c.obj
 .text.IICSoft_ReadByte
                0x08008018       0x68 CMakeFiles/STM32F411CEU6.elf.dir/USER/Module/IIC/Virtual_IIC/iic3.c.obj
 .text.IICSoft_ReadBueffer
                0x08008080       0x7e CMakeFiles/STM32F411CEU6.elf.dir/USER/Module/IIC/Virtual_IIC/iic3.c.obj
 .text.IICSoft_WriteByte
                0x080080fe       0x56 CMakeFiles/STM32F411CEU6.elf.dir/USER/Module/IIC/Virtual_IIC/iic3.c.obj
 .text.IICSoft_Init_3
                0x08008154       0x30 CMakeFiles/STM32F411CEU6.elf.dir/USER/Module/IIC/Virtual_IIC/iic3.c.obj
                0x08008154                IICSoft_Init_3
 .text.detect_magnet_3
                0x08008184       0x30 CMakeFiles/STM32F411CEU6.elf.dir/USER/Module/IIC/Virtual_IIC/iic3.c.obj
                0x08008184                detect_magnet_3
 .text.get_raw_angle_3
                0x080081b4       0x28 CMakeFiles/STM32F411CEU6.elf.dir/USER/Module/IIC/Virtual_IIC/iic3.c.obj
                0x080081b4                get_raw_angle_3
 .text.AS5600_Init_3
                0x080081dc       0x30 CMakeFiles/STM32F411CEU6.elf.dir/USER/Module/IIC/Virtual_IIC/iic3.c.obj
                0x080081dc                AS5600_Init_3
 .text.AS5600_Set_TempZeroByReg_3
                0x0800820c       0x54 CMakeFiles/STM32F411CEU6.elf.dir/USER/Module/IIC/Virtual_IIC/iic3.c.obj
                0x0800820c                AS5600_Set_TempZeroByReg_3
 .text.get_angle_3
                0x08008260       0x2c CMakeFiles/STM32F411CEU6.elf.dir/USER/Module/IIC/Virtual_IIC/iic3.c.obj
                0x08008260                get_angle_3
 .text.AS5600_Update_3
                0x0800828c       0x94 CMakeFiles/STM32F411CEU6.elf.dir/USER/Module/IIC/Virtual_IIC/iic3.c.obj
                0x0800828c                AS5600_Update_3
 .text.sendByte
                0x08008320       0x70 CMakeFiles/STM32F411CEU6.elf.dir/USER/Module/IIC/Virtual_IIC/iic4.c.obj
 .text.waitForAck
                0x08008390       0x4c CMakeFiles/STM32F411CEU6.elf.dir/USER/Module/IIC/Virtual_IIC/iic4.c.obj
 .text.ackNo    0x080083dc       0x40 CMakeFiles/STM32F411CEU6.elf.dir/USER/Module/IIC/Virtual_IIC/iic4.c.obj
 .text.ackYes   0x0800841c       0x44 CMakeFiles/STM32F411CEU6.elf.dir/USER/Module/IIC/Virtual_IIC/iic4.c.obj
 .text.readByte
                0x08008460       0x54 CMakeFiles/STM32F411CEU6.elf.dir/USER/Module/IIC/Virtual_IIC/iic4.c.obj
 .text.stop     0x080084b4       0x3c CMakeFiles/STM32F411CEU6.elf.dir/USER/Module/IIC/Virtual_IIC/iic4.c.obj
 .text.isBusy   0x080084f0       0x44 CMakeFiles/STM32F411CEU6.elf.dir/USER/Module/IIC/Virtual_IIC/iic4.c.obj
 .text.start    0x08008534       0x48 CMakeFiles/STM32F411CEU6.elf.dir/USER/Module/IIC/Virtual_IIC/iic4.c.obj
 .text.IICSoft_ReadByte
                0x0800857c       0x68 CMakeFiles/STM32F411CEU6.elf.dir/USER/Module/IIC/Virtual_IIC/iic4.c.obj
 .text.IICSoft_ReadBueffer
                0x080085e4       0x7e CMakeFiles/STM32F411CEU6.elf.dir/USER/Module/IIC/Virtual_IIC/iic4.c.obj
 .text.IICSoft_WriteByte
                0x08008662       0x56 CMakeFiles/STM32F411CEU6.elf.dir/USER/Module/IIC/Virtual_IIC/iic4.c.obj
 .text.IICSoft_Init_4
                0x080086b8       0x38 CMakeFiles/STM32F411CEU6.elf.dir/USER/Module/IIC/Virtual_IIC/iic4.c.obj
                0x080086b8                IICSoft_Init_4
 .text.detect_magnet_4
                0x080086f0       0x30 CMakeFiles/STM32F411CEU6.elf.dir/USER/Module/IIC/Virtual_IIC/iic4.c.obj
                0x080086f0                detect_magnet_4
 .text.get_raw_angle_4
                0x08008720       0x28 CMakeFiles/STM32F411CEU6.elf.dir/USER/Module/IIC/Virtual_IIC/iic4.c.obj
                0x08008720                get_raw_angle_4
 .text.AS5600_Init_4
                0x08008748       0x30 CMakeFiles/STM32F411CEU6.elf.dir/USER/Module/IIC/Virtual_IIC/iic4.c.obj
                0x08008748                AS5600_Init_4
 .text.AS5600_Set_TempZeroByReg_4
                0x08008778       0x54 CMakeFiles/STM32F411CEU6.elf.dir/USER/Module/IIC/Virtual_IIC/iic4.c.obj
                0x08008778                AS5600_Set_TempZeroByReg_4
 .text.get_angle_4
                0x080087cc       0x2c CMakeFiles/STM32F411CEU6.elf.dir/USER/Module/IIC/Virtual_IIC/iic4.c.obj
                0x080087cc                get_angle_4
 .text.AS5600_Update_4
                0x080087f8       0x94 CMakeFiles/STM32F411CEU6.elf.dir/USER/Module/IIC/Virtual_IIC/iic4.c.obj
                0x080087f8                AS5600_Update_4
 .text.delayUs  0x0800888c       0x20 CMakeFiles/STM32F411CEU6.elf.dir/USER/Module/TIM_Delay/tim_delay.c.obj
                0x0800888c                delayUs
 .text.AlgorithmTask_Entry
                0x080088ac      0x1f8 CMakeFiles/STM32F411CEU6.elf.dir/USER/Task/Algorithm/algorithm_task.c.obj
                0x080088ac                AlgorithmTask_Entry
 .text.robot_init
                0x08008aa4       0x34 CMakeFiles/STM32F411CEU6.elf.dir/USER/Task/Robot_Config/robot.c.obj
                0x08008aa4                robot_init
 .text.usart_rx_semaphore_init
                0x08008ad8       0x48 CMakeFiles/STM32F411CEU6.elf.dir/USER/Task/USART/usart_task.c.obj
                0x08008ad8                usart_rx_semaphore_init
 .text.usart_tx_semaphore_init
                0x08008b20       0x20 CMakeFiles/STM32F411CEU6.elf.dir/USER/Task/USART/usart_task.c.obj
                0x08008b20                usart_tx_semaphore_init
 .text.UsartTask_Entry
                0x08008b40       0x68 CMakeFiles/STM32F411CEU6.elf.dir/USER/Task/USART/usart_task.c.obj
                0x08008b40                UsartTask_Entry
 .text.HAL_UARTEx_RxEventCallback
                0x08008ba8       0x58 CMakeFiles/STM32F411CEU6.elf.dir/USER/Task/USART/usart_task.c.obj
                0x08008ba8                HAL_UARTEx_RxEventCallback
 .text.HAL_UART_TxCpltCallback
                0x08008c00       0x74 CMakeFiles/STM32F411CEU6.elf.dir/USER/Task/USART/usart_task.c.obj
                0x08008c00                HAL_UART_TxCpltCallback
 .text.USART1_DebugPrintf
                0x08008c74       0x5c CMakeFiles/STM32F411CEU6.elf.dir/USER/Task/USART/usart_task.c.obj
                0x08008c74                USART1_DebugPrintf
 .text.PackData
                0x08008cd0       0x60 CMakeFiles/STM32F411CEU6.elf.dir/USER/Task/USART_Send/send_task.c.obj
                0x08008cd0                PackData
 .text.DMA_Send_Frame
                0x08008d30       0x44 CMakeFiles/STM32F411CEU6.elf.dir/USER/Task/USART_Send/send_task.c.obj
                0x08008d30                DMA_Send_Frame
 .text.SendTask_Entry
                0x08008d74      0x100 CMakeFiles/STM32F411CEU6.elf.dir/USER/Task/USART_Send/send_task.c.obj
                0x08008d74                SendTask_Entry
 .text.__errno  0x08008e74        0xc d:/env/env-windows/tools/gnu_gcc/arm_gcc/mingw/bin/../lib/gcc/arm-none-eabi/10.3.1/../../../../arm-none-eabi/lib/thumb/v7e-m+fp/hard\libg.a(lib_a-errno.o)
                0x08008e74                __errno
 .text.__libc_init_array
                0x08008e80       0x48 d:/env/env-windows/tools/gnu_gcc/arm_gcc/mingw/bin/../lib/gcc/arm-none-eabi/10.3.1/../../../../arm-none-eabi/lib/thumb/v7e-m+fp/hard\libg.a(lib_a-init.o)
                0x08008e80                __libc_init_array
 .text.memset   0x08008ec8       0xa4 d:/env/env-windows/tools/gnu_gcc/arm_gcc/mingw/bin/../lib/gcc/arm-none-eabi/10.3.1/../../../../arm-none-eabi/lib/thumb/v7e-m+fp/hard\libg.a(lib_a-memset.o)
                0x08008ec8                memset
 .text.vsnprintf
                0x08008f6c       0x70 d:/env/env-windows/tools/gnu_gcc/arm_gcc/mingw/bin/../lib/gcc/arm-none-eabi/10.3.1/../../../../arm-none-eabi/lib/thumb/v7e-m+fp/hard\libg.a(lib_a-vsnprintf.o)
                0x08008f6c                vsnprintf
 .text.startup.register_fini
                0x08008fdc       0x14 d:/env/env-windows/tools/gnu_gcc/arm_gcc/mingw/bin/../lib/gcc/arm-none-eabi/10.3.1/../../../../arm-none-eabi/lib/thumb/v7e-m+fp/hard\libg.a(lib_a-__call_atexit.o)
 .text.atexit   0x08008ff0        0xc d:/env/env-windows/tools/gnu_gcc/arm_gcc/mingw/bin/../lib/gcc/arm-none-eabi/10.3.1/../../../../arm-none-eabi/lib/thumb/v7e-m+fp/hard\libg.a(lib_a-atexit.o)
                0x08008ff0                atexit
 .text.__libc_fini_array
                0x08008ffc       0x2c d:/env/env-windows/tools/gnu_gcc/arm_gcc/mingw/bin/../lib/gcc/arm-none-eabi/10.3.1/../../../../arm-none-eabi/lib/thumb/v7e-m+fp/hard\libg.a(lib_a-fini.o)
                0x08008ffc                __libc_fini_array
 .text.__retarget_lock_init_recursive
                0x08009028        0x4 d:/env/env-windows/tools/gnu_gcc/arm_gcc/mingw/bin/../lib/gcc/arm-none-eabi/10.3.1/../../../../arm-none-eabi/lib/thumb/v7e-m+fp/hard\libg.a(lib_a-lock.o)
                0x08009028                __retarget_lock_init_recursive
 .text.__retarget_lock_close_recursive
                0x0800902c        0x4 d:/env/env-windows/tools/gnu_gcc/arm_gcc/mingw/bin/../lib/gcc/arm-none-eabi/10.3.1/../../../../arm-none-eabi/lib/thumb/v7e-m+fp/hard\libg.a(lib_a-lock.o)
                0x0800902c                __retarget_lock_close_recursive
 .text.__retarget_lock_acquire_recursive
                0x08009030        0x4 d:/env/env-windows/tools/gnu_gcc/arm_gcc/mingw/bin/../lib/gcc/arm-none-eabi/10.3.1/../../../../arm-none-eabi/lib/thumb/v7e-m+fp/hard\libg.a(lib_a-lock.o)
                0x08009030                __retarget_lock_acquire_recursive
 .text.__retarget_lock_release_recursive
                0x08009034        0x4 d:/env/env-windows/tools/gnu_gcc/arm_gcc/mingw/bin/../lib/gcc/arm-none-eabi/10.3.1/../../../../arm-none-eabi/lib/thumb/v7e-m+fp/hard\libg.a(lib_a-lock.o)
                0x08009034                __retarget_lock_release_recursive
 .text._svfprintf_r
                0x08009038     0x1acc d:/env/env-windows/tools/gnu_gcc/arm_gcc/mingw/bin/../lib/gcc/arm-none-eabi/10.3.1/../../../../arm-none-eabi/lib/thumb/v7e-m+fp/hard\libg.a(lib_a-svfprintf.o)
                0x08009038                _svfprintf_r
 .text.__register_exitproc
                0x0800ab04       0x8c d:/env/env-windows/tools/gnu_gcc/arm_gcc/mingw/bin/../lib/gcc/arm-none-eabi/10.3.1/../../../../arm-none-eabi/lib/thumb/v7e-m+fp/hard\libg.a(lib_a-__atexit.o)
                0x0800ab04                __register_exitproc
 .text.quorem   0x0800ab90      0x128 d:/env/env-windows/tools/gnu_gcc/arm_gcc/mingw/bin/../lib/gcc/arm-none-eabi/10.3.1/../../../../arm-none-eabi/lib/thumb/v7e-m+fp/hard\libg.a(lib_a-dtoa.o)
 .text._dtoa_r  0x0800acb8      0xf3c d:/env/env-windows/tools/gnu_gcc/arm_gcc/mingw/bin/../lib/gcc/arm-none-eabi/10.3.1/../../../../arm-none-eabi/lib/thumb/v7e-m+fp/hard\libg.a(lib_a-dtoa.o)
                0x0800acb8                _dtoa_r
 .text._malloc_trim_r
                0x0800bbf4       0xa0 d:/env/env-windows/tools/gnu_gcc/arm_gcc/mingw/bin/../lib/gcc/arm-none-eabi/10.3.1/../../../../arm-none-eabi/lib/thumb/v7e-m+fp/hard\libg.a(lib_a-freer.o)
                0x0800bbf4                _malloc_trim_r
 .text._free_r  0x0800bc94      0x20c d:/env/env-windows/tools/gnu_gcc/arm_gcc/mingw/bin/../lib/gcc/arm-none-eabi/10.3.1/../../../../arm-none-eabi/lib/thumb/v7e-m+fp/hard\libg.a(lib_a-freer.o)
                0x0800bc94                _free_r
 .text._localeconv_r
                0x0800bea0        0x8 d:/env/env-windows/tools/gnu_gcc/arm_gcc/mingw/bin/../lib/gcc/arm-none-eabi/10.3.1/../../../../arm-none-eabi/lib/thumb/v7e-m+fp/hard\libg.a(lib_a-localeconv.o)
                0x0800bea0                _localeconv_r
 .text._malloc_r
                0x0800bea8      0x560 d:/env/env-windows/tools/gnu_gcc/arm_gcc/mingw/bin/../lib/gcc/arm-none-eabi/10.3.1/../../../../arm-none-eabi/lib/thumb/v7e-m+fp/hard\libg.a(lib_a-mallocr.o)
                0x0800bea8                _malloc_r
 .text.__malloc_lock
                0x0800c408        0xc d:/env/env-windows/tools/gnu_gcc/arm_gcc/mingw/bin/../lib/gcc/arm-none-eabi/10.3.1/../../../../arm-none-eabi/lib/thumb/v7e-m+fp/hard\libg.a(lib_a-mlock.o)
                0x0800c408                __malloc_lock
 .text.__malloc_unlock
                0x0800c414        0xc d:/env/env-windows/tools/gnu_gcc/arm_gcc/mingw/bin/../lib/gcc/arm-none-eabi/10.3.1/../../../../arm-none-eabi/lib/thumb/v7e-m+fp/hard\libg.a(lib_a-mlock.o)
                0x0800c414                __malloc_unlock
 .text._Balloc  0x0800c420       0x4c d:/env/env-windows/tools/gnu_gcc/arm_gcc/mingw/bin/../lib/gcc/arm-none-eabi/10.3.1/../../../../arm-none-eabi/lib/thumb/v7e-m+fp/hard\libg.a(lib_a-mprec.o)
                0x0800c420                _Balloc
 .text._Bfree   0x0800c46c       0x14 d:/env/env-windows/tools/gnu_gcc/arm_gcc/mingw/bin/../lib/gcc/arm-none-eabi/10.3.1/../../../../arm-none-eabi/lib/thumb/v7e-m+fp/hard\libg.a(lib_a-mprec.o)
                0x0800c46c                _Bfree
 .text.__multadd
                0x0800c480       0xa8 d:/env/env-windows/tools/gnu_gcc/arm_gcc/mingw/bin/../lib/gcc/arm-none-eabi/10.3.1/../../../../arm-none-eabi/lib/thumb/v7e-m+fp/hard\libg.a(lib_a-mprec.o)
                0x0800c480                __multadd
 .text.__hi0bits
                0x0800c528       0x40 d:/env/env-windows/tools/gnu_gcc/arm_gcc/mingw/bin/../lib/gcc/arm-none-eabi/10.3.1/../../../../arm-none-eabi/lib/thumb/v7e-m+fp/hard\libg.a(lib_a-mprec.o)
                0x0800c528                __hi0bits
 .text.__lo0bits
                0x0800c568       0x60 d:/env/env-windows/tools/gnu_gcc/arm_gcc/mingw/bin/../lib/gcc/arm-none-eabi/10.3.1/../../../../arm-none-eabi/lib/thumb/v7e-m+fp/hard\libg.a(lib_a-mprec.o)
                0x0800c568                __lo0bits
 .text.__i2b    0x0800c5c8       0x5c d:/env/env-windows/tools/gnu_gcc/arm_gcc/mingw/bin/../lib/gcc/arm-none-eabi/10.3.1/../../../../arm-none-eabi/lib/thumb/v7e-m+fp/hard\libg.a(lib_a-mprec.o)
                0x0800c5c8                __i2b
 .text.__multiply
                0x0800c624      0x15c d:/env/env-windows/tools/gnu_gcc/arm_gcc/mingw/bin/../lib/gcc/arm-none-eabi/10.3.1/../../../../arm-none-eabi/lib/thumb/v7e-m+fp/hard\libg.a(lib_a-mprec.o)
                0x0800c624                __multiply
 .text.__pow5mult
                0x0800c780       0xc0 d:/env/env-windows/tools/gnu_gcc/arm_gcc/mingw/bin/../lib/gcc/arm-none-eabi/10.3.1/../../../../arm-none-eabi/lib/thumb/v7e-m+fp/hard\libg.a(lib_a-mprec.o)
                0x0800c780                __pow5mult
 .text.__lshift
                0x0800c840       0xf0 d:/env/env-windows/tools/gnu_gcc/arm_gcc/mingw/bin/../lib/gcc/arm-none-eabi/10.3.1/../../../../arm-none-eabi/lib/thumb/v7e-m+fp/hard\libg.a(lib_a-mprec.o)
                0x0800c840                __lshift
 .text.__mcmp   0x0800c930       0x44 d:/env/env-windows/tools/gnu_gcc/arm_gcc/mingw/bin/../lib/gcc/arm-none-eabi/10.3.1/../../../../arm-none-eabi/lib/thumb/v7e-m+fp/hard\libg.a(lib_a-mprec.o)
                0x0800c930                __mcmp
 .text.__mdiff  0x0800c974      0x14c d:/env/env-windows/tools/gnu_gcc/arm_gcc/mingw/bin/../lib/gcc/arm-none-eabi/10.3.1/../../../../arm-none-eabi/lib/thumb/v7e-m+fp/hard\libg.a(lib_a-mprec.o)
                0x0800c974                __mdiff
 .text.__d2b    0x0800cac0       0xd0 d:/env/env-windows/tools/gnu_gcc/arm_gcc/mingw/bin/../lib/gcc/arm-none-eabi/10.3.1/../../../../arm-none-eabi/lib/thumb/v7e-m+fp/hard\libg.a(lib_a-mprec.o)
                0x0800cac0                __d2b
 .text.frexp    0x0800cb90       0x6c d:/env/env-windows/tools/gnu_gcc/arm_gcc/mingw/bin/../lib/gcc/arm-none-eabi/10.3.1/../../../../arm-none-eabi/lib/thumb/v7e-m+fp/hard\libg.a(lib_a-s_frexp.o)
                0x0800cb90                frexp
 .text._sbrk_r  0x0800cbfc       0x24 d:/env/env-windows/tools/gnu_gcc/arm_gcc/mingw/bin/../lib/gcc/arm-none-eabi/10.3.1/../../../../arm-none-eabi/lib/thumb/v7e-m+fp/hard\libg.a(lib_a-sbrkr.o)
                0x0800cbfc                _sbrk_r
 .text.strncpy  0x0800cc20       0x64 d:/env/env-windows/tools/gnu_gcc/arm_gcc/mingw/bin/../lib/gcc/arm-none-eabi/10.3.1/../../../../arm-none-eabi/lib/thumb/v7e-m+fp/hard\libg.a(lib_a-strncpy.o)
                0x0800cc20                strncpy
 .text.__ssprint_r
                0x0800cc84       0xf8 d:/env/env-windows/tools/gnu_gcc/arm_gcc/mingw/bin/../lib/gcc/arm-none-eabi/10.3.1/../../../../arm-none-eabi/lib/thumb/v7e-m+fp/hard\libg.a(lib_a-svfiprintf.o)
                0x0800cc84                __ssprint_r
 .text.__assert_func
                0x0800cd7c       0x40 d:/env/env-windows/tools/gnu_gcc/arm_gcc/mingw/bin/../lib/gcc/arm-none-eabi/10.3.1/../../../../arm-none-eabi/lib/thumb/v7e-m+fp/hard\libg.a(lib_a-assert.o)
                0x0800cd7c                __assert_func
 .text._calloc_r
                0x0800cdbc       0x78 d:/env/env-windows/tools/gnu_gcc/arm_gcc/mingw/bin/../lib/gcc/arm-none-eabi/10.3.1/../../../../arm-none-eabi/lib/thumb/v7e-m+fp/hard\libg.a(lib_a-callocr.o)
                0x0800cdbc                _calloc_r
 .text.fiprintf
                0x0800ce34       0x28 d:/env/env-windows/tools/gnu_gcc/arm_gcc/mingw/bin/../lib/gcc/arm-none-eabi/10.3.1/../../../../arm-none-eabi/lib/thumb/v7e-m+fp/hard\libg.a(lib_a-fiprintf.o)
                0x0800ce34                fiprintf
 .text.__locale_mb_cur_max
                0x0800ce5c        0xc d:/env/env-windows/tools/gnu_gcc/arm_gcc/mingw/bin/../lib/gcc/arm-none-eabi/10.3.1/../../../../arm-none-eabi/lib/thumb/v7e-m+fp/hard\libg.a(lib_a-locale.o)
                0x0800ce5c                __locale_mb_cur_max
 .text.__ascii_mbtowc
                0x0800ce68       0x2c d:/env/env-windows/tools/gnu_gcc/arm_gcc/mingw/bin/../lib/gcc/arm-none-eabi/10.3.1/../../../../arm-none-eabi/lib/thumb/v7e-m+fp/hard\libg.a(lib_a-mbtowc_r.o)
                0x0800ce68                __ascii_mbtowc
 .text.memmove  0x0800ce94       0xf8 d:/env/env-windows/tools/gnu_gcc/arm_gcc/mingw/bin/../lib/gcc/arm-none-eabi/10.3.1/../../../../arm-none-eabi/lib/thumb/v7e-m+fp/hard\libg.a(lib_a-memmove.o)
                0x0800ce94                memmove
 .text._realloc_r
                0x0800cf8c      0x3d8 d:/env/env-windows/tools/gnu_gcc/arm_gcc/mingw/bin/../lib/gcc/arm-none-eabi/10.3.1/../../../../arm-none-eabi/lib/thumb/v7e-m+fp/hard\libg.a(lib_a-reallocr.o)
                0x0800cf8c                _realloc_r
 .text.__sprint_r.part.0
                0x0800d364       0x78 d:/env/env-windows/tools/gnu_gcc/arm_gcc/mingw/bin/../lib/gcc/arm-none-eabi/10.3.1/../../../../arm-none-eabi/lib/thumb/v7e-m+fp/hard\libg.a(lib_a-vfiprintf.o)
 .text._vfiprintf_r
                0x0800d3dc      0xdfc d:/env/env-windows/tools/gnu_gcc/arm_gcc/mingw/bin/../lib/gcc/arm-none-eabi/10.3.1/../../../../arm-none-eabi/lib/thumb/v7e-m+fp/hard\libg.a(lib_a-vfiprintf.o)
                0x0800d3dc                _vfiprintf_r
 .text.__sbprintf
                0x0800e1d8       0x80 d:/env/env-windows/tools/gnu_gcc/arm_gcc/mingw/bin/../lib/gcc/arm-none-eabi/10.3.1/../../../../arm-none-eabi/lib/thumb/v7e-m+fp/hard\libg.a(lib_a-vfiprintf.o)
 .text.__ascii_wctomb
                0x0800e258       0x1c d:/env/env-windows/tools/gnu_gcc/arm_gcc/mingw/bin/../lib/gcc/arm-none-eabi/10.3.1/../../../../arm-none-eabi/lib/thumb/v7e-m+fp/hard\libg.a(lib_a-wctomb_r.o)
                0x0800e258                __ascii_wctomb
 .text.__swsetup_r
                0x0800e274       0xd4 d:/env/env-windows/tools/gnu_gcc/arm_gcc/mingw/bin/../lib/gcc/arm-none-eabi/10.3.1/../../../../arm-none-eabi/lib/thumb/v7e-m+fp/hard\libg.a(lib_a-wsetup.o)
                0x0800e274                __swsetup_r
 .text.abort    0x0800e348       0x10 d:/env/env-windows/tools/gnu_gcc/arm_gcc/mingw/bin/../lib/gcc/arm-none-eabi/10.3.1/../../../../arm-none-eabi/lib/thumb/v7e-m+fp/hard\libg.a(lib_a-abort.o)
                0x0800e348                abort
 .text.__sflush_r
                0x0800e358      0x130 d:/env/env-windows/tools/gnu_gcc/arm_gcc/mingw/bin/../lib/gcc/arm-none-eabi/10.3.1/../../../../arm-none-eabi/lib/thumb/v7e-m+fp/hard\libg.a(lib_a-fflush.o)
                0x0800e358                __sflush_r
 .text._fflush_r
                0x0800e488       0x5c d:/env/env-windows/tools/gnu_gcc/arm_gcc/mingw/bin/../lib/gcc/arm-none-eabi/10.3.1/../../../../arm-none-eabi/lib/thumb/v7e-m+fp/hard\libg.a(lib_a-fflush.o)
                0x0800e488                _fflush_r
 .text._cleanup_r
                0x0800e4e4        0xc d:/env/env-windows/tools/gnu_gcc/arm_gcc/mingw/bin/../lib/gcc/arm-none-eabi/10.3.1/../../../../arm-none-eabi/lib/thumb/v7e-m+fp/hard\libg.a(lib_a-findfp.o)
                0x0800e4e4                _cleanup_r
 .text.__sinit  0x0800e4f0      0x10c d:/env/env-windows/tools/gnu_gcc/arm_gcc/mingw/bin/../lib/gcc/arm-none-eabi/10.3.1/../../../../arm-none-eabi/lib/thumb/v7e-m+fp/hard\libg.a(lib_a-findfp.o)
                0x0800e4f0                __sinit
 .text.__sfp_lock_acquire
                0x0800e5fc        0xc d:/env/env-windows/tools/gnu_gcc/arm_gcc/mingw/bin/../lib/gcc/arm-none-eabi/10.3.1/../../../../arm-none-eabi/lib/thumb/v7e-m+fp/hard\libg.a(lib_a-findfp.o)
                0x0800e5fc                __sfp_lock_acquire
 .text.__sfp_lock_release
                0x0800e608        0xc d:/env/env-windows/tools/gnu_gcc/arm_gcc/mingw/bin/../lib/gcc/arm-none-eabi/10.3.1/../../../../arm-none-eabi/lib/thumb/v7e-m+fp/hard\libg.a(lib_a-findfp.o)
                0x0800e608                __sfp_lock_release
 .text.__fputwc
                0x0800e614       0xa8 d:/env/env-windows/tools/gnu_gcc/arm_gcc/mingw/bin/../lib/gcc/arm-none-eabi/10.3.1/../../../../arm-none-eabi/lib/thumb/v7e-m+fp/hard\libg.a(lib_a-fputwc.o)
                0x0800e614                __fputwc
 .text._fputwc_r
                0x0800e6bc       0x68 d:/env/env-windows/tools/gnu_gcc/arm_gcc/mingw/bin/../lib/gcc/arm-none-eabi/10.3.1/../../../../arm-none-eabi/lib/thumb/v7e-m+fp/hard\libg.a(lib_a-fputwc.o)
                0x0800e6bc                _fputwc_r
 .text.__sfvwrite_r
                0x0800e724      0x2f0 d:/env/env-windows/tools/gnu_gcc/arm_gcc/mingw/bin/../lib/gcc/arm-none-eabi/10.3.1/../../../../arm-none-eabi/lib/thumb/v7e-m+fp/hard\libg.a(lib_a-fvwrite.o)
                0x0800e724                __sfvwrite_r
 .text._fwalk_reent
                0x0800ea14       0x48 d:/env/env-windows/tools/gnu_gcc/arm_gcc/mingw/bin/../lib/gcc/arm-none-eabi/10.3.1/../../../../arm-none-eabi/lib/thumb/v7e-m+fp/hard\libg.a(lib_a-fwalk.o)
                0x0800ea14                _fwalk_reent
 .text.__smakebuf_r
                0x0800ea5c       0xe0 d:/env/env-windows/tools/gnu_gcc/arm_gcc/mingw/bin/../lib/gcc/arm-none-eabi/10.3.1/../../../../arm-none-eabi/lib/thumb/v7e-m+fp/hard\libg.a(lib_a-makebuf.o)
                0x0800ea5c                __smakebuf_r
 .text.raise    0x0800eb3c       0x5c d:/env/env-windows/tools/gnu_gcc/arm_gcc/mingw/bin/../lib/gcc/arm-none-eabi/10.3.1/../../../../arm-none-eabi/lib/thumb/v7e-m+fp/hard\libg.a(lib_a-signal.o)
                0x0800eb3c                raise
 .text._kill_r  0x0800eb98       0x2c d:/env/env-windows/tools/gnu_gcc/arm_gcc/mingw/bin/../lib/gcc/arm-none-eabi/10.3.1/../../../../arm-none-eabi/lib/thumb/v7e-m+fp/hard\libg.a(lib_a-signalr.o)
                0x0800eb98                _kill_r
 .text._getpid_r
                0x0800ebc4        0x4 d:/env/env-windows/tools/gnu_gcc/arm_gcc/mingw/bin/../lib/gcc/arm-none-eabi/10.3.1/../../../../arm-none-eabi/lib/thumb/v7e-m+fp/hard\libg.a(lib_a-signalr.o)
                0x0800ebc4                _getpid_r
 .text.__sread  0x0800ebc8       0x24 d:/env/env-windows/tools/gnu_gcc/arm_gcc/mingw/bin/../lib/gcc/arm-none-eabi/10.3.1/../../../../arm-none-eabi/lib/thumb/v7e-m+fp/hard\libg.a(lib_a-stdio.o)
                0x0800ebc8                __sread
 .text.__swrite
                0x0800ebec       0x40 d:/env/env-windows/tools/gnu_gcc/arm_gcc/mingw/bin/../lib/gcc/arm-none-eabi/10.3.1/../../../../arm-none-eabi/lib/thumb/v7e-m+fp/hard\libg.a(lib_a-stdio.o)
                0x0800ebec                __swrite
 .text.__sseek  0x0800ec2c       0x20 d:/env/env-windows/tools/gnu_gcc/arm_gcc/mingw/bin/../lib/gcc/arm-none-eabi/10.3.1/../../../../arm-none-eabi/lib/thumb/v7e-m+fp/hard\libg.a(lib_a-stdio.o)
                0x0800ec2c                __sseek
 .text.__sclose
                0x0800ec4c        0x8 d:/env/env-windows/tools/gnu_gcc/arm_gcc/mingw/bin/../lib/gcc/arm-none-eabi/10.3.1/../../../../arm-none-eabi/lib/thumb/v7e-m+fp/hard\libg.a(lib_a-stdio.o)
                0x0800ec4c                __sclose
 .text.__swbuf_r
                0x0800ec54       0xb0 d:/env/env-windows/tools/gnu_gcc/arm_gcc/mingw/bin/../lib/gcc/arm-none-eabi/10.3.1/../../../../arm-none-eabi/lib/thumb/v7e-m+fp/hard\libg.a(lib_a-wbuf.o)
                0x0800ec54                __swbuf_r
 .text._wcrtomb_r
                0x0800ed04       0x3c d:/env/env-windows/tools/gnu_gcc/arm_gcc/mingw/bin/../lib/gcc/arm-none-eabi/10.3.1/../../../../arm-none-eabi/lib/thumb/v7e-m+fp/hard\libg.a(lib_a-wcrtomb.o)
                0x0800ed04                _wcrtomb_r
 .text._write_r
                0x0800ed40       0x2c d:/env/env-windows/tools/gnu_gcc/arm_gcc/mingw/bin/../lib/gcc/arm-none-eabi/10.3.1/../../../../arm-none-eabi/lib/thumb/v7e-m+fp/hard\libg.a(lib_a-writer.o)
                0x0800ed40                _write_r
 .text._close_r
                0x0800ed6c       0x24 d:/env/env-windows/tools/gnu_gcc/arm_gcc/mingw/bin/../lib/gcc/arm-none-eabi/10.3.1/../../../../arm-none-eabi/lib/thumb/v7e-m+fp/hard\libg.a(lib_a-closer.o)
                0x0800ed6c                _close_r
 .text._fclose_r
                0x0800ed90       0xcc d:/env/env-windows/tools/gnu_gcc/arm_gcc/mingw/bin/../lib/gcc/arm-none-eabi/10.3.1/../../../../arm-none-eabi/lib/thumb/v7e-m+fp/hard\libg.a(lib_a-fclose.o)
                0x0800ed90                _fclose_r
 .text._fstat_r
                0x0800ee5c       0x2c d:/env/env-windows/tools/gnu_gcc/arm_gcc/mingw/bin/../lib/gcc/arm-none-eabi/10.3.1/../../../../arm-none-eabi/lib/thumb/v7e-m+fp/hard\libg.a(lib_a-fstatr.o)
                0x0800ee5c                _fstat_r
 .text._isatty_r
                0x0800ee88       0x24 d:/env/env-windows/tools/gnu_gcc/arm_gcc/mingw/bin/../lib/gcc/arm-none-eabi/10.3.1/../../../../arm-none-eabi/lib/thumb/v7e-m+fp/hard\libg.a(lib_a-isattyr.o)
                0x0800ee88                _isatty_r
 .text._lseek_r
                0x0800eeac       0x2c d:/env/env-windows/tools/gnu_gcc/arm_gcc/mingw/bin/../lib/gcc/arm-none-eabi/10.3.1/../../../../arm-none-eabi/lib/thumb/v7e-m+fp/hard\libg.a(lib_a-lseekr.o)
                0x0800eeac                _lseek_r
 .text._read_r  0x0800eed8       0x2c d:/env/env-windows/tools/gnu_gcc/arm_gcc/mingw/bin/../lib/gcc/arm-none-eabi/10.3.1/../../../../arm-none-eabi/lib/thumb/v7e-m+fp/hard\libg.a(lib_a-readr.o)
                0x0800eed8                _read_r
 *(.glue_7)
 .glue_7        0x0800ef04        0x0 linker stubs
 *(.glue_7t)
 .glue_7t       0x0800ef04        0x0 linker stubs
 *(.eh_frame)
 .eh_frame      0x0800ef04        0x0 d:/env/env-windows/tools/gnu_gcc/arm_gcc/mingw/bin/../lib/gcc/arm-none-eabi/10.3.1/thumb/v7e-m+fp/hard/crtbegin.o
 *(.init)
 .init          0x0800ef04        0x4 d:/env/env-windows/tools/gnu_gcc/arm_gcc/mingw/bin/../lib/gcc/arm-none-eabi/10.3.1/thumb/v7e-m+fp/hard/crti.o
                0x0800ef04                _init
 .init          0x0800ef08        0x8 d:/env/env-windows/tools/gnu_gcc/arm_gcc/mingw/bin/../lib/gcc/arm-none-eabi/10.3.1/thumb/v7e-m+fp/hard/crtn.o
 *(.fini)
 .fini          0x0800ef10        0x4 d:/env/env-windows/tools/gnu_gcc/arm_gcc/mingw/bin/../lib/gcc/arm-none-eabi/10.3.1/thumb/v7e-m+fp/hard/crti.o
                0x0800ef10                _fini
 .fini          0x0800ef14        0x8 d:/env/env-windows/tools/gnu_gcc/arm_gcc/mingw/bin/../lib/gcc/arm-none-eabi/10.3.1/thumb/v7e-m+fp/hard/crtn.o
                0x0800ef1c                . = ALIGN (0x4)
                0x0800ef1c                _etext = .

.vfp11_veneer   0x0800ef1c        0x0
 .vfp11_veneer  0x0800ef1c        0x0 linker stubs

.v4_bx          0x0800ef1c        0x0
 .v4_bx         0x0800ef1c        0x0 linker stubs

.iplt           0x0800ef1c        0x0
 .iplt          0x0800ef1c        0x0 d:/env/env-windows/tools/gnu_gcc/arm_gcc/mingw/bin/../lib/gcc/arm-none-eabi/10.3.1/thumb/v7e-m+fp/hard/crtbegin.o

.rodata         0x0800ef20      0x868
                0x0800ef20                . = ALIGN (0x4)
 *(.rodata)
 .rodata        0x0800ef20       0x54 CMakeFiles/STM32F411CEU6.elf.dir/Core/Src/freertos.c.obj
 *(.rodata*)
 .rodata.str1.4
                0x0800ef74       0x25 CMakeFiles/STM32F411CEU6.elf.dir/Core/Src/freertos.c.obj
 *fill*         0x0800ef99        0x3 
 .rodata.AHBPrescTable
                0x0800ef9c       0x10 CMakeFiles/STM32F411CEU6.elf.dir/Core/Src/system_stm32f4xx.c.obj
                0x0800ef9c                AHBPrescTable
 .rodata.APBPrescTable